Archive member included to satisfy reference by file (symbol)

c:/prusa-firmware/.dependencies/avr-gcc-7.3.0/bin/../lib/gcc/avr/7.3.0/../../../../avr/lib/avr6\libprintf_flt.a(vfprintf_flt.o)
                              (vfprintf)
libavr_core.a(wiring_digital.c.obj)
                              build_gen/MK3-E3DREVO/CMakeFiles/MK3-E3DREVO_lang_base.dir/__/__/Firmware/Marlin_main.cpp.obj (symbol from plugin) (pinMode)
libavr_core.a(hooks.c.obj)    build_gen/MK3-E3DREVO/CMakeFiles/MK3-E3DREVO_lang_base.dir/__/__/Firmware/timer02.c.obj (symbol from plugin) (yield)
libavr_core.a(wiring.c.obj)   build_gen/MK3-E3DREVO/CMakeFiles/MK3-E3DREVO_lang_base.dir/__/__/Firmware/lcd.cpp.obj (symbol from plugin) (delayMicroseconds)
libavr_core.a(wiring_analog.c.obj)
                              build_gen/MK3-E3DREVO/CMakeFiles/MK3-E3DREVO_lang_base.dir/__/__/Firmware/backlight.cpp.obj (symbol from plugin) (analogWrite)
libavr_core.a(main.cpp.obj)   c:/prusa-firmware/.dependencies/avr-gcc-7.3.0/bin/../lib/gcc/avr/7.3.0/../../../../avr/lib/avr6/crtatmega2560.o (main)
c:/prusa-firmware/.dependencies/avr-gcc-7.3.0/bin/../lib/gcc/avr/7.3.0/avr6\libgcc.a(_exit.o)
                              c:/prusa-firmware/.dependencies/avr-gcc-7.3.0/bin/../lib/gcc/avr/7.3.0/../../../../avr/lib/avr6/crtatmega2560.o (exit)
c:/prusa-firmware/.dependencies/avr-gcc-7.3.0/bin/../lib/gcc/avr/7.3.0/../../../../avr/lib/avr6\libm.a(floatsisf.o)
                              build_gen/MK3-E3DREVO/CMakeFiles/MK3-E3DREVO_lang_base.dir/__/__/Firmware/strtod.c.obj (symbol from plugin) (__floatunsisf)
c:/prusa-firmware/.dependencies/avr-gcc-7.3.0/bin/../lib/gcc/avr/7.3.0/../../../../avr/lib/avr6\libm.a(square.o)
                              build_gen/MK3-E3DREVO/CMakeFiles/MK3-E3DREVO_lang_base.dir/__/__/Firmware/planner.cpp.obj (symbol from plugin) (square)
c:/prusa-firmware/.dependencies/avr-gcc-7.3.0/bin/../lib/gcc/avr/7.3.0/../../../../avr/lib/avr6\libm.a(mulsf3.o)
                              c:/prusa-firmware/.dependencies/avr-gcc-7.3.0/bin/../lib/gcc/avr/7.3.0/../../../../avr/lib/avr6\libm.a(square.o) (__mulsf3)
c:/prusa-firmware/.dependencies/avr-gcc-7.3.0/bin/../lib/gcc/avr/7.3.0/../../../../avr/lib/avr6\libm.a(mulsf3x.o)
                              c:/prusa-firmware/.dependencies/avr-gcc-7.3.0/bin/../lib/gcc/avr/7.3.0/../../../../avr/lib/avr6\libm.a(mulsf3.o) (__mulsf3x)
c:/prusa-firmware/.dependencies/avr-gcc-7.3.0/bin/../lib/gcc/avr/7.3.0/../../../../avr/lib/avr6\libm.a(fp_inf.o)
                              c:/prusa-firmware/.dependencies/avr-gcc-7.3.0/bin/../lib/gcc/avr/7.3.0/../../../../avr/lib/avr6\libm.a(mulsf3x.o) (__fp_inf)
c:/prusa-firmware/.dependencies/avr-gcc-7.3.0/bin/../lib/gcc/avr/7.3.0/../../../../avr/lib/avr6\libm.a(fp_nan.o)
                              c:/prusa-firmware/.dependencies/avr-gcc-7.3.0/bin/../lib/gcc/avr/7.3.0/../../../../avr/lib/avr6\libm.a(mulsf3x.o) (__fp_nan)
c:/prusa-firmware/.dependencies/avr-gcc-7.3.0/bin/../lib/gcc/avr/7.3.0/../../../../avr/lib/avr6\libm.a(fp_pscA.o)
                              c:/prusa-firmware/.dependencies/avr-gcc-7.3.0/bin/../lib/gcc/avr/7.3.0/../../../../avr/lib/avr6\libm.a(mulsf3x.o) (__fp_pscA)
c:/prusa-firmware/.dependencies/avr-gcc-7.3.0/bin/../lib/gcc/avr/7.3.0/../../../../avr/lib/avr6\libm.a(fp_pscB.o)
                              c:/prusa-firmware/.dependencies/avr-gcc-7.3.0/bin/../lib/gcc/avr/7.3.0/../../../../avr/lib/avr6\libm.a(mulsf3x.o) (__fp_pscB)
c:/prusa-firmware/.dependencies/avr-gcc-7.3.0/bin/../lib/gcc/avr/7.3.0/../../../../avr/lib/avr6\libm.a(fp_round.o)
                              c:/prusa-firmware/.dependencies/avr-gcc-7.3.0/bin/../lib/gcc/avr/7.3.0/../../../../avr/lib/avr6\libm.a(mulsf3.o) (__fp_round)
c:/prusa-firmware/.dependencies/avr-gcc-7.3.0/bin/../lib/gcc/avr/7.3.0/../../../../avr/lib/avr6\libm.a(fp_split3.o)
                              c:/prusa-firmware/.dependencies/avr-gcc-7.3.0/bin/../lib/gcc/avr/7.3.0/../../../../avr/lib/avr6\libm.a(mulsf3x.o) (__fp_split3)
c:/prusa-firmware/.dependencies/avr-gcc-7.3.0/bin/../lib/gcc/avr/7.3.0/../../../../avr/lib/avr6\libm.a(fp_zero.o)
                              c:/prusa-firmware/.dependencies/avr-gcc-7.3.0/bin/../lib/gcc/avr/7.3.0/../../../../avr/lib/avr6\libm.a(mulsf3x.o) (__fp_szero)
c:/prusa-firmware/.dependencies/avr-gcc-7.3.0/bin/../lib/gcc/avr/7.3.0/../../../../avr/lib/avr6\libc.a(errno.o)
                              build_gen/MK3-E3DREVO/CMakeFiles/MK3-E3DREVO_lang_base.dir/__/__/Firmware/strtod.c.obj (symbol from plugin) (errno)
c:/prusa-firmware/.dependencies/avr-gcc-7.3.0/bin/../lib/gcc/avr/7.3.0/../../../../avr/lib/avr6\libc.a(malloc.o)
                              build_gen/MK3-E3DREVO/CMakeFiles/MK3-E3DREVO_lang_base.dir/__/__/Firmware/SdFatUtil.cpp.obj (symbol from plugin) (__brkval)
c:/prusa-firmware/.dependencies/avr-gcc-7.3.0/bin/../lib/gcc/avr/7.3.0/../../../../avr/lib/avr6\libc.a(strtol.o)
[...]
Memory Configuration

Name             Origin             Length             Attributes
text             0x0000000000000000 0x000000000003e000 xr
data             0x0000000000800200 0x0000000000002000 rw !x
eeprom           0x0000000000810000 0x0000000000001000 rw !x
fuse             0x0000000000820000 0x0000000000000003 rw !x
lock             0x0000000000830000 0x0000000000000400 rw !x
signature        0x0000000000840000 0x0000000000000400 rw !x
user_signatures  0x0000000000850000 0x0000000000000400 rw !x
*default*        0x0000000000000000 0xffffffffffffffff

Linker script and memory map

Address of section .data set to 0x800200
LOAD c:/prusa-firmware/.dependencies/avr-gcc-7.3.0/bin/../lib/gcc/avr/7.3.0/../../../../avr/lib/avr6/crtatmega2560.o
LOAD c:/prusa-firmware/.dependencies/avr-gcc-7.3.0/bin/../lib/gcc/avr/7.3.0/../../../../avr/lib/avr6\libprintf_flt.a
                [0x000000000003e000]                __TEXT_REGION_LENGTH__ = DEFINED (__TEXT_REGION_LENGTH__)?__TEXT_REGION_LENGTH__:0x100000
                [0x0000000000002000]                __DATA_REGION_LENGTH__ = DEFINED (__DATA_REGION_LENGTH__)?__DATA_REGION_LENGTH__:0xfe00
                [0x0000000000001000]                __EEPROM_REGION_LENGTH__ = DEFINED (__EEPROM_REGION_LENGTH__)?__EEPROM_REGION_LENGTH__:0x10000
                [0x0000000000000003]                __FUSE_REGION_LENGTH__ = DEFINED (__FUSE_REGION_LENGTH__)?__FUSE_REGION_LENGTH__:0x400
                0x0000000000000400                __LOCK_REGION_LENGTH__ = DEFINED (__LOCK_REGION_LENGTH__)?__LOCK_REGION_LENGTH__:0x400
                0x0000000000000400                __SIGNATURE_REGION_LENGTH__ = DEFINED (__SIGNATURE_REGION_LENGTH__)?__SIGNATURE_REGION_LENGTH__:0x400
                0x0000000000000400                __USER_SIGNATURE_REGION_LENGTH__ = DEFINED (__USER_SIGNATURE_REGION_LENGTH__)?__USER_SIGNATURE_REGION_LENGTH__:0x400
                [0x0000000000800200]                __DATA_REGION_ORIGIN__ = DEFINED (__DATA_REGION_ORIGIN__)?__DATA_REGION_ORIGIN__:0x800200

.hash
 *(.hash)

.dynsym
 *(.dynsym)

.dynstr
 *(.dynstr)

.gnu.version
 *(.gnu.version)

.gnu.version_d
 *(.gnu.version_d)

.gnu.version_r
 *(.gnu.version_r)

.rel.init
 *(.rel.init)

.rela.init
 *(.rela.init)

.rel.text
 *(.rel.text)
 *(.rel.text.*)
 *(.rel.gnu.linkonce.t*)

.rela.text
 *(.rela.text)
 *(.rela.text.*)
 *(.rela.gnu.linkonce.t*)

.rel.fini
 *(.rel.fini)

.rela.fini
 *(.rela.fini)

.rel.rodata
 *(.rel.rodata)
 *(.rel.rodata.*)
 *(.rel.gnu.linkonce.r*)

.rela.rodata
 *(.rela.rodata)
 *(.rela.rodata.*)
 *(.rela.gnu.linkonce.r*)

.rel.data
 *(.rel.data)
 *(.rel.data.*)
 *(.rel.gnu.linkonce.d*)

.rela.data
 *(.rela.data)
 *(.rela.data.*)
 *(.rela.gnu.linkonce.d*)

.rel.ctors
 *(.rel.ctors)

.rela.ctors
 *(.rela.ctors)

.rel.dtors
 *(.rel.dtors)

.rela.dtors
 *(.rela.dtors)

.rel.got
 *(.rel.got)

.rela.got
 *(.rela.got)

.rel.bss
 *(.rel.bss)

.rela.bss
 *(.rela.bss)

.rel.plt
 *(.rel.plt)

.rela.plt
 *(.rela.plt)

.text           0x0000000000000000    0x3c64c
 *(.vectors)
 .vectors       0x0000000000000000       0xe4 c:/prusa-firmware/.dependencies/avr-gcc-7.3.0/bin/../lib/gcc/avr/7.3.0/../../../../avr/lib/avr6/crtatmega2560.o
                0x0000000000000000                __vectors
 *(.vectors)
                0x00000000000000e4                __loc_sec_start = .
 *(.loc_sec)
 *fill*         0x00000000000000e4       0x1c 
 .loc_sec       0x0000000000000100     0x3500 C:\Users\SHIVAM~1\AppData\Local\Temp\cc9C2tQh.ltrans1.ltrans.o
                0x0000000000000100                _SEC_LANG
 *(.loc_sec)
                0x0000000000003600                __loc_sec_end = .
                0x0000000000003600                __loc_pri_start = .
 *(.loc_pri)
 .loc_pri       0x0000000000003600      0x432 C:\Users\SHIVAM~1\AppData\Local\Temp\cc9C2tQh.ltrans0.ltrans.o
 .loc_pri       0x0000000000003a32     0x12a7 C:\Users\SHIVAM~1\AppData\Local\Temp\cc9C2tQh.ltrans1.ltrans.o
                0x0000000000003b5c                MSG_SELECT_FILAMENT
                0x0000000000003b6f                MSG_CANCEL
                0x0000000000003bcf                MSG_WIZARD_HEATING
                0x0000000000003e39                MSG_REMOVE_STEEL_SHEET
                0x0000000000003e63                MSG_STEEL_SHEET_CHECK
                0x0000000000004330                MSG_CONTINUE_SHORT
                0x0000000000004399                MSG_BED
                0x00000000000043b4                MSG_NOZZLE
                0x000000000000442c                MSG_NORMAL
                0x00000000000044b5                MSG_PINDA_CALIBRATION
                0x0000000000004593                MSG_RESET
                0x0000000000004636                MSG_UNLOAD_FILAMENT
                0x00000000000046a4                MSG_RESUME_PRINT
                0x00000000000046e7                MSG_TUNE
                0x000000000000472c                MSG_SILENT
                0x000000000000478a                MSG_NA
                0x00000000000047af                MSG_MODE
                0x00000000000047f5                MSG_YES
                0x00000000000047fb                MSG_NO
                0x000000000000483b                MSG_MAIN
                0x0000000000004886                MSG_PRINT_FAN_SPEED
                0x0000000000004893                MSG_HOTEND_FAN_SPEED
                0x000000000000494f                MSG_BACK
                0x00000000000049c2                MSG_PRINT_PAUSED
                0x0000000000004cd1                MSG_SHEET
 .loc_pri       0x0000000000004cd9      0x496 C:\Users\SHIVAM~1\AppData\Local\Temp\cc9C2tQh.ltrans2.ltrans.o
                0x0000000000004d32                MSG_CALIBRATE_Z_AUTO
                0x0000000000004d42                MSG_BED_DONE
                0x0000000000004d4d                MSG_BED_HEATING
                0x0000000000004d5b                MSG_HEATING_COMPLETE
                0x0000000000004d6b                MSG_HEATING
                0x0000000000004f78                MSG_EJECT
                0x0000000000004fcd                MSG_TOTAL_FILAMENT
                0x0000000000004fde                MSG_TOTAL_PRINT_TIME
                0x0000000000004ff1                MSG_FILAMENT_USED
                0x0000000000005001                MSG_PRINT_TIME
 .loc_pri       0x000000000000516f      0xaad C:\Users\SHIVAM~1\AppData\Local\Temp\cc9C2tQh.ltrans3.ltrans.o
                0x000000000000523c                MSG_UNLOADING_FILAMENT
                0x0000000000005299                MSG_FINISHING_MOVEMENTS
                0x0000000000005352                _ZN4MMU2L23MSG_TITLE_UNKNOWN_ERRORE.lto_priv.530
                0x0000000000005362                _ZN4MMU2L25MSG_TITLE_FILAMENT_CHANGEE.lto_priv.529
                0x0000000000005374                _ZN4MMU2L26MSG_TITLE_FILAMENT_EJECTEDE.lto_priv.528
                0x0000000000005387                _ZN4MMU2L25MSG_TITLE_UNLOAD_MANUALLYE.lto_priv.527
                0x0000000000005399                _ZN4MMU2L26MSG_TITLE_FW_RUNTIME_ERRORE.lto_priv.526
                0x00000000000053ac                _ZN4MMU2L26MSG_TITLE_FW_UPDATE_NEEDEDE.lto_priv.525
                0x00000000000053c3                _ZN4MMU2L20MSG_TITLE_QUEUE_FULLE.lto_priv.524
                0x00000000000053d0                _ZN4MMU2L22MSG_TITLE_INVALID_TOOLE.lto_priv.523
                0x00000000000053df                _ZN4MMU2L33MSG_TITLE_FILAMENT_ALREADY_LOADEDE.lto_priv.522
                0x00000000000053f5                _ZN4MMU2L29MSG_TITLE_COMMUNICATION_ERRORE.lto_priv.521
                0x000000000000540b                _ZN4MMU2L28MSG_TITLE_MMU_NOT_RESPONDINGE.lto_priv.520
                0x0000000000005420                _ZN4MMU2L23MSG_TITLE_MMU_MCU_ERRORE.lto_priv.519
                0x0000000000005430                _ZN4MMU2L25MSG_TITLE_SELFTEST_FAILEDE.lto_priv.518
                0x0000000000005446                _ZN4MMU2L28MSG_TITLE_TMC_DRIVER_SHORTEDE.lto_priv.517
                0x000000000000545b                _ZN4MMU2L32MSG_TITLE_TMC_UNDERVOLTAGE_ERRORE.lto_priv.516
                0x0000000000005472                _ZN4MMU2L26MSG_TITLE_TMC_DRIVER_RESETE.lto_priv.515
                0x0000000000005485                _ZN4MMU2L26MSG_TITLE_TMC_DRIVER_ERRORE.lto_priv.514
                0x0000000000005498                _ZN4MMU2L28MSG_TITLE_TMC_OVERHEAT_ERRORE.lto_priv.513
                0x00000000000054ad                _ZN4MMU2L33MSG_TITLE_TMC_WARNING_TMC_TOO_HOTE.lto_priv.512
                0x00000000000054c3                _ZN4MMU2L27MSG_TITLE_IDLER_CANNOT_MOVEE.lto_priv.511
                0x00000000000054d7                _ZN4MMU2L27MSG_TITLE_IDLER_CANNOT_HOMEE.lto_priv.510
                0x00000000000054eb                _ZN4MMU2L30MSG_TITLE_SELECTOR_CANNOT_MOVEE.lto_priv.509
                0x0000000000005502                _ZN4MMU2L30MSG_TITLE_SELECTOR_CANNOT_HOMEE.lto_priv.508
                0x0000000000005519                _ZN4MMU2L33MSG_TITLE_LOAD_TO_EXTRUDER_FAILEDE.lto_priv.507
                0x0000000000005530                _ZN4MMU2L23MSG_TITLE_INSPECT_FINDAE.lto_priv.506
                0x0000000000005540                _ZN4MMU2L27MSG_TITLE_FSENSOR_TOO_EARLYE.lto_priv.505
                0x0000000000005554                _ZN4MMU2L28MSG_TITLE_PULLEY_CANNOT_MOVEE.lto_priv.504
                0x0000000000005569                _ZN4MMU2L32MSG_TITLE_FSENSOR_FILAMENT_STUCKE.lto_priv.503
                0x000000000000557e                _ZN4MMU2L31MSG_TITLE_FSENSOR_DIDNT_TRIGGERE.lto_priv.502
                0x0000000000005595                _ZN4MMU2L30MSG_TITLE_FINDA_FILAMENT_STUCKE.lto_priv.501
                0x00000000000055aa                _ZN4MMU2L29MSG_TITLE_FINDA_DIDNT_TRIGGERE.lto_priv.500
                0x00000000000055da                MSG_SELFTEST_FAN
                0x00000000000055e5                MSG_SELFTEST_FAILED
                0x00000000000055f7                MSG_SELFTEST_FILAMENT_SENSOR
                0x000000000000595b                MSG_PLACE_STEEL_SHEET
                0x0000000000005982                MSG_BABYSTEP_Z_NOT_SET
                0x0000000000005adb                MSG_MEASURE_BED_REFERENCE_HEIGHT_LINE1
                0x0000000000005b49                MSG_AUTO_HOME
                0x0000000000005b55                MSG_CUT_FILAMENT
                0x0000000000005b64                MSG_EJECT_FROM_MMU
                0x0000000000005b75                MSG_LOADING_FILAMENT
                0x0000000000005c11                MSG_OFF
                0x0000000000005c17                MSG_ON
 .loc_pri       0x0000000000005c1c      0x7db C:\Users\SHIVAM~1\AppData\Local\Temp\cc9C2tQh.ltrans4.ltrans.o
                0x000000000000638f                MSG_BED_LEVELING_FAILED_POINT_LOW
 *(.loc_pri)
                0x00000000000063f7                __loc_pri_end = .
                0x00000000000063f7                __noloc_start = .
 *(.noloc)
 .noloc         0x00000000000063f7      0x5a4 C:\Users\SHIVAM~1\AppData\Local\Temp\cc9C2tQh.ltrans0.ltrans.o
 .noloc         0x000000000000699b      0x388 C:\Users\SHIVAM~1\AppData\Local\Temp\cc9C2tQh.ltrans1.ltrans.o
                0x00000000000069ce                MSG_PINDA
                0x0000000000006a26                MSG_FANCHECK_PRINT
                0x0000000000006a3a                MSG_FANCHECK_HOTEND
                0x0000000000006a4f                MSG_HOST_ACTION_RESUMED
                0x0000000000006af4                _ZZN10CardReader7releaseEvE3__c.lto_priv.536
                0x0000000000006b37                MSG_M702
                0x0000000000006b3c                MSG_M83
                0x0000000000006b40                G28W
                0x0000000000006d17                MSG_OK
                0x0000000000006d1a                MSG_FILAMENT
 .noloc         0x0000000000006d23      0x22b C:\Users\SHIVAM~1\AppData\Local\Temp\cc9C2tQh.ltrans2.ltrans.o
                0x0000000000006d82                MSG_M220
                0x0000000000006db6                G1_E_F2700
                0x0000000000006e55                MSG_HOST_ACTION_PAUSED
 .noloc         0x0000000000006f4e      0x109 C:\Users\SHIVAM~1\AppData\Local\Temp\cc9C2tQh.ltrans3.ltrans.o
                0x0000000000006fcf                MSG_WELCOME
                0x0000000000007047                MSG_M600
                0x000000000000704c                MSG_M24
                0x0000000000007050                MSG_M23
 .noloc         0x0000000000007057       0x4b C:\Users\SHIVAM~1\AppData\Local\Temp\cc9C2tQh.ltrans4.ltrans.o
 *(.noloc)
                0x00000000000070a2                __noloc_end = .
 *(.progmem.gcc*)
 .progmem.gcc_fplib
                0x00000000000070a2       0x2d c:/prusa-firmware/.dependencies/avr-gcc-7.3.0/bin/../lib/gcc/avr/7.3.0/../../../../avr/lib/avr6\libm.a(atan.o)
 .progmem.gcc_fplib
                0x00000000000070cf       0x1e c:/prusa-firmware/.dependencies/avr-gcc-7.3.0/bin/../lib/gcc/avr/7.3.0/../../../../avr/lib/avr6\libm.a(fp_sinus.o)
 .progmem.gcc_fplib
                0x00000000000070ed       0x28 c:/prusa-firmware/.dependencies/avr-gcc-7.3.0/bin/../lib/gcc/avr/7.3.0/../../../../avr/lib/avr6\libm.a(exp.o)
 .progmem.gcc_fplib
                0x0000000000007115       0x5a c:/prusa-firmware/.dependencies/avr-gcc-7.3.0/bin/../lib/gcc/avr/7.3.0/../../../../avr/lib/avr6\libm.a(log.o)
                0x0000000000007170                . = ALIGN (0x2)
 *fill*         0x000000000000716f        0x1 
                0x0000000000007170                __trampolines_start = .
 *(.trampolines)
 .trampolines   0x0000000000007170      0x42c linker stubs
 *(.trampolines*)
                0x000000000000759c                __trampolines_end = .
 *libprintf_flt.a:*(.progmem.data)
 .progmem.data  0x000000000000759c        0x8 c:/prusa-firmware/.dependencies/avr-gcc-7.3.0/bin/../lib/gcc/avr/7.3.0/../../../../avr/lib/avr6\libprintf_flt.a(vfprintf_flt.o)
 *libc.a:*(.progmem.data)
 .progmem.data  0x00000000000075a4       0xfa c:/prusa-firmware/.dependencies/avr-gcc-7.3.0/bin/../lib/gcc/avr/7.3.0/../../../../avr/lib/avr6\libc.a(ftoa_engine.o)
 *(.progmem*)
 .progmem.data._ZZ12enquecommandPKcbE3__c
                0x000000000000769e        0x2 C:\Users\SHIVAM~1\AppData\Local\Temp\cc9C2tQh.ltrans0.ltrans.o
 .progmem.data._ZZ20mp_echo_config_statevE3__c_5
                0x00000000000076a0        0x1 C:\Users\SHIVAM~1\AppData\Local\Temp\cc9C2tQh.ltrans0.ltrans.o
 .progmem.data._ZZ20mp_echo_config_statevE3__c_4
                0x00000000000076a1        0x5 C:\Users\SHIVAM~1\AppData\Local\Temp\cc9C2tQh.ltrans0.ltrans.o
 .progmem.data._ZZ20mp_echo_config_statevE3__c_3
                0x00000000000076a6        0x5 C:\Users\SHIVAM~1\AppData\Local\Temp\cc9C2tQh.ltrans0.ltrans.o
 .progmem.data._ZZ20mp_echo_config_statevE3__c_2
                0x00000000000076ab        0x5 C:\Users\SHIVAM~1\AppData\Local\Temp\cc9C2tQh.ltrans0.ltrans.o
 .progmem.data._ZZ20mp_echo_config_statevE3__c_1
                0x00000000000076b0        0x4 C:\Users\SHIVAM~1\AppData\Local\Temp\cc9C2tQh.ltrans0.ltrans.o
 .progmem.data._ZZ20mp_echo_config_statevE3__c_0
                0x00000000000076b4        0x5 C:\Users\SHIVAM~1\AppData\Local\Temp\cc9C2tQh.ltrans0.ltrans.o
 .progmem.data._ZZ20mp_echo_config_statevE3__c
                0x00000000000076b9        0x7 C:\Users\SHIVAM~1\AppData\Local\Temp\cc9C2tQh.ltrans0.ltrans.o
 .progmem.data._ZZ11get_commandvE3__c_9
                0x00000000000076c0       0x14 C:\Users\SHIVAM~1\AppData\Local\Temp\cc9C2tQh.ltrans0.ltrans.o
 .progmem.data._ZZ11get_commandvE3__c_7
                0x00000000000076d4        0xb C:\Users\SHIVAM~1\AppData\Local\Temp\cc9C2tQh.ltrans0.ltrans.o
 .progmem.data._ZZ11get_commandvE3__c_6
                0x00000000000076df        0x5 C:\Users\SHIVAM~1\AppData\Local\Temp\cc9C2tQh.ltrans0.ltrans.o
 .progmem.data._ZZ11get_commandvE3__c_5
                0x00000000000076e4        0x5 C:\Users\SHIVAM~1\AppData\Local\Temp\cc9C2tQh.ltrans0.ltrans.o
 .progmem.data._ZZ11get_commandvE3__c_0
                0x00000000000076e9        0x5 C:\Users\SHIVAM~1\AppData\Local\Temp\cc9C2tQh.ltrans0.ltrans.o
 .progmem.data._ZZ11get_commandvE3__c
                0x00000000000076ee        0xf C:\Users\SHIVAM~1\AppData\Local\Temp\cc9C2tQh.ltrans0.ltrans.o
 .progmem.data._ZZ20Config_StoreSettingsvE3__c
                0x00000000000076fd       0x10 C:\Users\SHIVAM~1\AppData\Local\Temp\cc9C2tQh.ltrans0.ltrans.o
 .progmem.data._ZZ27thermal_model_load_settingsvE3__c
                0x000000000000770d       0x2a C:\Users\SHIVAM~1\AppData\Local\Temp\cc9C2tQh.ltrans0.ltrans.o
 .progmem.data._ZZ23Config_RetrieveSettingsvE3__c
                0x0000000000007737       0x1a C:\Users\SHIVAM~1\AppData\Local\Temp\cc9C2tQh.ltrans0.ltrans.o
 .progmem.data._ZZ19Config_ResetDefaultvE3__c
                0x0000000000007751       0x22 C:\Users\SHIVAM~1\AppData\Local\Temp\cc9C2tQh.ltrans0.ltrans.o
 .progmem.data._ZL12default_conf
                0x0000000000007773       0xd1 C:\Users\SHIVAM~1\AppData\Local\Temp\cc9C2tQh.ltrans0.ltrans.o
 .progmem.data._ZZ25eeprom_default_sheet_namehR9SheetNameE3__c_3
                0x0000000000007844        0x7 C:\Users\SHIVAM~1\AppData\Local\Temp\cc9C2tQh.ltrans0.ltrans.o
 .progmem.data._ZZ25eeprom_default_sheet_namehR9SheetNameE3__c_2
                0x000000000000784b        0x8 C:\Users\SHIVAM~1\AppData\Local\Temp\cc9C2tQh.ltrans0.ltrans.o
 .progmem.data._ZZ25eeprom_default_sheet_namehR9SheetNameE3__c_1
                0x0000000000007853        0x8 C:\Users\SHIVAM~1\AppData\Local\Temp\cc9C2tQh.ltrans0.ltrans.o
 .progmem.data._ZZ25eeprom_default_sheet_namehR9SheetNameE3__c_0
                0x000000000000785b        0x7 C:\Users\SHIVAM~1\AppData\Local\Temp\cc9C2tQh.ltrans0.ltrans.o
 .progmem.data._ZZ25eeprom_default_sheet_namehR9SheetNameE3__c
                0x0000000000007862        0x7 C:\Users\SHIVAM~1\AppData\Local\Temp\cc9C2tQh.ltrans0.ltrans.o
 .progmem.data._ZZ13fanSpeedErrorhE3__c
                0x0000000000007869       0x28 C:\Users\SHIVAM~1\AppData\Local\Temp\cc9C2tQh.ltrans0.ltrans.o
 .progmem.data._ZZ13fanSpeedErrorhE3__c_0
                0x0000000000007891       0x27 C:\Users\SHIVAM~1\AppData\Local\Temp\cc9C2tQh.ltrans0.ltrans.o
 .progmem.data._ZZ17la10c_mode_change10LA10C_MODEE3__c_2
                0x00000000000078b8        0x4 C:\Users\SHIVAM~1\AppData\Local\Temp\cc9C2tQh.ltrans0.ltrans.o
 .progmem.data._ZZ17la10c_mode_change10LA10C_MODEE3__c_1
                0x00000000000078bc        0x4 C:\Users\SHIVAM~1\AppData\Local\Temp\cc9C2tQh.ltrans0.ltrans.o
 .progmem.data._ZZ17la10c_mode_change10LA10C_MODEE3__c_0
                0x00000000000078c0        0x8 C:\Users\SHIVAM~1\AppData\Local\Temp\cc9C2tQh.ltrans0.ltrans.o
 .progmem.data._ZZ17la10c_mode_change10LA10C_MODEE3__c
                0x00000000000078c8       0x1d C:\Users\SHIVAM~1\AppData\Local\Temp\cc9C2tQh.ltrans0.ltrans.o
 .progmem.data._ZZ10la10c_jerkfE3__c
                0x00000000000078e5       0x19 C:\Users\SHIVAM~1\AppData\Local\Temp\cc9C2tQh.ltrans0.ltrans.o
 .progmem0      0x00000000000078fe        0x4 C:\Users\SHIVAM~1\AppData\Local\Temp\cc9C2tQh.ltrans0.ltrans.o
 .progmem.data._ZL4Font
                0x0000000000007902      0x1bc C:\Users\SHIVAM~1\AppData\Local\Temp\cc9C2tQh.ltrans0.ltrans.o
 .progmem.data._ZL11row_offsets
                0x0000000000007abe        0x4 C:\Users\SHIVAM~1\AppData\Local\Temp\cc9C2tQh.ltrans0.ltrans.o
 .progmem.data.pwr_m10
                0x0000000000007ac2       0x18 C:\Users\SHIVAM~1\AppData\Local\Temp\cc9C2tQh.ltrans0.ltrans.o
 .progmem.data.pwr_p10
                0x0000000000007ada       0x18 C:\Users\SHIVAM~1\AppData\Local\Temp\cc9C2tQh.ltrans0.ltrans.o
 .progmem.data.pstr_nan
                0x0000000000007af2        0x3 C:\Users\SHIVAM~1\AppData\Local\Temp\cc9C2tQh.ltrans0.ltrans.o
 .progmem.data.pstr_inf
                0x0000000000007af5        0x3 C:\Users\SHIVAM~1\AppData\Local\Temp\cc9C2tQh.ltrans0.ltrans.o
 .progmem.data._ZZ14host_keepalivevE3__c_1
                0x0000000000007af8       0x17 C:\Users\SHIVAM~1\AppData\Local\Temp\cc9C2tQh.ltrans0.ltrans.o
 .progmem.data._ZZ14host_keepalivevE3__c_0
                0x0000000000007b0f       0x16 C:\Users\SHIVAM~1\AppData\Local\Temp\cc9C2tQh.ltrans0.ltrans.o
 .progmem.data._ZZ14host_keepalivevE3__c
                0x0000000000007b25       0x11 C:\Users\SHIVAM~1\AppData\Local\Temp\cc9C2tQh.ltrans0.ltrans.o
 .progmem.data._ZL14base_max_pos_P
                0x0000000000007b36        0xc C:\Users\SHIVAM~1\AppData\Local\Temp\cc9C2tQh.ltrans0.ltrans.o
 .progmem.data._ZL14base_min_pos_P
                0x0000000000007b42        0xc C:\Users\SHIVAM~1\AppData\Local\Temp\cc9C2tQh.ltrans0.ltrans.o
 .progmem.data._ZL15base_home_pos_P
                0x0000000000007b4e        0xc C:\Users\SHIVAM~1\AppData\Local\Temp\cc9C2tQh.ltrans0.ltrans.o
 .progmem.data._ZL17home_retract_mm_P
                0x0000000000007b5a        0xc C:\Users\SHIVAM~1\AppData\Local\Temp\cc9C2tQh.ltrans0.ltrans.o
 .progmem.data._ZZ8homeaxishhPhE3__c
                0x0000000000007b66       0x18 C:\Users\SHIVAM~1\AppData\Local\Temp\cc9C2tQh.ltrans0.ltrans.o
 .progmem.data._ZL12max_length_P
                0x0000000000007b7e        0xc C:\Users\SHIVAM~1\AppData\Local\Temp\cc9C2tQh.ltrans0.ltrans.o
 .progmem.data._ZL10home_dir_P
                0x0000000000007b8a        0x3 C:\Users\SHIVAM~1\AppData\Local\Temp\cc9C2tQh.ltrans0.ltrans.o
 .progmem.data._ZZL10gcode_M105vE3__c_8
                0x0000000000007b8d        0x4 C:\Users\SHIVAM~1\AppData\Local\Temp\cc9C2tQh.ltrans0.ltrans.o
 .progmem.data._ZZL10gcode_M105vE3__c_7
                0x0000000000007b91        0x4 C:\Users\SHIVAM~1\AppData\Local\Temp\cc9C2tQh.ltrans0.ltrans.o
 .progmem.data._ZZL10gcode_M105vE3__c_6
                0x0000000000007b95        0x5 C:\Users\SHIVAM~1\AppData\Local\Temp\cc9C2tQh.ltrans0.ltrans.o
 .progmem.data._ZZL10gcode_M105vE3__c_5
                0x0000000000007b9a        0x4 C:\Users\SHIVAM~1\AppData\Local\Temp\cc9C2tQh.ltrans0.ltrans.o
 .progmem.data._ZZL10gcode_M105vE3__c_4
                0x0000000000007b9e        0x3 C:\Users\SHIVAM~1\AppData\Local\Temp\cc9C2tQh.ltrans0.ltrans.o
 .progmem.data._ZZL10gcode_M105vE3__c_3
                0x0000000000007ba1        0x5 C:\Users\SHIVAM~1\AppData\Local\Temp\cc9C2tQh.ltrans0.ltrans.o
 .progmem.data._ZZL10gcode_M105vE3__c_2
                0x0000000000007ba6        0x3 C:\Users\SHIVAM~1\AppData\Local\Temp\cc9C2tQh.ltrans0.ltrans.o
 .progmem.data._ZZL10gcode_M105vE3__c_1
                0x0000000000007ba9        0x4 C:\Users\SHIVAM~1\AppData\Local\Temp\cc9C2tQh.ltrans0.ltrans.o
 .progmem.data._ZZL10gcode_M105vE3__c_0
                0x0000000000007bad        0x3 C:\Users\SHIVAM~1\AppData\Local\Temp\cc9C2tQh.ltrans0.ltrans.o
 .progmem.data._ZZL10gcode_M105vE3__c
                0x0000000000007bb0        0x3 C:\Users\SHIVAM~1\AppData\Local\Temp\cc9C2tQh.ltrans0.ltrans.o
 .progmem.data._ZZZL9gcode_G80vENKUlcPhE_clEcS_E3__c
                0x0000000000007bb3       0x31 C:\Users\SHIVAM~1\AppData\Local\Temp\cc9C2tQh.ltrans0.ltrans.o
 .progmem.data._ZZL9gcode_G80vE3__c_0
                0x0000000000007be4       0x39 C:\Users\SHIVAM~1\AppData\Local\Temp\cc9C2tQh.ltrans0.ltrans.o
 .progmem.data._ZZL9gcode_G80vE3__c
                0x0000000000007c1d       0x2f C:\Users\SHIVAM~1\AppData\Local\Temp\cc9C2tQh.ltrans0.ltrans.o
 .progmem.data._ZZN17mesh_bed_leveling5printEvE3__c_2
                0x0000000000007c4c        0x3 C:\Users\SHIVAM~1\AppData\Local\Temp\cc9C2tQh.ltrans0.ltrans.o
 .progmem.data._ZZN17mesh_bed_leveling5printEvE3__c_1
                0x0000000000007c4f       0x11 C:\Users\SHIVAM~1\AppData\Local\Temp\cc9C2tQh.ltrans0.ltrans.o
 .progmem.data._ZZN17mesh_bed_leveling5printEvE3__c_0
                0x0000000000007c60       0x16 C:\Users\SHIVAM~1\AppData\Local\Temp\cc9C2tQh.ltrans0.ltrans.o
 .progmem.data._ZZN17mesh_bed_leveling5printEvE3__c
                0x0000000000007c76        0xd C:\Users\SHIVAM~1\AppData\Local\Temp\cc9C2tQh.ltrans0.ltrans.o
 .progmem.data._ZZL14gcode_G81_M420vE3__c
                0x0000000000007c83       0x1e C:\Users\SHIVAM~1\AppData\Local\Temp\cc9C2tQh.ltrans0.ltrans.o
 .progmem.data._ZZ10gcode_M114vE3__c_6
                0x0000000000007ca1        0x4 C:\Users\SHIVAM~1\AppData\Local\Temp\cc9C2tQh.ltrans0.ltrans.o
 .progmem.data._ZZ10gcode_M114vE3__c_5
                0x0000000000007ca5        0x4 C:\Users\SHIVAM~1\AppData\Local\Temp\cc9C2tQh.ltrans0.ltrans.o
 .progmem.data._ZZ10gcode_M114vE3__c_4
                0x0000000000007ca9        0x4 C:\Users\SHIVAM~1\AppData\Local\Temp\cc9C2tQh.ltrans0.ltrans.o
 .progmem.data._ZZ10gcode_M114vE3__c_2
                0x0000000000007cad        0x4 C:\Users\SHIVAM~1\AppData\Local\Temp\cc9C2tQh.ltrans0.ltrans.o
 .progmem.data._ZZ10gcode_M114vE3__c_1
                0x0000000000007cb1        0x4 C:\Users\SHIVAM~1\AppData\Local\Temp\cc9C2tQh.ltrans0.ltrans.o
 .progmem.data._ZZ10gcode_M114vE3__c_0
                0x0000000000007cb5        0x4 C:\Users\SHIVAM~1\AppData\Local\Temp\cc9C2tQh.ltrans0.ltrans.o
 .progmem.data._ZZ10gcode_M114vE3__c
                0x0000000000007cb9        0x3 C:\Users\SHIVAM~1\AppData\Local\Temp\cc9C2tQh.ltrans0.ltrans.o
 .progmem.data._ZZN9SpoolJoin9SpoolJoin8nextSlotEvE3__c_0
                0x0000000000007cbc        0x5 C:\Users\SHIVAM~1\AppData\Local\Temp\cc9C2tQh.ltrans0.ltrans.o
 .progmem.data._ZZN9SpoolJoin9SpoolJoin8nextSlotEvE3__c
                0x0000000000007cc1        0xc C:\Users\SHIVAM~1\AppData\Local\Temp\cc9C2tQh.ltrans0.ltrans.o
 .progmem.data._ZZL33gcode_M861_print_pinda_cal_eepromvE9comma_sep
                0x0000000000007ccd        0x3 C:\Users\SHIVAM~1\AppData\Local\Temp\cc9C2tQh.ltrans0.ltrans.o
 .progmem.data._ZZ17manage_inactivitybE3__c
                0x0000000000007cd0       0x14 C:\Users\SHIVAM~1\AppData\Local\Temp\cc9C2tQh.ltrans0.ltrans.o
 .progmem.data._ZZ4killPKcE3__c_0
                0x0000000000007ce4        0x8 C:\Users\SHIVAM~1\AppData\Local\Temp\cc9C2tQh.ltrans0.ltrans.o
 .progmem.data._ZZ4killPKcE3__c
                0x0000000000007cec       0x1f C:\Users\SHIVAM~1\AppData\Local\Temp\cc9C2tQh.ltrans0.ltrans.o
 .progmem.data._ZZ14check_babystepvE3__c_0
                0x0000000000007d0b       0x3d C:\Users\SHIVAM~1\AppData\Local\Temp\cc9C2tQh.ltrans0.ltrans.o
 .progmem.data._ZZ14check_babystepvE3__c
                0x0000000000007d48       0x29 C:\Users\SHIVAM~1\AppData\Local\Temp\cc9C2tQh.ltrans0.ltrans.o
 .progmem.data._ZZ23serialecho_temperaturesvE3__c_0
                0x0000000000007d71        0x8 C:\Users\SHIVAM~1\AppData\Local\Temp\cc9C2tQh.ltrans0.ltrans.o
 .progmem.data._ZZ23serialecho_temperaturesvE3__c
                0x0000000000007d79        0x3 C:\Users\SHIVAM~1\AppData\Local\Temp\cc9C2tQh.ltrans0.ltrans.o
 .progmem.data._ZZ26stop_and_save_print_to_ramffE3__c
                0x0000000000007d7c       0x11 C:\Users\SHIVAM~1\AppData\Local\Temp\cc9C2tQh.ltrans0.ltrans.o
 .progmem.data._ZZ12TCodeInvalidvE3__c
                0x0000000000007d8d       0x10 C:\Users\SHIVAM~1\AppData\Local\Temp\cc9C2tQh.ltrans0.ltrans.o
 .progmem.data._ZL23duplicate_Tcode_ignored
                0x0000000000007d9d       0x1a C:\Users\SHIVAM~1\AppData\Local\Temp\cc9C2tQh.ltrans0.ltrans.o
 .progmem.data._ZZ10gcode_M900vE3__c_0
                0x0000000000007db7        0xb C:\Users\SHIVAM~1\AppData\Local\Temp\cc9C2tQh.ltrans0.ltrans.o
 .progmem.data._ZZ10gcode_M900vE3__c
                0x0000000000007dc2       0x18 C:\Users\SHIVAM~1\AppData\Local\Temp\cc9C2tQh.ltrans0.ltrans.o
 .progmem.data._sPrinterName
                0x0000000000007dda        0x4 C:\Users\SHIVAM~1\AppData\Local\Temp\cc9C2tQh.ltrans0.ltrans.o
 .progmem.data._sPrinterMmuName
                0x0000000000007dde        0x8 C:\Users\SHIVAM~1\AppData\Local\Temp\cc9C2tQh.ltrans0.ltrans.o
 .progmem.data._nPrinterMmuType
                0x0000000000007de6        0x2 C:\Users\SHIVAM~1\AppData\Local\Temp\cc9C2tQh.ltrans0.ltrans.o
 .progmem.data._nPrinterType
                0x0000000000007de8        0x2 C:\Users\SHIVAM~1\AppData\Local\Temp\cc9C2tQh.ltrans0.ltrans.o
 .progmem.data._ZZ19lcd_wait_for_heatervE3__c
                0x0000000000007dea        0x8 C:\Users\SHIVAM~1\AppData\Local\Temp\cc9C2tQh.ltrans0.ltrans.o
 .progmem.data._ZZ18M600_wait_for_uservE3__c
                0x0000000000007df2        0x4 C:\Users\SHIVAM~1\AppData\Local\Temp\cc9C2tQh.ltrans0.ltrans.o
 .progmem.data._ZZ11lcd_alrightvE3__c
                0x0000000000007df6        0x8 C:\Users\SHIVAM~1\AppData\Local\Temp\cc9C2tQh.ltrans0.ltrans.o
 .progmem.data._ZZ20Config_PrintSettingshE3__c_7
                0x0000000000007dfe       0x21 C:\Users\SHIVAM~1\AppData\Local\Temp\cc9C2tQh.ltrans0.ltrans.o
 .progmem.data._ZZ20Config_PrintSettingshE3__c_6
                0x0000000000007e1f       0x82 C:\Users\SHIVAM~1\AppData\Local\Temp\cc9C2tQh.ltrans0.ltrans.o
 .progmem.data._ZZ20Config_PrintSettingshE3__c_4
                0x0000000000007ea1       0x1f C:\Users\SHIVAM~1\AppData\Local\Temp\cc9C2tQh.ltrans0.ltrans.o
 .progmem.data._ZZ20Config_PrintSettingshE3__c_3
                0x0000000000007ec0       0x26 C:\Users\SHIVAM~1\AppData\Local\Temp\cc9C2tQh.ltrans0.ltrans.o
 .progmem.data._ZZ20Config_PrintSettingshE3__c_2
                0x0000000000007ee6      0x101 C:\Users\SHIVAM~1\AppData\Local\Temp\cc9C2tQh.ltrans0.ltrans.o
 .progmem.data._ZZ20Config_PrintSettingshE3__c_1
                0x0000000000007fe7       0x35 C:\Users\SHIVAM~1\AppData\Local\Temp\cc9C2tQh.ltrans0.ltrans.o
 .progmem.data._ZZ20Config_PrintSettingshE3__c_0
                0x000000000000801c       0x2d C:\Users\SHIVAM~1\AppData\Local\Temp\cc9C2tQh.ltrans0.ltrans.o
 .progmem.data._ZZ20Config_PrintSettingshE3__c
                0x0000000000008049      0x2d8 C:\Users\SHIVAM~1\AppData\Local\Temp\cc9C2tQh.ltrans0.ltrans.o
 .progmem.data._ZZN17thermal_model_calL8autotuneEiE3__c_4
                0x0000000000008321       0x14 C:\Users\SHIVAM~1\AppData\Local\Temp\cc9C2tQh.ltrans0.ltrans.o
 .progmem.data._ZZN17thermal_model_calL8autotuneEiE3__c_3
                0x0000000000008335        0xd C:\Users\SHIVAM~1\AppData\Local\Temp\cc9C2tQh.ltrans0.ltrans.o
 .progmem.data._ZZN17thermal_model_calL8autotuneEiE3__c_2
                0x0000000000008342        0xe C:\Users\SHIVAM~1\AppData\Local\Temp\cc9C2tQh.ltrans0.ltrans.o
 .progmem.data._ZZN17thermal_model_calL8autotuneEiE3__c_1
                0x0000000000008350       0x13 C:\Users\SHIVAM~1\AppData\Local\Temp\cc9C2tQh.ltrans0.ltrans.o
 .progmem.data._ZZN17thermal_model_calL8autotuneEiE3__c_0
                0x0000000000008363        0x7 C:\Users\SHIVAM~1\AppData\Local\Temp\cc9C2tQh.ltrans0.ltrans.o
 .progmem.data._ZZN17thermal_model_calL8autotuneEiE3__c
                0x000000000000836a        0x8 C:\Users\SHIVAM~1\AppData\Local\Temp\cc9C2tQh.ltrans0.ltrans.o
 .progmem.data._ZZ22thermal_model_autotuneibE3__c_1
                0x0000000000008372       0x14 C:\Users\SHIVAM~1\AppData\Local\Temp\cc9C2tQh.ltrans0.ltrans.o
 .progmem.data._ZZ22thermal_model_autotuneibE3__c_0
                0x0000000000008386       0x16 C:\Users\SHIVAM~1\AppData\Local\Temp\cc9C2tQh.ltrans0.ltrans.o
 .progmem.data._ZZ22thermal_model_autotuneibE3__c
                0x000000000000839c       0x12 C:\Users\SHIVAM~1\AppData\Local\Temp\cc9C2tQh.ltrans0.ltrans.o
 .progmem.data._ZZL8cap_linePKcbE3__c
                0x00000000000083ae        0xb C:\Users\SHIVAM~1\AppData\Local\Temp\cc9C2tQh.ltrans0.ltrans.o
 .progmem.data._ZZL28extended_capabilities_reportvE3__c_3
                0x00000000000083b9        0xb C:\Users\SHIVAM~1\AppData\Local\Temp\cc9C2tQh.ltrans0.ltrans.o
 .progmem.data._ZZL28extended_capabilities_reportvE3__c_2
                0x00000000000083c4        0xd C:\Users\SHIVAM~1\AppData\Local\Temp\cc9C2tQh.ltrans0.ltrans.o
 .progmem.data._ZZL28extended_capabilities_reportvE3__c_1
                0x00000000000083d1       0x14 C:\Users\SHIVAM~1\AppData\Local\Temp\cc9C2tQh.ltrans0.ltrans.o
 .progmem.data._ZZL28extended_capabilities_reportvE3__c_0
                0x00000000000083e5       0x10 C:\Users\SHIVAM~1\AppData\Local\Temp\cc9C2tQh.ltrans0.ltrans.o
 .progmem.data._ZZL28extended_capabilities_reportvE3__c
                0x00000000000083f5       0x10 C:\Users\SHIVAM~1\AppData\Local\Temp\cc9C2tQh.ltrans0.ltrans.o
 .progmem.data._ZZ36show_upgrade_dialog_if_version_newerPKcE3__c
                0x0000000000008405        0x1 C:\Users\SHIVAM~1\AppData\Local\Temp\cc9C2tQh.ltrans0.ltrans.o
 .progmem.data._ZL14FW_VERSION_STR
                0x0000000000008406        0x7 C:\Users\SHIVAM~1\AppData\Local\Temp\cc9C2tQh.ltrans0.ltrans.o
 .progmem.data._ZZN10CardReader10removeFileEPKcE3__c_0
                0x000000000000840d       0x18 C:\Users\SHIVAM~1\AppData\Local\Temp\cc9C2tQh.ltrans0.ltrans.o
 .progmem.data._ZZN10CardReader10removeFileEPKcE3__c
                0x0000000000008425        0xe C:\Users\SHIVAM~1\AppData\Local\Temp\cc9C2tQh.ltrans0.ltrans.o
 .progmem.data._ZZN10CardReader9getStatusEbE3__c_2
                0x0000000000008433       0x10 C:\Users\SHIVAM~1\AppData\Local\Temp\cc9C2tQh.ltrans0.ltrans.o
 .progmem.data._ZZN10CardReader9getStatusEbE3__c_0
                0x0000000000008443        0xc C:\Users\SHIVAM~1\AppData\Local\Temp\cc9C2tQh.ltrans0.ltrans.o
 .progmem.data._ZZN10CardReader9getStatusEbE3__c
                0x000000000000844f       0x10 C:\Users\SHIVAM~1\AppData\Local\Temp\cc9C2tQh.ltrans0.ltrans.o
 .progmem.data._ZZ18lcd_wait_for_pindafE3__c
                0x000000000000845f        0x8 C:\Users\SHIVAM~1\AppData\Local\Temp\cc9C2tQh.ltrans0.ltrans.o
 .progmem.data._ZZL27gcode_PRUSA_BadRAMBoFanTestvE3__c_1
                0x0000000000008467        0x3 C:\Users\SHIVAM~1\AppData\Local\Temp\cc9C2tQh.ltrans0.ltrans.o
 .progmem.data._ZZL27gcode_PRUSA_BadRAMBoFanTestvE3__c_0
                0x000000000000846a        0x4 C:\Users\SHIVAM~1\AppData\Local\Temp\cc9C2tQh.ltrans0.ltrans.o
 .progmem.data._ZZL27gcode_PRUSA_BadRAMBoFanTestvE3__c
                0x000000000000846e        0xb C:\Users\SHIVAM~1\AppData\Local\Temp\cc9C2tQh.ltrans0.ltrans.o
 .progmem.data._ZZ17crashdet_detectedhE3__c_1
                0x0000000000008479        0xd C:\Users\SHIVAM~1\AppData\Local\Temp\cc9C2tQh.ltrans0.ltrans.o
 .progmem.data._ZZ17crashdet_detectedhE3__c_0
                0x0000000000008486        0xe C:\Users\SHIVAM~1\AppData\Local\Temp\cc9C2tQh.ltrans0.ltrans.o
 .progmem.data._ZZ17crashdet_detectedhE3__c
                0x0000000000008494        0xe C:\Users\SHIVAM~1\AppData\Local\Temp\cc9C2tQh.ltrans0.ltrans.o
 .progmem.data._ZZ16process_commandsvE3__c__97_
                0x00000000000084a2        0x5 C:\Users\SHIVAM~1\AppData\Local\Temp\cc9C2tQh.ltrans0.ltrans.o
 .progmem.data._ZZ16process_commandsvE3__c__96_
                0x00000000000084a7        0x8 C:\Users\SHIVAM~1\AppData\Local\Temp\cc9C2tQh.ltrans0.ltrans.o
 .progmem.data._ZZ16process_commandsvE3__c__95_
                0x00000000000084af       0x11 C:\Users\SHIVAM~1\AppData\Local\Temp\cc9C2tQh.ltrans0.ltrans.o
 .progmem.data._ZZ16process_commandsvE3__c__94_
                0x00000000000084c0       0x11 C:\Users\SHIVAM~1\AppData\Local\Temp\cc9C2tQh.ltrans0.ltrans.o
 .progmem.data._ZZ16process_commandsvE3__c__93_
                0x00000000000084d1        0xa C:\Users\SHIVAM~1\AppData\Local\Temp\cc9C2tQh.ltrans0.ltrans.o
 .progmem.data._ZZ16process_commandsvE3__c__92_
                0x00000000000084db       0x11 C:\Users\SHIVAM~1\AppData\Local\Temp\cc9C2tQh.ltrans0.ltrans.o
 .progmem.data._ZZ16process_commandsvE3__c__90_
                0x00000000000084ec       0x17 C:\Users\SHIVAM~1\AppData\Local\Temp\cc9C2tQh.ltrans0.ltrans.o
 .progmem.data._ZZ16process_commandsvE3__c__91_
                0x0000000000008503       0x13 C:\Users\SHIVAM~1\AppData\Local\Temp\cc9C2tQh.ltrans0.ltrans.o
 .progmem.data._ZZ16process_commandsvE3__c__89_
                0x0000000000008516        0x3 C:\Users\SHIVAM~1\AppData\Local\Temp\cc9C2tQh.ltrans0.ltrans.o
 .progmem.data._ZZ16process_commandsvE3__c__88_
                0x0000000000008519       0x23 C:\Users\SHIVAM~1\AppData\Local\Temp\cc9C2tQh.ltrans0.ltrans.o
 .progmem.data._ZZ16process_commandsvE3__c__87_
                0x000000000000853c        0x3 C:\Users\SHIVAM~1\AppData\Local\Temp\cc9C2tQh.ltrans0.ltrans.o
 .progmem.data._ZZ16process_commandsvE3__c__86_
                0x000000000000853f        0x3 C:\Users\SHIVAM~1\AppData\Local\Temp\cc9C2tQh.ltrans0.ltrans.o
 .progmem.data._ZZ16process_commandsvE3__c__85_
                0x0000000000008542        0x3 C:\Users\SHIVAM~1\AppData\Local\Temp\cc9C2tQh.ltrans0.ltrans.o
 .progmem.data._ZZ16process_commandsvE3__c__84_
                0x0000000000008545        0x3 C:\Users\SHIVAM~1\AppData\Local\Temp\cc9C2tQh.ltrans0.ltrans.o
 .progmem.data._ZZ16process_commandsvE3__c__83_
                0x0000000000008548        0x3 C:\Users\SHIVAM~1\AppData\Local\Temp\cc9C2tQh.ltrans0.ltrans.o
 .progmem.data._ZZ16process_commandsvE3__c__82_
                0x000000000000854b        0x3 C:\Users\SHIVAM~1\AppData\Local\Temp\cc9C2tQh.ltrans0.ltrans.o
 .progmem.data._ZZ16process_commandsvE3__c__81_
                0x000000000000854e       0x11 C:\Users\SHIVAM~1\AppData\Local\Temp\cc9C2tQh.ltrans0.ltrans.o
 .progmem.data._ZZ16process_commandsvE3__c__80_
                0x000000000000855f        0x7 C:\Users\SHIVAM~1\AppData\Local\Temp\cc9C2tQh.ltrans0.ltrans.o
 .progmem.data._ZZ16process_commandsvE3__c__79_
                0x0000000000008566       0x16 C:\Users\SHIVAM~1\AppData\Local\Temp\cc9C2tQh.ltrans0.ltrans.o
 .progmem.data._ZZ16process_commandsvE3__c__78_
                0x000000000000857c       0x1f C:\Users\SHIVAM~1\AppData\Local\Temp\cc9C2tQh.ltrans0.ltrans.o
 .progmem.data._ZZ16process_commandsvE3__c__77_
                0x000000000000859b        0x5 C:\Users\SHIVAM~1\AppData\Local\Temp\cc9C2tQh.ltrans0.ltrans.o
 .progmem.data._ZZ16process_commandsvE3__c__76_
                0x00000000000085a0       0x10 C:\Users\SHIVAM~1\AppData\Local\Temp\cc9C2tQh.ltrans0.ltrans.o
 .progmem.data._ZZ16process_commandsvE3__c__75_
                0x00000000000085b0       0x16 C:\Users\SHIVAM~1\AppData\Local\Temp\cc9C2tQh.ltrans0.ltrans.o
 .progmem.data._ZZ16process_commandsvE3__c__74_
                0x00000000000085c6        0x4 C:\Users\SHIVAM~1\AppData\Local\Temp\cc9C2tQh.ltrans0.ltrans.o
 .progmem.data._ZZ16process_commandsvE3__c__73_
                0x00000000000085ca        0x4 C:\Users\SHIVAM~1\AppData\Local\Temp\cc9C2tQh.ltrans0.ltrans.o
 .progmem.data._ZZ16process_commandsvE3__c__72_
                0x00000000000085ce        0x4 C:\Users\SHIVAM~1\AppData\Local\Temp\cc9C2tQh.ltrans0.ltrans.o
 .progmem.data._ZZ16process_commandsvE3__c__71_
                0x00000000000085d2        0x4 C:\Users\SHIVAM~1\AppData\Local\Temp\cc9C2tQh.ltrans0.ltrans.o
 .progmem.data._ZZ16process_commandsvE3__c__70_
                0x00000000000085d6        0x4 C:\Users\SHIVAM~1\AppData\Local\Temp\cc9C2tQh.ltrans0.ltrans.o
 .progmem.data._ZZ16process_commandsvE3__c__69_
                0x00000000000085da        0x4 C:\Users\SHIVAM~1\AppData\Local\Temp\cc9C2tQh.ltrans0.ltrans.o
 .progmem.data._ZZ16process_commandsvE3__c__68_
                0x00000000000085de        0x6 C:\Users\SHIVAM~1\AppData\Local\Temp\cc9C2tQh.ltrans0.ltrans.o
 .progmem.data._ZZ16process_commandsvE3__c__67_
                0x00000000000085e4        0x6 C:\Users\SHIVAM~1\AppData\Local\Temp\cc9C2tQh.ltrans0.ltrans.o
 .progmem.data._ZZ16process_commandsvE3__c__66_
                0x00000000000085ea        0x5 C:\Users\SHIVAM~1\AppData\Local\Temp\cc9C2tQh.ltrans0.ltrans.o
 .progmem.data._ZZ16process_commandsvE3__c__59_
                0x00000000000085ef        0x3 C:\Users\SHIVAM~1\AppData\Local\Temp\cc9C2tQh.ltrans0.ltrans.o
 .progmem.data._ZZ16process_commandsvE3__c__58_
                0x00000000000085f2        0x1 C:\Users\SHIVAM~1\AppData\Local\Temp\cc9C2tQh.ltrans0.ltrans.o
 .progmem.data._ZZ16process_commandsvE3__c__57_
                0x00000000000085f3       0x12 C:\Users\SHIVAM~1\AppData\Local\Temp\cc9C2tQh.ltrans0.ltrans.o
 .progmem.data._ZZ16process_commandsvE3__c__56_
                0x0000000000008605        0xf C:\Users\SHIVAM~1\AppData\Local\Temp\cc9C2tQh.ltrans0.ltrans.o
 .progmem.data._ZZ16process_commandsvE3__c__55_
                0x0000000000008614        0x4 C:\Users\SHIVAM~1\AppData\Local\Temp\cc9C2tQh.ltrans0.ltrans.o
 .progmem.data._ZZ16process_commandsvE3__c__54_
                0x0000000000008618       0x5a C:\Users\SHIVAM~1\AppData\Local\Temp\cc9C2tQh.ltrans0.ltrans.o
 .progmem.data._ZZ16process_commandsvE3__c__53_
                0x0000000000008672        0xa C:\Users\SHIVAM~1\AppData\Local\Temp\cc9C2tQh.ltrans0.ltrans.o
 .progmem.data._ZZ16process_commandsvE3__c__52_
                0x000000000000867c        0x2 C:\Users\SHIVAM~1\AppData\Local\Temp\cc9C2tQh.ltrans0.ltrans.o
 .progmem.data._ZZ16process_commandsvE3__c__51_
                0x000000000000867e        0x5 C:\Users\SHIVAM~1\AppData\Local\Temp\cc9C2tQh.ltrans0.ltrans.o
 .progmem.data._ZZ16process_commandsvE3__c__50_
                0x0000000000008683        0x2 C:\Users\SHIVAM~1\AppData\Local\Temp\cc9C2tQh.ltrans0.ltrans.o
 .progmem.data._ZZ16process_commandsvE3__c__49_
                0x0000000000008685       0x1e C:\Users\SHIVAM~1\AppData\Local\Temp\cc9C2tQh.ltrans0.ltrans.o
 .progmem.data._ZZ16process_commandsvE3__c__48_
                0x00000000000086a3        0x7 C:\Users\SHIVAM~1\AppData\Local\Temp\cc9C2tQh.ltrans0.ltrans.o
 .progmem.data._ZZ16process_commandsvE3__c__47_
                0x00000000000086aa        0x4 C:\Users\SHIVAM~1\AppData\Local\Temp\cc9C2tQh.ltrans0.ltrans.o
 .progmem.data._ZZ16process_commandsvE3__c__41_
                0x00000000000086ae        0x4 C:\Users\SHIVAM~1\AppData\Local\Temp\cc9C2tQh.ltrans0.ltrans.o
 .progmem.data._ZZ16process_commandsvE3__c__40_
                0x00000000000086b2       0x20 C:\Users\SHIVAM~1\AppData\Local\Temp\cc9C2tQh.ltrans0.ltrans.o
 .progmem.data._ZL14sensitive_pins
                0x00000000000086d2       0x1c C:\Users\SHIVAM~1\AppData\Local\Temp\cc9C2tQh.ltrans0.ltrans.o
 .progmem.data._ZZ16process_commandsvE3__c__39_
                0x00000000000086ee        0xf C:\Users\SHIVAM~1\AppData\Local\Temp\cc9C2tQh.ltrans0.ltrans.o
 .progmem.data._ZZ16process_commandsvE3__c__36_
                0x00000000000086fd       0x14 C:\Users\SHIVAM~1\AppData\Local\Temp\cc9C2tQh.ltrans0.ltrans.o
 .progmem.data._ZZ16process_commandsvE3__c__30_
                0x0000000000008711       0x1e C:\Users\SHIVAM~1\AppData\Local\Temp\cc9C2tQh.ltrans0.ltrans.o
 .progmem.data._ZZ16process_commandsvE3__c__29_
                0x000000000000872f       0x14 C:\Users\SHIVAM~1\AppData\Local\Temp\cc9C2tQh.ltrans0.ltrans.o
 .progmem.data._ZZ16process_commandsvE3__c__25_
                0x0000000000008743        0x4 C:\Users\SHIVAM~1\AppData\Local\Temp\cc9C2tQh.ltrans0.ltrans.o
 .progmem.data._ZZ16process_commandsvE3__c__24_
                0x0000000000008747        0x7 C:\Users\SHIVAM~1\AppData\Local\Temp\cc9C2tQh.ltrans0.ltrans.o
 .progmem.data._ZZ16process_commandsvE3__c__23_
                0x000000000000874e        0x4 C:\Users\SHIVAM~1\AppData\Local\Temp\cc9C2tQh.ltrans0.ltrans.o
 .progmem.data._ZZ16process_commandsvE3__c__22_
                0x0000000000008752        0x3 C:\Users\SHIVAM~1\AppData\Local\Temp\cc9C2tQh.ltrans0.ltrans.o
 .progmem.data._ZZ16process_commandsvE3__c__21_
                0x0000000000008755        0x3 C:\Users\SHIVAM~1\AppData\Local\Temp\cc9C2tQh.ltrans0.ltrans.o
 .progmem.data._ZZ16process_commandsvE3__c__20_
                0x0000000000008758        0x5 C:\Users\SHIVAM~1\AppData\Local\Temp\cc9C2tQh.ltrans0.ltrans.o
 .progmem.data._ZZ16process_commandsvE3__c__19_
                0x000000000000875d       0x1d C:\Users\SHIVAM~1\AppData\Local\Temp\cc9C2tQh.ltrans0.ltrans.o
 .progmem.data._ZZ16process_commandsvE3__c__18_
                0x000000000000877a        0x4 C:\Users\SHIVAM~1\AppData\Local\Temp\cc9C2tQh.ltrans0.ltrans.o
 .progmem.data._ZZ16process_commandsvE3__c__17_
                0x000000000000877e        0xc C:\Users\SHIVAM~1\AppData\Local\Temp\cc9C2tQh.ltrans0.ltrans.o
 .progmem.data._ZZ16process_commandsvE3__c__16_
                0x000000000000878a        0x4 C:\Users\SHIVAM~1\AppData\Local\Temp\cc9C2tQh.ltrans0.ltrans.o
 .progmem.data._ZZ16process_commandsvE3__c__15_
                0x000000000000878e        0xb C:\Users\SHIVAM~1\AppData\Local\Temp\cc9C2tQh.ltrans0.ltrans.o
 .progmem.data._ZZ16process_commandsvE3__c__14_
                0x0000000000008799        0x3 C:\Users\SHIVAM~1\AppData\Local\Temp\cc9C2tQh.ltrans0.ltrans.o
 .progmem.data._ZZ16process_commandsvE3__c__13_
                0x000000000000879c        0x6 C:\Users\SHIVAM~1\AppData\Local\Temp\cc9C2tQh.ltrans0.ltrans.o
 .progmem.data._ZZ16process_commandsvE3__c__12_
                0x00000000000087a2        0x7 C:\Users\SHIVAM~1\AppData\Local\Temp\cc9C2tQh.ltrans0.ltrans.o
 .progmem.data._ZZ16process_commandsvE3__c__11_
                0x00000000000087a9        0x5 C:\Users\SHIVAM~1\AppData\Local\Temp\cc9C2tQh.ltrans0.ltrans.o
 .progmem.data._ZZ16process_commandsvE3__c_9
                0x00000000000087ae        0x4 C:\Users\SHIVAM~1\AppData\Local\Temp\cc9C2tQh.ltrans0.ltrans.o
 .progmem.data._ZZ16process_commandsvE3__c_8
                0x00000000000087b2        0xa C:\Users\SHIVAM~1\AppData\Local\Temp\cc9C2tQh.ltrans0.ltrans.o
 .progmem.data._ZZ16process_commandsvE3__c_7
                0x00000000000087bc        0x6 C:\Users\SHIVAM~1\AppData\Local\Temp\cc9C2tQh.ltrans0.ltrans.o
 .progmem.data._ZZ16process_commandsvE3__c_6
                0x00000000000087c2        0xa C:\Users\SHIVAM~1\AppData\Local\Temp\cc9C2tQh.ltrans0.ltrans.o
 .progmem.data._ZZ16process_commandsvE3__c_5
                0x00000000000087cc        0xa C:\Users\SHIVAM~1\AppData\Local\Temp\cc9C2tQh.ltrans0.ltrans.o
 .progmem.data._ZZ16process_commandsvE3__c_4
                0x00000000000087d6        0xa C:\Users\SHIVAM~1\AppData\Local\Temp\cc9C2tQh.ltrans0.ltrans.o
 .progmem.data._ZZ16process_commandsvE3__c_3
                0x00000000000087e0        0x5 C:\Users\SHIVAM~1\AppData\Local\Temp\cc9C2tQh.ltrans0.ltrans.o
 .progmem.data._ZZ16process_commandsvE3__c_2
                0x00000000000087e5        0xd C:\Users\SHIVAM~1\AppData\Local\Temp\cc9C2tQh.ltrans0.ltrans.o
 .progmem.data._ZZ16process_commandsvE3__c_1
                0x00000000000087f2        0xe C:\Users\SHIVAM~1\AppData\Local\Temp\cc9C2tQh.ltrans0.ltrans.o
 .progmem.data._ZZ16process_commandsvE3__c_0
                0x0000000000008800        0xf C:\Users\SHIVAM~1\AppData\Local\Temp\cc9C2tQh.ltrans0.ltrans.o
 .progmem.data._ZZ16process_commandsvE3__c
                0x000000000000880f        0x7 C:\Users\SHIVAM~1\AppData\Local\Temp\cc9C2tQh.ltrans0.ltrans.o
 .progmem.data._ZZ14lay1cal_finishvE16cmd_cal_finish_8
                0x0000000000008816        0x7 C:\Users\SHIVAM~1\AppData\Local\Temp\cc9C2tQh.ltrans1.ltrans.o
 .progmem.data._ZZ14lay1cal_finishvE16cmd_cal_finish_6
                0x000000000000881d        0xf C:\Users\SHIVAM~1\AppData\Local\Temp\cc9C2tQh.ltrans1.ltrans.o
 .progmem.data._ZZ14lay1cal_finishvE16cmd_cal_finish_5
                0x000000000000882c        0xb C:\Users\SHIVAM~1\AppData\Local\Temp\cc9C2tQh.ltrans1.ltrans.o
 .progmem.data._ZZ14lay1cal_finishvE16cmd_cal_finish_4
                0x0000000000008837        0x7 C:\Users\SHIVAM~1\AppData\Local\Temp\cc9C2tQh.ltrans1.ltrans.o
 .progmem.data._ZZ14lay1cal_finishvE16cmd_cal_finish_3
                0x000000000000883e        0xf C:\Users\SHIVAM~1\AppData\Local\Temp\cc9C2tQh.ltrans1.ltrans.o
 .progmem.data._ZZ22lay1cal_before_meandervE17cmd_pre_meander_6
                0x000000000000884d        0xa C:\Users\SHIVAM~1\AppData\Local\Temp\cc9C2tQh.ltrans1.ltrans.o
 .progmem.data._ZZ22lay1cal_before_meandervE17cmd_pre_meander_5
                0x0000000000008857        0xa C:\Users\SHIVAM~1\AppData\Local\Temp\cc9C2tQh.ltrans1.ltrans.o
 .progmem.data._ZZ22lay1cal_before_meandervE17cmd_pre_meander_4
                0x0000000000008861        0xd C:\Users\SHIVAM~1\AppData\Local\Temp\cc9C2tQh.ltrans1.ltrans.o
 .progmem.data._ZZ18lay1cal_intro_linebffE16cmd_intro_mmu_11
                0x000000000000886e        0x7 C:\Users\SHIVAM~1\AppData\Local\Temp\cc9C2tQh.ltrans1.ltrans.o
 .progmem.data._ZZ18lay1cal_intro_linebffE16cmd_intro_mmu_10
                0x0000000000008875       0x10 C:\Users\SHIVAM~1\AppData\Local\Temp\cc9C2tQh.ltrans1.ltrans.o
 .progmem.data._ZZ18lay1cal_intro_linebffE15cmd_intro_mmu_9
                0x0000000000008885        0xb C:\Users\SHIVAM~1\AppData\Local\Temp\cc9C2tQh.ltrans1.ltrans.o
 .progmem.data._ZZ18lay1cal_intro_linebffE15cmd_intro_mmu_8
                0x0000000000008890        0xf C:\Users\SHIVAM~1\AppData\Local\Temp\cc9C2tQh.ltrans1.ltrans.o
 .progmem.data._ZZ18lay1cal_intro_linebffE15cmd_intro_mmu_6
                0x000000000000889f        0xc C:\Users\SHIVAM~1\AppData\Local\Temp\cc9C2tQh.ltrans1.ltrans.o
 .progmem.data._ZZ18lay1cal_intro_linebffE15cmd_intro_mmu_5
                0x00000000000088ab        0xd C:\Users\SHIVAM~1\AppData\Local\Temp\cc9C2tQh.ltrans1.ltrans.o
 .progmem.data._ZZ18lay1cal_intro_linebffE15cmd_intro_mmu_4
                0x00000000000088b8        0xd C:\Users\SHIVAM~1\AppData\Local\Temp\cc9C2tQh.ltrans1.ltrans.o
 .progmem.data._ZZ18lay1cal_intro_linebffE15cmd_intro_mmu_3
                0x00000000000088c5        0xe C:\Users\SHIVAM~1\AppData\Local\Temp\cc9C2tQh.ltrans1.ltrans.o
 .progmem.data._ZL14zero_extrusion
                0x00000000000088d3        0x6 C:\Users\SHIVAM~1\AppData\Local\Temp\cc9C2tQh.ltrans1.ltrans.o
 .progmem.data._ZZ20lay1cal_wait_preheatvE13preheat_cmd_4
                0x00000000000088d9        0x4 C:\Users\SHIVAM~1\AppData\Local\Temp\cc9C2tQh.ltrans1.ltrans.o
 .progmem.data._ZZ20lay1cal_wait_preheatvE13preheat_cmd_3
                0x00000000000088dd        0x5 C:\Users\SHIVAM~1\AppData\Local\Temp\cc9C2tQh.ltrans1.ltrans.o
 .progmem.data._ZZ20lay1cal_wait_preheatvE13preheat_cmd_2
                0x00000000000088e2        0x5 C:\Users\SHIVAM~1\AppData\Local\Temp\cc9C2tQh.ltrans1.ltrans.o
 .progmem.data._ZZ20lcd_mesh_bedlevelingvE3__c
                0x00000000000088e7        0x4 C:\Users\SHIVAM~1\AppData\Local\Temp\cc9C2tQh.ltrans1.ltrans.o
 .progmem.data._ZZ20lcd_mesh_calibrationvE3__c
                0x00000000000088eb        0x4 C:\Users\SHIVAM~1\AppData\Local\Temp\cc9C2tQh.ltrans1.ltrans.o
 .progmem.data._ZZ22lcd_mesh_calibration_zvE3__c
                0x00000000000088ef        0x6 C:\Users\SHIVAM~1\AppData\Local\Temp\cc9C2tQh.ltrans1.ltrans.o
 .progmem.data._ZZ19lcd_calibrate_pindavE3__c
                0x00000000000088f5        0x4 C:\Users\SHIVAM~1\AppData\Local\Temp\cc9C2tQh.ltrans1.ltrans.o
 .progmem.data._ZZL15lcd_wizard_loadvE3__c
                0x00000000000088f9        0x8 C:\Users\SHIVAM~1\AppData\Local\Temp\cc9C2tQh.ltrans1.ltrans.o
 .progmem.data._ZZ10lcd_wizard8WizStateE3__c
                0x0000000000008901       0x12 C:\Users\SHIVAM~1\AppData\Local\Temp\cc9C2tQh.ltrans1.ltrans.o
 .progmem.data._ZZL20SETTINGS_SILENT_MODEvE3__c_0
                0x0000000000008913        0x5 C:\Users\SHIVAM~1\AppData\Local\Temp\cc9C2tQh.ltrans1.ltrans.o
 .progmem.data._ZZL20SETTINGS_SILENT_MODEvE3__c
                0x0000000000008918        0x5 C:\Users\SHIVAM~1\AppData\Local\Temp\cc9C2tQh.ltrans1.ltrans.o
 .progmem.data._ZZ17lcd_hw_setup_menuvE3__c_3
                0x000000000000891d        0xd C:\Users\SHIVAM~1\AppData\Local\Temp\cc9C2tQh.ltrans1.ltrans.o
 .progmem.data._ZZ17lcd_hw_setup_menuvE3__c_2
                0x000000000000892a        0x5 C:\Users\SHIVAM~1\AppData\Local\Temp\cc9C2tQh.ltrans1.ltrans.o
 .progmem.data._ZZ17lcd_hw_setup_menuvE3__c_1
                0x000000000000892f        0x5 C:\Users\SHIVAM~1\AppData\Local\Temp\cc9C2tQh.ltrans1.ltrans.o
 .progmem.data._ZZ17lcd_hw_setup_menuvE3__c_0
                0x0000000000008934        0x5 C:\Users\SHIVAM~1\AppData\Local\Temp\cc9C2tQh.ltrans1.ltrans.o
 .progmem.data._ZZ17lcd_hw_setup_menuvE3__c
                0x0000000000008939        0x5 C:\Users\SHIVAM~1\AppData\Local\Temp\cc9C2tQh.ltrans1.ltrans.o
 .progmem.data._ZZL17lcd_settings_menuvE3__c_0
                0x000000000000893e        0xa C:\Users\SHIVAM~1\AppData\Local\Temp\cc9C2tQh.ltrans1.ltrans.o
 .progmem.data._ZZL17lcd_settings_menuvE3__c
                0x0000000000008948        0x4 C:\Users\SHIVAM~1\AppData\Local\Temp\cc9C2tQh.ltrans1.ltrans.o
 .progmem.data._ZZL20lcd_calibration_menuvE3__c
                0x000000000000894c        0x4 C:\Users\SHIVAM~1\AppData\Local\Temp\cc9C2tQh.ltrans1.ltrans.o
 .progmem.data._ZZL13lcd_main_menuvE3__c_2
                0x0000000000008950        0x5 C:\Users\SHIVAM~1\AppData\Local\Temp\cc9C2tQh.ltrans1.ltrans.o
 .progmem.data._ZZL13lcd_main_menuvE3__c_1
                0x0000000000008955        0x5 C:\Users\SHIVAM~1\AppData\Local\Temp\cc9C2tQh.ltrans1.ltrans.o
 .progmem.data._ZZL13lcd_main_menuvE3__c_0
                0x000000000000895a        0x5 C:\Users\SHIVAM~1\AppData\Local\Temp\cc9C2tQh.ltrans1.ltrans.o
 .progmem.data._ZZL13lcd_main_menuvE3__c
                0x000000000000895f        0x5 C:\Users\SHIVAM~1\AppData\Local\Temp\cc9C2tQh.ltrans1.ltrans.o
 .progmem.data._ZZL13lcd_tune_menuvE3__c
                0x0000000000008964        0x7 C:\Users\SHIVAM~1\AppData\Local\Temp\cc9C2tQh.ltrans1.ltrans.o
 .progmem.data._ZZ14check_commandsvE3__c
                0x000000000000896b        0x5 C:\Users\SHIVAM~1\AppData\Local\Temp\cc9C2tQh.ltrans1.ltrans.o
 .progmem.data._ZZL15lcd_sdcard_menuvE3__c
                0x0000000000008970        0x4 C:\Users\SHIVAM~1\AppData\Local\Temp\cc9C2tQh.ltrans1.ltrans.o
 .progmem.data._ZZ12lcd_belttestvE3__c_0
                0x0000000000008974        0xd C:\Users\SHIVAM~1\AppData\Local\Temp\cc9C2tQh.ltrans1.ltrans.o
 .progmem.data._ZZ12lcd_belttestvE3__c
                0x0000000000008981        0xd C:\Users\SHIVAM~1\AppData\Local\Temp\cc9C2tQh.ltrans1.ltrans.o
 .progmem.data._ZZ22lcd_wait_for_cool_downvE3__c_0
                0x000000000000898e        0x6 C:\Users\SHIVAM~1\AppData\Local\Temp\cc9C2tQh.ltrans1.ltrans.o
 .progmem.data._ZZ22lcd_wait_for_cool_downvE3__c
                0x0000000000008994        0x6 C:\Users\SHIVAM~1\AppData\Local\Temp\cc9C2tQh.ltrans1.ltrans.o
 .progmem.data._ZZL21lcd_selfcheck_axis_sghE3__c
                0x000000000000899a       0x10 C:\Users\SHIVAM~1\AppData\Local\Temp\cc9C2tQh.ltrans1.ltrans.o
 .progmem.data._ZZL19lcd_selftest_screen10TestScreenhhbjE3__c_3
                0x00000000000089aa        0x7 C:\Users\SHIVAM~1\AppData\Local\Temp\cc9C2tQh.ltrans1.ltrans.o
 .progmem.data._ZZL19lcd_selftest_screen10TestScreenhhbjE3__c_2
                0x00000000000089b1        0x4 C:\Users\SHIVAM~1\AppData\Local\Temp\cc9C2tQh.ltrans1.ltrans.o
 .progmem.data._ZZL19lcd_selftest_screen10TestScreenhhbjE3__c_1
                0x00000000000089b5        0x2 C:\Users\SHIVAM~1\AppData\Local\Temp\cc9C2tQh.ltrans1.ltrans.o
 .progmem.data._ZZL19lcd_selftest_screen10TestScreenhhbjE3__c_0
                0x00000000000089b7        0x2 C:\Users\SHIVAM~1\AppData\Local\Temp\cc9C2tQh.ltrans1.ltrans.o
 .progmem.data._ZZL19lcd_selftest_screen10TestScreenhhbjE3__c
                0x00000000000089b9        0x2 C:\Users\SHIVAM~1\AppData\Local\Temp\cc9C2tQh.ltrans1.ltrans.o
 .progmem.data._ZL13STR_SEPARATOR.lto_priv.444
                0x00000000000089bb       0x15 C:\Users\SHIVAM~1\AppData\Local\Temp\cc9C2tQh.ltrans1.ltrans.o
                0x00000000000089bb                _ZL13STR_SEPARATOR.lto_priv.444
 .progmem.data._ZZ17WorkaroundPrusaSNvE3__c
                0x00000000000089d0       0x14 C:\Users\SHIVAM~1\AppData\Local\Temp\cc9C2tQh.ltrans1.ltrans.o
 .progmem.data._ZZ14lay1cal_finishvE14cmd_cal_finish
                0x00000000000089e4       0x12 C:\Users\SHIVAM~1\AppData\Local\Temp\cc9C2tQh.ltrans1.ltrans.o
 .progmem.data._ZL13extrude_fmt_Y
                0x00000000000089f6        0xd C:\Users\SHIVAM~1\AppData\Local\Temp\cc9C2tQh.ltrans1.ltrans.o
 .progmem.data._ZZ21lay1cal_meander_startffE4fmt1
                0x0000000000008a03        0x8 C:\Users\SHIVAM~1\AppData\Local\Temp\cc9C2tQh.ltrans1.ltrans.o
 .progmem.data._ZZ21lay1cal_meander_startffE3__c
                0x0000000000008a0b        0xa C:\Users\SHIVAM~1\AppData\Local\Temp\cc9C2tQh.ltrans1.ltrans.o
 .progmem.data._ZZ22lay1cal_before_meandervE15cmd_pre_meander
                0x0000000000008a15        0xc C:\Users\SHIVAM~1\AppData\Local\Temp\cc9C2tQh.ltrans1.ltrans.o
 .progmem.data._ZL13extrude_fmt_X
                0x0000000000008a21        0xd C:\Users\SHIVAM~1\AppData\Local\Temp\cc9C2tQh.ltrans1.ltrans.o
 .progmem.data._ZL14feedrate_F1080
                0x0000000000008a2e        0x8 C:\Users\SHIVAM~1\AppData\Local\Temp\cc9C2tQh.ltrans1.ltrans.o
 .progmem.data._ZZ18lay1cal_intro_linebffE13cmd_intro_mmu
                0x0000000000008a36       0x12 C:\Users\SHIVAM~1\AppData\Local\Temp\cc9C2tQh.ltrans1.ltrans.o
 .progmem.data._ZZ21lay1cal_load_filamenthE3__c_1
                0x0000000000008a48        0x4 C:\Users\SHIVAM~1\AppData\Local\Temp\cc9C2tQh.ltrans1.ltrans.o
 .progmem.data._ZZ21lay1cal_load_filamenthE3__c_0
                0x0000000000008a4c        0x7 C:\Users\SHIVAM~1\AppData\Local\Temp\cc9C2tQh.ltrans1.ltrans.o
 .progmem.data._ZZ21lay1cal_load_filamenthE3__c
                0x0000000000008a53        0xb C:\Users\SHIVAM~1\AppData\Local\Temp\cc9C2tQh.ltrans1.ltrans.o
 .progmem.data._ZZ20lay1cal_wait_preheatvE11preheat_cmd
                0x0000000000008a5e        0xa C:\Users\SHIVAM~1\AppData\Local\Temp\cc9C2tQh.ltrans1.ltrans.o
 .progmem.data._ZZ12lcd_commandsvE3__c_5
                0x0000000000008a68        0x7 C:\Users\SHIVAM~1\AppData\Local\Temp\cc9C2tQh.ltrans1.ltrans.o
 .progmem.data._ZZ12lcd_commandsvE3__c_4
                0x0000000000008a6f       0x13 C:\Users\SHIVAM~1\AppData\Local\Temp\cc9C2tQh.ltrans1.ltrans.o
 .progmem.data._ZZ12lcd_commandsvE3__c_3
                0x0000000000008a82        0xa C:\Users\SHIVAM~1\AppData\Local\Temp\cc9C2tQh.ltrans1.ltrans.o
 .progmem.data._ZZ12lcd_commandsvE3__c_2
                0x0000000000008a8c       0x16 C:\Users\SHIVAM~1\AppData\Local\Temp\cc9C2tQh.ltrans1.ltrans.o
 .progmem.data._ZZ12lcd_commandsvE3__c_1
                0x0000000000008aa2       0x30 C:\Users\SHIVAM~1\AppData\Local\Temp\cc9C2tQh.ltrans1.ltrans.o
 .progmem.data._ZZ12lcd_commandsvE3__c_0
                0x0000000000008ad2       0x17 C:\Users\SHIVAM~1\AppData\Local\Temp\cc9C2tQh.ltrans1.ltrans.o
 .progmem.data._ZZ12lcd_commandsvE3__c
                0x0000000000008ae9        0xd C:\Users\SHIVAM~1\AppData\Local\Temp\cc9C2tQh.ltrans1.ltrans.o
 .progmem.data._ZL15STR_REVISION_RC
                0x0000000000008af6        0x3 C:\Users\SHIVAM~1\AppData\Local\Temp\cc9C2tQh.ltrans1.ltrans.o
 .progmem.data._ZL16STR_REVISION_DEV
                0x0000000000008af9        0x4 C:\Users\SHIVAM~1\AppData\Local\Temp\cc9C2tQh.ltrans1.ltrans.o
 .progmem.data._ZL17STR_REVISION_BETA
                0x0000000000008afd        0x5 C:\Users\SHIVAM~1\AppData\Local\Temp\cc9C2tQh.ltrans1.ltrans.o
 .progmem.data._ZL18STR_REVISION_ALPHA
                0x0000000000008b02        0x6 C:\Users\SHIVAM~1\AppData\Local\Temp\cc9C2tQh.ltrans1.ltrans.o
 .progmem.data.port_to_mode_PGM
                0x0000000000008b08       0x1a C:\Users\SHIVAM~1\AppData\Local\Temp\cc9C2tQh.ltrans1.ltrans.o
 .progmem.data.port_to_output_PGM
                0x0000000000008b22       0x1a C:\Users\SHIVAM~1\AppData\Local\Temp\cc9C2tQh.ltrans1.ltrans.o
 .progmem.data.port_to_input_PGM
                0x0000000000008b3c       0x1a C:\Users\SHIVAM~1\AppData\Local\Temp\cc9C2tQh.ltrans1.ltrans.o
 .progmem.data.digital_pin_to_port_PGM
                0x0000000000008b56       0x56 C:\Users\SHIVAM~1\AppData\Local\Temp\cc9C2tQh.ltrans1.ltrans.o
 .progmem.data.digital_pin_to_bit_mask_PGM
                0x0000000000008bac       0x56 C:\Users\SHIVAM~1\AppData\Local\Temp\cc9C2tQh.ltrans1.ltrans.o
 .progmem.data.digital_pin_to_timer_PGM
                0x0000000000008c02       0x56 C:\Users\SHIVAM~1\AppData\Local\Temp\cc9C2tQh.ltrans1.ltrans.o
 .progmem.data._ZZ10lcd_splashvE3__c_0
                0x0000000000008c58        0x7 C:\Users\SHIVAM~1\AppData\Local\Temp\cc9C2tQh.ltrans1.ltrans.o
 .progmem.data._ZZ10lcd_splashvE3__c
                0x0000000000008c5f       0x2e C:\Users\SHIVAM~1\AppData\Local\Temp\cc9C2tQh.ltrans1.ltrans.o
 .progmem.data._ZZ35update_sec_lang_from_external_flashvE3__c
                0x0000000000008c8d       0x10 C:\Users\SHIVAM~1\AppData\Local\Temp\cc9C2tQh.ltrans1.ltrans.o
 .progmem.data._ZZL12get_PRUSA_SNPcE3__c_0
                0x0000000000008c9d        0x5 C:\Users\SHIVAM~1\AppData\Local\Temp\cc9C2tQh.ltrans1.ltrans.o
 .progmem.data._ZZL12get_PRUSA_SNPcE3__c
                0x0000000000008ca2        0x3 C:\Users\SHIVAM~1\AppData\Local\Temp\cc9C2tQh.ltrans1.ltrans.o
 .progmem.data._ZZN9SpoolJoin9SpoolJoin19initSpoolJoinStatusEvE3__c
                0x0000000000008ca5        0xe C:\Users\SHIVAM~1\AppData\Local\Temp\cc9C2tQh.ltrans1.ltrans.o
 .progmem.data._ZZ8adc_initvE3__c
                0x0000000000008cb3        0x9 C:\Users\SHIVAM~1\AppData\Local\Temp\cc9C2tQh.ltrans1.ltrans.o
 .progmem.data._ZZ10reset_menuvE3__c_4
                0x0000000000008cbc        0x8 C:\Users\SHIVAM~1\AppData\Local\Temp\cc9C2tQh.ltrans1.ltrans.o
 .progmem.data._ZZ10reset_menuvE3__c_3
                0x0000000000008cc4        0x9 C:\Users\SHIVAM~1\AppData\Local\Temp\cc9C2tQh.ltrans1.ltrans.o
 .progmem.data._ZZ10reset_menuvE3__c_2
                0x0000000000008ccd        0xd C:\Users\SHIVAM~1\AppData\Local\Temp\cc9C2tQh.ltrans1.ltrans.o
 .progmem.data._ZZ10reset_menuvE3__c_1
                0x0000000000008cda        0xe C:\Users\SHIVAM~1\AppData\Local\Temp\cc9C2tQh.ltrans1.ltrans.o
 .progmem.data._ZZ10reset_menuvE3__c_0
                0x0000000000008ce8        0xb C:\Users\SHIVAM~1\AppData\Local\Temp\cc9C2tQh.ltrans1.ltrans.o
 .progmem.data._ZZ10reset_menuvE3__c
                0x0000000000008cf3        0x9 C:\Users\SHIVAM~1\AppData\Local\Temp\cc9C2tQh.ltrans1.ltrans.o
 .progmem.data._ZZL13factory_resetcE3__c.lto_priv.535
                0x0000000000008cfc       0x11 C:\Users\SHIVAM~1\AppData\Local\Temp\cc9C2tQh.ltrans1.ltrans.o
                0x0000000000008cfc                _ZZL13factory_resetcE3__c.lto_priv.535
 .progmem.data._ZZ13factory_resetvE3__c
                0x0000000000008d0d        0xe C:\Users\SHIVAM~1\AppData\Local\Temp\cc9C2tQh.ltrans1.ltrans.o
 .progmem.data._ZL20FW_PRUSA3D_MAGIC_STR
                0x0000000000008d1b        0xa C:\Users\SHIVAM~1\AppData\Local\Temp\cc9C2tQh.ltrans1.ltrans.o
 .progmem.data._ZL8MSG_INT4.lto_priv.484
                0x0000000000008d25        0x5 C:\Users\SHIVAM~1\AppData\Local\Temp\cc9C2tQh.ltrans1.ltrans.o
                0x0000000000008d25                _ZL8MSG_INT4.lto_priv.484
 .progmem.data.FW_VERSION_NR
                0x0000000000008d2a        0x8 C:\Users\SHIVAM~1\AppData\Local\Temp\cc9C2tQh.ltrans1.ltrans.o
                0x0000000000008d2a                FW_VERSION_NR
 .progmem.data._ZZ5setupE8v3_2_0_4
                0x0000000000008d32        0x8 C:\Users\SHIVAM~1\AppData\Local\Temp\cc9C2tQh.ltrans1.ltrans.o
 .progmem.data._ZZ5setupE3__c_7
                0x0000000000008d3a        0xf C:\Users\SHIVAM~1\AppData\Local\Temp\cc9C2tQh.ltrans1.ltrans.o
 .progmem.data._ZZ5setupE3__c_5
                0x0000000000008d49       0x14 C:\Users\SHIVAM~1\AppData\Local\Temp\cc9C2tQh.ltrans1.ltrans.o
 .progmem.data._ZZ5setupE3__c_3
                0x0000000000008d5d       0x17 C:\Users\SHIVAM~1\AppData\Local\Temp\cc9C2tQh.ltrans1.ltrans.o
 .progmem.data._ZZ5setupE3__c_2
                0x0000000000008d74        0x6 C:\Users\SHIVAM~1\AppData\Local\Temp\cc9C2tQh.ltrans1.ltrans.o
 .progmem.data._ZZ5setupE3__c_1
                0x0000000000008d7a       0x11 C:\Users\SHIVAM~1\AppData\Local\Temp\cc9C2tQh.ltrans1.ltrans.o
 .progmem.data._ZZ5setupE3__c_0
                0x0000000000008d8b        0xb C:\Users\SHIVAM~1\AppData\Local\Temp\cc9C2tQh.ltrans1.ltrans.o
 .progmem.data._ZZ5setupE3__c
                0x0000000000008d96        0x5 C:\Users\SHIVAM~1\AppData\Local\Temp\cc9C2tQh.ltrans1.ltrans.o
 .progmem.data._ZZ4loopE3__c_2
                0x0000000000008d9b       0x11 C:\Users\SHIVAM~1\AppData\Local\Temp\cc9C2tQh.ltrans1.ltrans.o
 .progmem.data._ZZ4loopE3__c_1
                0x0000000000008dac       0x10 C:\Users\SHIVAM~1\AppData\Local\Temp\cc9C2tQh.ltrans1.ltrans.o
 .progmem.data._ZZ4loopE3__c_0
                0x0000000000008dbc       0x10 C:\Users\SHIVAM~1\AppData\Local\Temp\cc9C2tQh.ltrans1.ltrans.o
 .progmem.data._ZZ4loopE3__c
                0x0000000000008dcc        0x4 C:\Users\SHIVAM~1\AppData\Local\Temp\cc9C2tQh.ltrans1.ltrans.o
 .progmem.data._ZZ26menu_format_sheet_select_ERK5SheetR17SheetFormatBufferE3__c
                0x0000000000008dd0        0x8 C:\Users\SHIVAM~1\AppData\Local\Temp\cc9C2tQh.ltrans1.ltrans.o
 .progmem.data._ZZN17thermal_model_calL8estimateEjPffffjhfE3__c_0
                0x0000000000008dd8       0x1f C:\Users\SHIVAM~1\AppData\Local\Temp\cc9C2tQh.ltrans1.ltrans.o
 .progmem.data._ZZN17thermal_model_calL8estimateEjPffffjhfE3__c
                0x0000000000008df7       0x1a C:\Users\SHIVAM~1\AppData\Local\Temp\cc9C2tQh.ltrans1.ltrans.o
 .progmem.data._ZZ13choose_menu_PPKcS0_S0_E3__c
                0x0000000000008e11        0x6 C:\Users\SHIVAM~1\AppData\Local\Temp\cc9C2tQh.ltrans1.ltrans.o
 .progmem.data._ZL23load_to_nozzle_sequence
                0x0000000000008e17       0x10 C:\Users\SHIVAM~1\AppData\Local\Temp\cc9C2tQh.ltrans1.ltrans.o
 .progmem.data._ZL9mmu2Magic
                0x0000000000008e27        0x6 C:\Users\SHIVAM~1\AppData\Local\Temp\cc9C2tQh.ltrans1.ltrans.o
 .progmem.data._ZL5m2bed
                0x0000000000008e2d       0x12 C:\Users\SHIVAM~1\AppData\Local\Temp\cc9C2tQh.ltrans2.ltrans.o
 .progmem.data._ZL8m2hotend
                0x0000000000008e3f       0x15 C:\Users\SHIVAM~1\AppData\Local\Temp\cc9C2tQh.ltrans2.ltrans.o
 .progmem.data._ZZL39recover_machine_state_after_power_panicvE3__c
                0x0000000000008e54       0x32 C:\Users\SHIVAM~1\AppData\Local\Temp\cc9C2tQh.ltrans2.ltrans.o
 .progmem.data._ZZL25restore_print_from_eeprombE3__c__12_
                0x0000000000008e86        0xb C:\Users\SHIVAM~1\AppData\Local\Temp\cc9C2tQh.ltrans2.ltrans.o
 .progmem.data._ZZL25restore_print_from_eeprombE3__c__11_
                0x0000000000008e91        0x6 C:\Users\SHIVAM~1\AppData\Local\Temp\cc9C2tQh.ltrans2.ltrans.o
 .progmem.data._ZZL25restore_print_from_eeprombE3__c__10_
                0x0000000000008e97        0xa C:\Users\SHIVAM~1\AppData\Local\Temp\cc9C2tQh.ltrans2.ltrans.o
 .progmem.data._ZZL25restore_print_from_eeprombE3__c_9
                0x0000000000008ea1        0x9 C:\Users\SHIVAM~1\AppData\Local\Temp\cc9C2tQh.ltrans2.ltrans.o
 .progmem.data._ZZL25restore_print_from_eeprombE3__c_8
                0x0000000000008eaa        0x9 C:\Users\SHIVAM~1\AppData\Local\Temp\cc9C2tQh.ltrans2.ltrans.o
 .progmem.data._ZZL25restore_print_from_eeprombE3__c_7
                0x0000000000008eb3        0x7 C:\Users\SHIVAM~1\AppData\Local\Temp\cc9C2tQh.ltrans2.ltrans.o
 .progmem.data._ZZL25restore_print_from_eeprombE3__c_6
                0x0000000000008eba        0x4 C:\Users\SHIVAM~1\AppData\Local\Temp\cc9C2tQh.ltrans2.ltrans.o
 .progmem.data._ZZL25restore_print_from_eeprombE3__c_5
                0x0000000000008ebe        0xb C:\Users\SHIVAM~1\AppData\Local\Temp\cc9C2tQh.ltrans2.ltrans.o
 .progmem.data._ZZL25restore_print_from_eeprombE3__c_4
                0x0000000000008ec9       0x1a C:\Users\SHIVAM~1\AppData\Local\Temp\cc9C2tQh.ltrans2.ltrans.o
 .progmem.data._ZZL25restore_print_from_eeprombE3__c_3
                0x0000000000008ee3        0xa C:\Users\SHIVAM~1\AppData\Local\Temp\cc9C2tQh.ltrans2.ltrans.o
 .progmem.data._ZZL25restore_print_from_eeprombE3__c_2
                0x0000000000008eed        0xd C:\Users\SHIVAM~1\AppData\Local\Temp\cc9C2tQh.ltrans2.ltrans.o
 .progmem.data._ZZL25restore_print_from_eeprombE3__c_1
                0x0000000000008efa       0x17 C:\Users\SHIVAM~1\AppData\Local\Temp\cc9C2tQh.ltrans2.ltrans.o
 .progmem.data._ZZL25restore_print_from_eeprombE3__c_0
                0x0000000000008f11       0x10 C:\Users\SHIVAM~1\AppData\Local\Temp\cc9C2tQh.ltrans2.ltrans.o
 .progmem.data._ZZL25restore_print_from_eeprombE3__c
                0x0000000000008f21        0xa C:\Users\SHIVAM~1\AppData\Local\Temp\cc9C2tQh.ltrans2.ltrans.o
 .progmem.data._ZZ13recover_printhE3__c_4
                0x0000000000008f2b        0xb C:\Users\SHIVAM~1\AppData\Local\Temp\cc9C2tQh.ltrans2.ltrans.o
 .progmem.data._ZZ13recover_printhE3__c_3
                0x0000000000008f36        0x9 C:\Users\SHIVAM~1\AppData\Local\Temp\cc9C2tQh.ltrans2.ltrans.o
 .progmem.data._ZZ13recover_printhE3__c_2
                0x0000000000008f3f        0x9 C:\Users\SHIVAM~1\AppData\Local\Temp\cc9C2tQh.ltrans2.ltrans.o
 .progmem.data._ZZ13recover_printhE3__c_1
                0x0000000000008f48        0x9 C:\Users\SHIVAM~1\AppData\Local\Temp\cc9C2tQh.ltrans2.ltrans.o
 .progmem.data._ZZ13recover_printhE3__c_0
                0x0000000000008f51        0x8 C:\Users\SHIVAM~1\AppData\Local\Temp\cc9C2tQh.ltrans2.ltrans.o
 .progmem.data._ZZ13recover_printhE3__c
                0x0000000000008f59        0xe C:\Users\SHIVAM~1\AppData\Local\Temp\cc9C2tQh.ltrans2.ltrans.o
 .progmem.data._ZL6crctab
                0x0000000000008f67      0x200 C:\Users\SHIVAM~1\AppData\Local\Temp\cc9C2tQh.ltrans2.ltrans.o
 .progmem.data._ZZN10SdBaseFile10make83NameEPKcPhPS1_E3__c
                0x0000000000009167        0x9 C:\Users\SHIVAM~1\AppData\Local\Temp\cc9C2tQh.ltrans2.ltrans.o
 .progmem.data.speed_lookuptable_slow
                0x0000000000009170      0x400 C:\Users\SHIVAM~1\AppData\Local\Temp\cc9C2tQh.ltrans2.ltrans.o
 .progmem.data.speed_lookuptable_fast
                0x0000000000009570      0x400 C:\Users\SHIVAM~1\AppData\Local\Temp\cc9C2tQh.ltrans2.ltrans.o
 .progmem.data._ZZ12PID_autotunefiiE3__c__16_
                0x0000000000009970       0x5c C:\Users\SHIVAM~1\AppData\Local\Temp\cc9C2tQh.ltrans2.ltrans.o
 .progmem.data._ZZ12PID_autotunefiiE3__c__15_
                0x00000000000099cc       0x1d C:\Users\SHIVAM~1\AppData\Local\Temp\cc9C2tQh.ltrans2.ltrans.o
 .progmem.data._ZZ12PID_autotunefiiE3__c__14_
                0x00000000000099e9        0x4 C:\Users\SHIVAM~1\AppData\Local\Temp\cc9C2tQh.ltrans2.ltrans.o
 .progmem.data._ZZ12PID_autotunefiiE3__c__13_
                0x00000000000099ed        0x3 C:\Users\SHIVAM~1\AppData\Local\Temp\cc9C2tQh.ltrans2.ltrans.o
 .progmem.data._ZZ12PID_autotunefiiE3__c__12_
                0x00000000000099f0        0x3 C:\Users\SHIVAM~1\AppData\Local\Temp\cc9C2tQh.ltrans2.ltrans.o
 .progmem.data._ZZ12PID_autotunefiiE3__c__11_
                0x00000000000099f3       0x2a C:\Users\SHIVAM~1\AppData\Local\Temp\cc9C2tQh.ltrans2.ltrans.o
 .progmem.data._ZZ12PID_autotunefiiE3__c__10_
                0x0000000000009a1d        0x6 C:\Users\SHIVAM~1\AppData\Local\Temp\cc9C2tQh.ltrans2.ltrans.o
 .progmem.data._ZZ12PID_autotunefiiE3__c_9
                0x0000000000009a23        0x6 C:\Users\SHIVAM~1\AppData\Local\Temp\cc9C2tQh.ltrans2.ltrans.o
 .progmem.data._ZZ12PID_autotunefiiE3__c_8
                0x0000000000009a29        0x6 C:\Users\SHIVAM~1\AppData\Local\Temp\cc9C2tQh.ltrans2.ltrans.o
 .progmem.data._ZZ12PID_autotunefiiE3__c_7
                0x0000000000009a2f        0xe C:\Users\SHIVAM~1\AppData\Local\Temp\cc9C2tQh.ltrans2.ltrans.o
 .progmem.data._ZZ12PID_autotunefiiE3__c_6
                0x0000000000009a3d        0x6 C:\Users\SHIVAM~1\AppData\Local\Temp\cc9C2tQh.ltrans2.ltrans.o
 .progmem.data._ZZ12PID_autotunefiiE3__c_5
                0x0000000000009a43        0x6 C:\Users\SHIVAM~1\AppData\Local\Temp\cc9C2tQh.ltrans2.ltrans.o
 .progmem.data._ZZ12PID_autotunefiiE3__c_4
                0x0000000000009a49        0x7 C:\Users\SHIVAM~1\AppData\Local\Temp\cc9C2tQh.ltrans2.ltrans.o
 .progmem.data._ZZ12PID_autotunefiiE3__c_3
                0x0000000000009a50        0x7 C:\Users\SHIVAM~1\AppData\Local\Temp\cc9C2tQh.ltrans2.ltrans.o
 .progmem.data._ZZ12PID_autotunefiiE3__c_2
                0x0000000000009a57        0x5 C:\Users\SHIVAM~1\AppData\Local\Temp\cc9C2tQh.ltrans2.ltrans.o
 .progmem.data._ZZ12PID_autotunefiiE3__c_1
                0x0000000000009a5c        0x8 C:\Users\SHIVAM~1\AppData\Local\Temp\cc9C2tQh.ltrans2.ltrans.o
 .progmem.data._ZZ12PID_autotunefiiE3__c_0
                0x0000000000009a64       0x13 C:\Users\SHIVAM~1\AppData\Local\Temp\cc9C2tQh.ltrans2.ltrans.o
 .progmem.data._ZZ12PID_autotunefiiE3__c
                0x0000000000009a77       0x2a C:\Users\SHIVAM~1\AppData\Local\Temp\cc9C2tQh.ltrans2.ltrans.o
 .progmem.data._ZZN13thermal_modelL7log_usrEvE3__c
                0x0000000000009aa1       0x16 C:\Users\SHIVAM~1\AppData\Local\Temp\cc9C2tQh.ltrans2.ltrans.o
 .progmem.data._ZZL14min_temp_errorhE3err
                0x0000000000009ab7        0x8 C:\Users\SHIVAM~1\AppData\Local\Temp\cc9C2tQh.ltrans2.ltrans.o
 .progmem.data._ZZL18bed_min_temp_errorvE3err
                0x0000000000009abf        0xc C:\Users\SHIVAM~1\AppData\Local\Temp\cc9C2tQh.ltrans2.ltrans.o
 .progmem.data._ZZL22ambient_min_temp_errorvE3__c
                0x0000000000009acb        0xc C:\Users\SHIVAM~1\AppData\Local\Temp\cc9C2tQh.ltrans2.ltrans.o
 .progmem.data._ZZL14max_temp_errorhE3__c
                0x0000000000009ad7        0x8 C:\Users\SHIVAM~1\AppData\Local\Temp\cc9C2tQh.ltrans2.ltrans.o
 .progmem.data._ZZL18bed_max_temp_errorvE3__c
                0x0000000000009adf        0xc C:\Users\SHIVAM~1\AppData\Local\Temp\cc9C2tQh.ltrans2.ltrans.o
 .progmem.data._ZZL22ambient_max_temp_errorvE3__c
                0x0000000000009aeb        0xc C:\Users\SHIVAM~1\AppData\Local\Temp\cc9C2tQh.ltrans2.ltrans.o
 .progmem.data._ZZ17handle_temp_errorvE3__c_0
                0x0000000000009af7       0x12 C:\Users\SHIVAM~1\AppData\Local\Temp\cc9C2tQh.ltrans2.ltrans.o
 .progmem.data._ZZ17handle_temp_errorvE3__c
                0x0000000000009b09       0x15 C:\Users\SHIVAM~1\AppData\Local\Temp\cc9C2tQh.ltrans2.ltrans.o
 .progmem.data._ZZN13thermal_modelL14handle_warningEvE3__c
                0x0000000000009b1e       0x13 C:\Users\SHIVAM~1\AppData\Local\Temp\cc9C2tQh.ltrans2.ltrans.o
 .progmem.data._ZL11temptable_1
                0x0000000000009b31       0xf4 C:\Users\SHIVAM~1\AppData\Local\Temp\cc9C2tQh.ltrans2.ltrans.o
 .progmem.data._ZL14temptable_2000
                0x0000000000009c25       0x88 C:\Users\SHIVAM~1\AppData\Local\Temp\cc9C2tQh.ltrans2.ltrans.o
 .progmem.data._ZZL17temp_runaway_stopbbE3__c_6
                0x0000000000009cad       0x18 C:\Users\SHIVAM~1\AppData\Local\Temp\cc9C2tQh.ltrans2.ltrans.o
 .progmem.data._ZZL17temp_runaway_stopbbE3__c_5
                0x0000000000009cc5       0x19 C:\Users\SHIVAM~1\AppData\Local\Temp\cc9C2tQh.ltrans2.ltrans.o
 .progmem.data._ZZL17temp_runaway_stopbbE3__c_4
                0x0000000000009cde       0x10 C:\Users\SHIVAM~1\AppData\Local\Temp\cc9C2tQh.ltrans2.ltrans.o
 .progmem.data._ZZL17temp_runaway_stopbbE3__c_3
                0x0000000000009cee       0x14 C:\Users\SHIVAM~1\AppData\Local\Temp\cc9C2tQh.ltrans2.ltrans.o
 .progmem.data._ZZL17temp_runaway_stopbbE3__c_2
                0x0000000000009d02       0x22 C:\Users\SHIVAM~1\AppData\Local\Temp\cc9C2tQh.ltrans2.ltrans.o
 .progmem.data._ZZL17temp_runaway_stopbbE3__c_1
                0x0000000000009d24       0x23 C:\Users\SHIVAM~1\AppData\Local\Temp\cc9C2tQh.ltrans2.ltrans.o
 .progmem.data._ZZL17temp_runaway_stopbbE3__c_0
                0x0000000000009d47        0xe C:\Users\SHIVAM~1\AppData\Local\Temp\cc9C2tQh.ltrans2.ltrans.o
 .progmem.data._ZZL17temp_runaway_stopbbE3__c
                0x0000000000009d55       0x12 C:\Users\SHIVAM~1\AppData\Local\Temp\cc9C2tQh.ltrans2.ltrans.o
 .progmem.data._ZZL21temp_error_messagepgmPKchE3__c_2
                0x0000000000009d67        0xc C:\Users\SHIVAM~1\AppData\Local\Temp\cc9C2tQh.ltrans2.ltrans.o
 .progmem.data._ZZL21temp_error_messagepgmPKchE3__c_1
                0x0000000000009d73       0x17 C:\Users\SHIVAM~1\AppData\Local\Temp\cc9C2tQh.ltrans2.ltrans.o
 .progmem.data._ZZL21temp_error_messagepgmPKchE3__c_0
                0x0000000000009d8a        0x3 C:\Users\SHIVAM~1\AppData\Local\Temp\cc9C2tQh.ltrans2.ltrans.o
 .progmem.data._ZZL21temp_error_messagepgmPKchE3__c
                0x0000000000009d8d        0x6 C:\Users\SHIVAM~1\AppData\Local\Temp\cc9C2tQh.ltrans2.ltrans.o
 .progmem.data._ZZ18lcd_buttons_updatevE12encrot_table
                0x0000000000009d93       0x10 C:\Users\SHIVAM~1\AppData\Local\Temp\cc9C2tQh.ltrans2.ltrans.o
 .progmem.data._ZZN23alert_automaton_mintemp4stepEffE2m1
                0x0000000000009da3        0xf C:\Users\SHIVAM~1\AppData\Local\Temp\cc9C2tQh.ltrans2.ltrans.o
 .progmem.data._ZZ25thermal_model_set_enabledbE3__c
                0x0000000000009db2       0x26 C:\Users\SHIVAM~1\AppData\Local\Temp\cc9C2tQh.ltrans2.ltrans.o
 .progmem.data._ZZ29thermal_model_report_settingsvE3__c_1
                0x0000000000009dd8       0x46 C:\Users\SHIVAM~1\AppData\Local\Temp\cc9C2tQh.ltrans2.ltrans.o
 .progmem.data._ZZ29thermal_model_report_settingsvE3__c_0
                0x0000000000009e1e       0x14 C:\Users\SHIVAM~1\AppData\Local\Temp\cc9C2tQh.ltrans2.ltrans.o
 .progmem.data._ZZ29thermal_model_report_settingsvE3__c
                0x0000000000009e32       0x18 C:\Users\SHIVAM~1\AppData\Local\Temp\cc9C2tQh.ltrans2.ltrans.o
 .progmem.data._ZL23THERMAL_MODEL_R_DEFAULT
                0x0000000000009e4a       0x40 C:\Users\SHIVAM~1\AppData\Local\Temp\cc9C2tQh.ltrans2.ltrans.o
 .progmem.data.eMotorCurrentScalingEnabled
                0x0000000000009e8a       0x20 C:\Users\SHIVAM~1\AppData\Local\Temp\cc9C2tQh.ltrans2.ltrans.o
                0x0000000000009e8a                eMotorCurrentScalingEnabled
 .progmem.data._ZL17homing_currents_P
                0x0000000000009eaa        0xc C:\Users\SHIVAM~1\AppData\Local\Temp\cc9C2tQh.ltrans2.ltrans.o
 .progmem.data._ZZ18tmc2130_home_enterhE3__c
                0x0000000000009eb6       0x26 C:\Users\SHIVAM~1\AppData\Local\Temp\cc9C2tQh.ltrans2.ltrans.o
 .progmem.data._ZZ17tmc2130_home_exitvE3__c
                0x0000000000009edc       0x36 C:\Users\SHIVAM~1\AppData\Local\Temp\cc9C2tQh.ltrans2.ltrans.o
 .progmem.data._ZZ22tmc2130_home_calibratehE3__c_3
                0x0000000000009f12       0x12 C:\Users\SHIVAM~1\AppData\Local\Temp\cc9C2tQh.ltrans2.ltrans.o
 .progmem.data._ZZ22tmc2130_home_calibratehE3__c_2
                0x0000000000009f24       0x18 C:\Users\SHIVAM~1\AppData\Local\Temp\cc9C2tQh.ltrans2.ltrans.o
 .progmem.data._ZZ22tmc2130_home_calibratehE3__c_1
                0x0000000000009f3c        0xa C:\Users\SHIVAM~1\AppData\Local\Temp\cc9C2tQh.ltrans2.ltrans.o
 .progmem.data._ZZ22tmc2130_home_calibratehE3__c_0
                0x0000000000009f46       0x11 C:\Users\SHIVAM~1\AppData\Local\Temp\cc9C2tQh.ltrans2.ltrans.o
 .progmem.data._ZZ22tmc2130_home_calibratehE3__c
                0x0000000000009f57       0x10 C:\Users\SHIVAM~1\AppData\Local\Temp\cc9C2tQh.ltrans2.ltrans.o
 .progmem.data._ZZ11__vector_51E3__c
                0x0000000000009f67       0x12 C:\Users\SHIVAM~1\AppData\Local\Temp\cc9C2tQh.ltrans2.ltrans.o
 .progmem.data._ZZ23lcdui_print_status_linevE3__c_2
                0x0000000000009f79        0x3 C:\Users\SHIVAM~1\AppData\Local\Temp\cc9C2tQh.ltrans2.ltrans.o
 .progmem.data._ZZ23lcdui_print_status_linevE3__c_1
                0x0000000000009f7c        0xe C:\Users\SHIVAM~1\AppData\Local\Temp\cc9C2tQh.ltrans2.ltrans.o
 .progmem.data._ZZ23lcdui_print_status_linevE3__c_0
                0x0000000000009f8a        0x9 C:\Users\SHIVAM~1\AppData\Local\Temp\cc9C2tQh.ltrans2.ltrans.o
 .progmem.data._ZZ23lcdui_print_status_linevE3__c
                0x0000000000009f93        0x4 C:\Users\SHIVAM~1\AppData\Local\Temp\cc9C2tQh.ltrans2.ltrans.o
 .progmem.data._ZZ24lcdui_print_percent_donevE3__c_3
                0x0000000000009f97        0x4 C:\Users\SHIVAM~1\AppData\Local\Temp\cc9C2tQh.ltrans2.ltrans.o
 .progmem.data._ZZ24lcdui_print_percent_donevE3__c_2
                0x0000000000009f9b        0x5 C:\Users\SHIVAM~1\AppData\Local\Temp\cc9C2tQh.ltrans2.ltrans.o
 .progmem.data._ZZ16lcdui_print_timevE3__c_1
                0x0000000000009fa0        0xa C:\Users\SHIVAM~1\AppData\Local\Temp\cc9C2tQh.ltrans2.ltrans.o
 .progmem.data._ZZ22lcd_menu_extruder_infovE3__c
                0x0000000000009faa       0x1b C:\Users\SHIVAM~1\AppData\Local\Temp\cc9C2tQh.ltrans2.ltrans.o
 .progmem.data._ZZL30lcd_menu_fails_stats_mmu_printvE3__c
                0x0000000000009fc5       0x1f C:\Users\SHIVAM~1\AppData\Local\Temp\cc9C2tQh.ltrans2.ltrans.o
 .progmem.data._ZZL30lcd_menu_fails_stats_mmu_totalvE3__c
                0x0000000000009fe4       0x2d C:\Users\SHIVAM~1\AppData\Local\Temp\cc9C2tQh.ltrans2.ltrans.o
 .progmem.data._ZL12failStatsFmt
                0x000000000000a011       0x35 C:\Users\SHIVAM~1\AppData\Local\Temp\cc9C2tQh.ltrans2.ltrans.o
 .progmem.data._ZZL26lcd_menu_temperatures_linePKciE3__c
                0x000000000000a046        0xa C:\Users\SHIVAM~1\AppData\Local\Temp\cc9C2tQh.ltrans2.ltrans.o
 .progmem.data._ZZL17lcd_menu_voltagesvE3__c
                0x000000000000a050       0x24 C:\Users\SHIVAM~1\AppData\Local\Temp\cc9C2tQh.ltrans2.ltrans.o
 .progmem.data._ZZL20lcd_menu_belt_statusvE3__c
                0x000000000000a074        0xf C:\Users\SHIVAM~1\AppData\Local\Temp\cc9C2tQh.ltrans2.ltrans.o
 .progmem.data._ZZ10ip4_to_strPcPhE3__c
                0x000000000000a083        0xc C:\Users\SHIVAM~1\AppData\Local\Temp\cc9C2tQh.ltrans2.ltrans.o
 .progmem.data._ZZL16lcd_support_menuvE3__c__15_
                0x000000000000a08f        0x2 C:\Users\SHIVAM~1\AppData\Local\Temp\cc9C2tQh.ltrans2.ltrans.o
 .progmem.data._ZZL16lcd_support_menuvE3__c__14_
                0x000000000000a091        0x2 C:\Users\SHIVAM~1\AppData\Local\Temp\cc9C2tQh.ltrans2.ltrans.o
 .progmem.data._ZZL16lcd_support_menuvE3__c__13_
                0x000000000000a093       0x12 C:\Users\SHIVAM~1\AppData\Local\Temp\cc9C2tQh.ltrans2.ltrans.o
 .progmem.data._ZZL16lcd_support_menuvE3__c__12_
                0x000000000000a0a5        0xf C:\Users\SHIVAM~1\AppData\Local\Temp\cc9C2tQh.ltrans2.ltrans.o
 .progmem.data._ZZL16lcd_support_menuvE3__c__11_
                0x000000000000a0b4        0x9 C:\Users\SHIVAM~1\AppData\Local\Temp\cc9C2tQh.ltrans2.ltrans.o
 .progmem.data._ZZL16lcd_support_menuvE3__c__10_
                0x000000000000a0bd        0x5 C:\Users\SHIVAM~1\AppData\Local\Temp\cc9C2tQh.ltrans2.ltrans.o
 .progmem.data._ZZL16lcd_support_menuvE3__c_9
                0x000000000000a0c2        0xb C:\Users\SHIVAM~1\AppData\Local\Temp\cc9C2tQh.ltrans2.ltrans.o
 .progmem.data._ZZL16lcd_support_menuvE3__c_8
                0x000000000000a0cd        0x8 C:\Users\SHIVAM~1\AppData\Local\Temp\cc9C2tQh.ltrans2.ltrans.o
 .progmem.data._ZZL16lcd_support_menuvE3__c_7
                0x000000000000a0d5        0xa C:\Users\SHIVAM~1\AppData\Local\Temp\cc9C2tQh.ltrans2.ltrans.o
 .progmem.data._ZZL16lcd_support_menuvE3__c_6
                0x000000000000a0df        0xb C:\Users\SHIVAM~1\AppData\Local\Temp\cc9C2tQh.ltrans2.ltrans.o
 .progmem.data._ZZL16lcd_support_menuvE3__c_2
                0x000000000000a0ea       0x10 C:\Users\SHIVAM~1\AppData\Local\Temp\cc9C2tQh.ltrans2.ltrans.o
 .progmem.data._ZZL16lcd_support_menuvE3__c_1
                0x000000000000a0fa       0x15 C:\Users\SHIVAM~1\AppData\Local\Temp\cc9C2tQh.ltrans2.ltrans.o
 .progmem.data._ZZL16lcd_support_menuvE3__c_0
                0x000000000000a10f        0xd C:\Users\SHIVAM~1\AppData\Local\Temp\cc9C2tQh.ltrans2.ltrans.o
 .progmem.data._ZZL16lcd_support_menuvE3__c
                0x000000000000a11c        0xa C:\Users\SHIVAM~1\AppData\Local\Temp\cc9C2tQh.ltrans2.ltrans.o
 .progmem.data._ZZ13mFilamentItemjjE3__c
                0x000000000000a126        0x2 C:\Users\SHIVAM~1\AppData\Local\Temp\cc9C2tQh.ltrans2.ltrans.o
 .progmem.data._ZZ24lcd_generic_preheat_menuvE3__c__20_
                0x000000000000a128        0xf C:\Users\SHIVAM~1\AppData\Local\Temp\cc9C2tQh.ltrans2.ltrans.o
 .progmem.data._ZZ24lcd_generic_preheat_menuvE3__c__19_
                0x000000000000a137        0xc C:\Users\SHIVAM~1\AppData\Local\Temp\cc9C2tQh.ltrans2.ltrans.o
 .progmem.data._ZZ24lcd_generic_preheat_menuvE3__c__18_
                0x000000000000a143       0x10 C:\Users\SHIVAM~1\AppData\Local\Temp\cc9C2tQh.ltrans2.ltrans.o
 .progmem.data._ZZ24lcd_generic_preheat_menuvE3__c__17_
                0x000000000000a153        0xc C:\Users\SHIVAM~1\AppData\Local\Temp\cc9C2tQh.ltrans2.ltrans.o
 .progmem.data._ZZ24lcd_generic_preheat_menuvE3__c__16_
                0x000000000000a15f       0x10 C:\Users\SHIVAM~1\AppData\Local\Temp\cc9C2tQh.ltrans2.ltrans.o
 .progmem.data._ZZ24lcd_generic_preheat_menuvE3__c__15_
                0x000000000000a16f        0xc C:\Users\SHIVAM~1\AppData\Local\Temp\cc9C2tQh.ltrans2.ltrans.o
 .progmem.data._ZZ24lcd_generic_preheat_menuvE3__c__14_
                0x000000000000a17b       0x10 C:\Users\SHIVAM~1\AppData\Local\Temp\cc9C2tQh.ltrans2.ltrans.o
 .progmem.data._ZZ24lcd_generic_preheat_menuvE3__c__13_
                0x000000000000a18b        0xc C:\Users\SHIVAM~1\AppData\Local\Temp\cc9C2tQh.ltrans2.ltrans.o
 .progmem.data._ZZ24lcd_generic_preheat_menuvE3__c__12_
                0x000000000000a197        0xf C:\Users\SHIVAM~1\AppData\Local\Temp\cc9C2tQh.ltrans2.ltrans.o
 .progmem.data._ZZ24lcd_generic_preheat_menuvE3__c__11_
                0x000000000000a1a6        0xc C:\Users\SHIVAM~1\AppData\Local\Temp\cc9C2tQh.ltrans2.ltrans.o
 .progmem.data._ZZ24lcd_generic_preheat_menuvE3__c__10_
                0x000000000000a1b2        0xf C:\Users\SHIVAM~1\AppData\Local\Temp\cc9C2tQh.ltrans2.ltrans.o
 .progmem.data._ZZ24lcd_generic_preheat_menuvE3__c_9
                0x000000000000a1c1        0xc C:\Users\SHIVAM~1\AppData\Local\Temp\cc9C2tQh.ltrans2.ltrans.o
 .progmem.data._ZZ24lcd_generic_preheat_menuvE3__c_8
                0x000000000000a1cd       0x10 C:\Users\SHIVAM~1\AppData\Local\Temp\cc9C2tQh.ltrans2.ltrans.o
 .progmem.data._ZZ24lcd_generic_preheat_menuvE3__c_7
                0x000000000000a1dd        0xc C:\Users\SHIVAM~1\AppData\Local\Temp\cc9C2tQh.ltrans2.ltrans.o
 .progmem.data._ZZ24lcd_generic_preheat_menuvE3__c_6
                0x000000000000a1e9       0x10 C:\Users\SHIVAM~1\AppData\Local\Temp\cc9C2tQh.ltrans2.ltrans.o
 .progmem.data._ZZ24lcd_generic_preheat_menuvE3__c_5
                0x000000000000a1f9        0xc C:\Users\SHIVAM~1\AppData\Local\Temp\cc9C2tQh.ltrans2.ltrans.o
 .progmem.data._ZZ24lcd_generic_preheat_menuvE3__c_4
                0x000000000000a205        0xf C:\Users\SHIVAM~1\AppData\Local\Temp\cc9C2tQh.ltrans2.ltrans.o
 .progmem.data._ZZ24lcd_generic_preheat_menuvE3__c_3
                0x000000000000a214        0xc C:\Users\SHIVAM~1\AppData\Local\Temp\cc9C2tQh.ltrans2.ltrans.o
 .progmem.data._ZZ24lcd_generic_preheat_menuvE3__c_2
                0x000000000000a220        0xf C:\Users\SHIVAM~1\AppData\Local\Temp\cc9C2tQh.ltrans2.ltrans.o
 .progmem.data._ZZ24lcd_generic_preheat_menuvE3__c_1
                0x000000000000a22f        0xc C:\Users\SHIVAM~1\AppData\Local\Temp\cc9C2tQh.ltrans2.ltrans.o
 .progmem.data.menu_fmt_float31
                0x000000000000a23b        0xf C:\Users\SHIVAM~1\AppData\Local\Temp\cc9C2tQh.ltrans2.ltrans.o
 .progmem.data._ZZ10lcd_move_evE3__c
                0x000000000000a24a        0xa C:\Users\SHIVAM~1\AppData\Local\Temp\cc9C2tQh.ltrans2.ltrans.o
 .progmem.data._ZZL19lcd_menu_xyz_offsetvE3__c
                0x000000000000a254        0xb C:\Users\SHIVAM~1\AppData\Local\Temp\cc9C2tQh.ltrans2.ltrans.o
 .progmem.data._ZZL10lcd_move_xvE3__c
                0x000000000000a25f        0x3 C:\Users\SHIVAM~1\AppData\Local\Temp\cc9C2tQh.ltrans2.ltrans.o
 .progmem.data._ZZL10lcd_move_yvE3__c
                0x000000000000a262        0x3 C:\Users\SHIVAM~1\AppData\Local\Temp\cc9C2tQh.ltrans2.ltrans.o
 .progmem.data._ZZL10lcd_move_zvE3__c
                0x000000000000a265        0x3 C:\Users\SHIVAM~1\AppData\Local\Temp\cc9C2tQh.ltrans2.ltrans.o
 .progmem.data.menu_fmt_float13
                0x000000000000a268       0x11 C:\Users\SHIVAM~1\AppData\Local\Temp\cc9C2tQh.ltrans2.ltrans.o
 .progmem.data._ZZ12pid_extrudervE3__c
                0x000000000000a279        0x4 C:\Users\SHIVAM~1\AppData\Local\Temp\cc9C2tQh.ltrans2.ltrans.o
 .progmem.data._ZZ24lcd_temp_cal_show_resultbE3__c_0
                0x000000000000a27d       0x3b C:\Users\SHIVAM~1\AppData\Local\Temp\cc9C2tQh.ltrans2.ltrans.o
 .progmem.data._ZZ24lcd_temp_cal_show_resultbE3__c
                0x000000000000a2b8       0x39 C:\Users\SHIVAM~1\AppData\Local\Temp\cc9C2tQh.ltrans2.ltrans.o
 .progmem.data._ZL11temptable_5
                0x000000000000a2f1       0x80 C:\Users\SHIVAM~1\AppData\Local\Temp\cc9C2tQh.ltrans3.ltrans.o
 .progmem.data._ZZ20xyzcal_measure_entervE3__c_0
                0x000000000000a371       0x11 C:\Users\SHIVAM~1\AppData\Local\Temp\cc9C2tQh.ltrans3.ltrans.o
 .progmem.data._ZZ20xyzcal_measure_entervE3__c
                0x000000000000a382       0x16 C:\Users\SHIVAM~1\AppData\Local\Temp\cc9C2tQh.ltrans3.ltrans.o
 .progmem.data._ZZ14xyzcal_spiral8iiiiijaPjE3__c
                0x000000000000a398       0x38 C:\Users\SHIVAM~1\AppData\Local\Temp\cc9C2tQh.ltrans3.ltrans.o
 .progmem.data._ZZ14xyzcal_searchZvE3__c_1
                0x000000000000a3d0       0x2d C:\Users\SHIVAM~1\AppData\Local\Temp\cc9C2tQh.ltrans3.ltrans.o
 .progmem.data._ZZ14xyzcal_searchZvE3__c_0
                0x000000000000a3fd       0x24 C:\Users\SHIVAM~1\AppData\Local\Temp\cc9C2tQh.ltrans3.ltrans.o
 .progmem.data._ZZ14xyzcal_searchZvE3__c
                0x000000000000a421       0x22 C:\Users\SHIVAM~1\AppData\Local\Temp\cc9C2tQh.ltrans3.ltrans.o
 .progmem.data._ZZ11print_imagePKhE3__c
                0x000000000000a443        0x5 C:\Users\SHIVAM~1\AppData\Local\Temp\cc9C2tQh.ltrans3.ltrans.o
 .progmem.data._ZZ23xyzcal_scan_and_processvE3__c_0
                0x000000000000a448       0x1c C:\Users\SHIVAM~1\AppData\Local\Temp\cc9C2tQh.ltrans3.ltrans.o
 .progmem.data._ZZ23xyzcal_scan_and_processvE3__c
                0x000000000000a464       0x1c C:\Users\SHIVAM~1\AppData\Local\Temp\cc9C2tQh.ltrans3.ltrans.o
 .progmem.data._ZL23xyzcal_point_pattern_10
                0x000000000000a480       0x18 C:\Users\SHIVAM~1\AppData\Local\Temp\cc9C2tQh.ltrans3.ltrans.o
 .progmem.data._ZL23xyzcal_point_pattern_08
                0x000000000000a498       0x18 C:\Users\SHIVAM~1\AppData\Local\Temp\cc9C2tQh.ltrans3.ltrans.o
 .progmem.data._ZZ20xyzcal_measure_leavevE3__c
                0x000000000000a4b0       0x16 C:\Users\SHIVAM~1\AppData\Local\Temp\cc9C2tQh.ltrans3.ltrans.o
 .progmem.data._ZZ24find_bed_offset_and_skewaRhE3__c_5
                0x000000000000a4c6        0x4 C:\Users\SHIVAM~1\AppData\Local\Temp\cc9C2tQh.ltrans3.ltrans.o
 .progmem.data._ZZ24find_bed_offset_and_skewaRhE3__c_4
                0x000000000000a4ca       0x32 C:\Users\SHIVAM~1\AppData\Local\Temp\cc9C2tQh.ltrans3.ltrans.o
 .progmem.data._ZZ24find_bed_offset_and_skewaRhE3__c_3
                0x000000000000a4fc        0x1 C:\Users\SHIVAM~1\AppData\Local\Temp\cc9C2tQh.ltrans3.ltrans.o
 .progmem.data.bed_ref_points_4
                0x000000000000a4fd       0x20 C:\Users\SHIVAM~1\AppData\Local\Temp\cc9C2tQh.ltrans3.ltrans.o
                0x000000000000a4fd                bed_ref_points_4
 .progmem.data._ZZ24find_bed_offset_and_skewaRhE3__c_0
                0x000000000000a51d        0x5 C:\Users\SHIVAM~1\AppData\Local\Temp\cc9C2tQh.ltrans3.ltrans.o
 .progmem.data._ZZ24find_bed_offset_and_skewaRhE3__c
                0x000000000000a522        0xc C:\Users\SHIVAM~1\AppData\Local\Temp\cc9C2tQh.ltrans3.ltrans.o
 .progmem.data._ZZ9gcode_M45baE3__c_2
                0x000000000000a52e       0x32 C:\Users\SHIVAM~1\AppData\Local\Temp\cc9C2tQh.ltrans3.ltrans.o
 .progmem.data._ZZ14xyzcal_spiral2iiiiiijaPjE3__c
                0x000000000000a560       0x38 C:\Users\SHIVAM~1\AppData\Local\Temp\cc9C2tQh.ltrans3.ltrans.o
 .progmem.data._ZL4endl
                0x000000000000a598        0x2 C:\Users\SHIVAM~1\AppData\Local\Temp\cc9C2tQh.ltrans3.ltrans.o
 .progmem.data._ZZ29xyzcal_scan_pixels_32x32_ZhopiiiijPhE3__c_1
                0x000000000000a59a        0xf C:\Users\SHIVAM~1\AppData\Local\Temp\cc9C2tQh.ltrans3.ltrans.o
 .progmem.data._ZZ29xyzcal_scan_pixels_32x32_ZhopiiiijPhE3__c_0
                0x000000000000a5a9        0x4 C:\Users\SHIVAM~1\AppData\Local\Temp\cc9C2tQh.ltrans3.ltrans.o
 .progmem.data._ZZ29xyzcal_scan_pixels_32x32_ZhopiiiijPhE3__c
                0x000000000000a5ad       0x11 C:\Users\SHIVAM~1\AppData\Local\Temp\cc9C2tQh.ltrans3.ltrans.o
 .progmem.data._ZZ34xyzcal_find_pattern_12x12_in_32x32PhPjS_S_E3__c
                0x000000000000a5be       0x24 C:\Users\SHIVAM~1\AppData\Local\Temp\cc9C2tQh.ltrans3.ltrans.o
 .progmem.data._ZZ14dynamic_circlePhRfS0_S0_hE3__c
                0x000000000000a5e2       0x1c C:\Users\SHIVAM~1\AppData\Local\Temp\cc9C2tQh.ltrans3.ltrans.o
 .progmem.data._ZZ17tmc2130_goto_stephhhjjE3__c
                0x000000000000a5fe       0x20 C:\Users\SHIVAM~1\AppData\Local\Temp\cc9C2tQh.ltrans3.ltrans.o
 .progmem.data._ZL16ramming_sequence.lto_priv.401
                0x000000000000a61e       0x90 C:\Users\SHIVAM~1\AppData\Local\Temp\cc9C2tQh.ltrans3.ltrans.o
                0x000000000000a61e                _ZL16ramming_sequence.lto_priv.401
 .progmem.data._ZZN4MMU213ProtocolLogic18ResetRetryAttemptsEvE3__c.lto_priv.399
                0x000000000000a6ae       0x13 C:\Users\SHIVAM~1\AppData\Local\Temp\cc9C2tQh.ltrans3.ltrans.o
                0x000000000000a6ae                _ZZN4MMU213ProtocolLogic18ResetRetryAttemptsEvE3__c.lto_priv.399
 .progmem.data._ZZN4MMU24MMU215manage_responseEbbE3__c_1
                0x000000000000a6c1       0x16 C:\Users\SHIVAM~1\AppData\Local\Temp\cc9C2tQh.ltrans3.ltrans.o
 .progmem.data._ZZN4MMU24MMU215manage_responseEbbE3__c_0
                0x000000000000a6d7       0x10 C:\Users\SHIVAM~1\AppData\Local\Temp\cc9C2tQh.ltrans3.ltrans.o
 .progmem.data._ZZN4MMU24MMU215manage_responseEbbE3__c
                0x000000000000a6e7       0x18 C:\Users\SHIVAM~1\AppData\Local\Temp\cc9C2tQh.ltrans3.ltrans.o
 .progmem.data._ZZN4MMU24MMU211SaveAndParkEbE3__c
                0x000000000000a6ff       0x13 C:\Users\SHIVAM~1\AppData\Local\Temp\cc9C2tQh.ltrans3.ltrans.o
 .progmem.data._ZZN4MMU24MMU214SaveHotendTempEbE3__c
                0x000000000000a712       0x18 C:\Users\SHIVAM~1\AppData\Local\Temp\cc9C2tQh.ltrans3.ltrans.o
 .progmem.data._ZZN4MMU24MMU212ResumeUnparkEvE3__c
                0x000000000000a72a        0xd C:\Users\SHIVAM~1\AppData\Local\Temp\cc9C2tQh.ltrans3.ltrans.o
 .progmem.data._ZZN4MMU24MMU214SetCurrentToolEhE3__c
                0x000000000000a737        0xa C:\Users\SHIVAM~1\AppData\Local\Temp\cc9C2tQh.ltrans3.ltrans.o
 .progmem.data._ZL9mmu2Magic.lto_priv.374
                0x000000000000a741        0x6 C:\Users\SHIVAM~1\AppData\Local\Temp\cc9C2tQh.ltrans3.ltrans.o