Archive member included to satisfy reference by file (symbol)

c:/prusa-firmware/.dependencies/avr-gcc-7.3.0/bin/../lib/gcc/avr/7.3.0/../../../../avr/lib/avr6\libprintf_flt.a(vfprintf_flt.o)
                              (vfprintf)
libavr_core.a(wiring_digital.c.obj)
                              build_gen/MK3-E3DREVO_HF_60W/CMakeFiles/MK3-E3DREVO_HF_60W_ENGLISH.dir/__/__/Firmware/Marlin_main.cpp.obj (symbol from plugin) (pinMode)
libavr_core.a(hooks.c.obj)    build_gen/MK3-E3DREVO_HF_60W/CMakeFiles/MK3-E3DREVO_HF_60W_ENGLISH.dir/__/__/Firmware/timer02.c.obj (symbol from plugin) (yield)
libavr_core.a(wiring.c.obj)   build_gen/MK3-E3DREVO_HF_60W/CMakeFiles/MK3-E3DREVO_HF_60W_ENGLISH.dir/__/__/Firmware/lcd.cpp.obj (symbol from plugin) (delayMicroseconds)
libavr_core.a(wiring_analog.c.obj)
                              build_gen/MK3-E3DREVO_HF_60W/CMakeFiles/MK3-E3DREVO_HF_60W_ENGLISH.dir/__/__/Firmware/backlight.cpp.obj (symbol from plugin) (analogWrite)
libavr_core.a(main.cpp.obj)   c:/prusa-firmware/.dependencies/avr-gcc-7.3.0/bin/../lib/gcc/avr/7.3.0/../../../../avr/lib/avr6/crtatmega2560.o (main)
c:/prusa-firmware/.dependencies/avr-gcc-7.3.0/bin/../lib/gcc/avr/7.3.0/avr6\libgcc.a(_exit.o)
                              c:/prusa-firmware/.dependencies/avr-gcc-7.3.0/bin/../lib/gcc/avr/7.3.0/../../../../avr/lib/avr6/crtatmega2560.o (exit)
c:/prusa-firmware/.dependencies/avr-gcc-7.3.0/bin/../lib/gcc/avr/7.3.0/../../../../avr/lib/avr6\libm.a(floatsisf.o)
                              build_gen/MK3-E3DREVO_HF_60W/CMakeFiles/MK3-E3DREVO_HF_60W_ENGLISH.dir/__/__/Firmware/strtod.c.obj (symbol from plugin) (__floatunsisf)
c:/prusa-firmware/.dependencies/avr-gcc-7.3.0/bin/../lib/gcc/avr/7.3.0/../../../../avr/lib/avr6\libm.a(square.o)
                              build_gen/MK3-E3DREVO_HF_60W/CMakeFiles/MK3-E3DREVO_HF_60W_ENGLISH.dir/__/__/Firmware/planner.cpp.obj (symbol from plugin) (square)
c:/prusa-firmware/.dependencies/avr-gcc-7.3.0/bin/../lib/gcc/avr/7.3.0/../../../../avr/lib/avr6\libm.a(mulsf3.o)
                              c:/prusa-firmware/.dependencies/avr-gcc-7.3.0/bin/../lib/gcc/avr/7.3.0/../../../../avr/lib/avr6\libm.a(square.o) (__mulsf3)
c:/prusa-firmware/.dependencies/avr-gcc-7.3.0/bin/../lib/gcc/avr/7.3.0/../../../../avr/lib/avr6\libm.a(mulsf3x.o)
                              c:/prusa-firmware/.dependencies/avr-gcc-7.3.0/bin/../lib/gcc/avr/7.3.0/../../../../avr/lib/avr6\libm.a(mulsf3.o) (__mulsf3x)
c:/prusa-firmware/.dependencies/avr-gcc-7.3.0/bin/../lib/gcc/avr/7.3.0/../../../../avr/lib/avr6\libm.a(fp_inf.o)
                              c:/prusa-firmware/.dependencies/avr-gcc-7.3.0/bin/../lib/gcc/avr/7.3.0/../../../../avr/lib/avr6\libm.a(mulsf3x.o) (__fp_inf)
c:/prusa-firmware/.dependencies/avr-gcc-7.3.0/bin/../lib/gcc/avr/7.3.0/../../../../avr/lib/avr6\libm.a(fp_nan.o)
                              c:/prusa-firmware/.dependencies/avr-gcc-7.3.0/bin/../lib/gcc/avr/7.3.0/../../../../avr/lib/avr6\libm.a(mulsf3x.o) (__fp_nan)
c:/prusa-firmware/.dependencies/avr-gcc-7.3.0/bin/../lib/gcc/avr/7.3.0/../../../../avr/lib/avr6\libm.a(fp_pscA.o)
                              c:/prusa-firmware/.dependencies/avr-gcc-7.3.0/bin/../lib/gcc/avr/7.3.0/../../../../avr/lib/avr6\libm.a(mulsf3x.o) (__fp_pscA)
c:/prusa-firmware/.dependencies/avr-gcc-7.3.0/bin/../lib/gcc/avr/7.3.0/../../../../avr/lib/avr6\libm.a(fp_pscB.o)
                              c:/prusa-firmware/.dependencies/avr-gcc-7.3.0/bin/../lib/gcc/avr/7.3.0/../../../../avr/lib/avr6\libm.a(mulsf3x.o) (__fp_pscB)
c:/prusa-firmware/.dependencies/avr-gcc-7.3.0/bin/../lib/gcc/avr/7.3.0/../../../../avr/lib/avr6\libm.a(fp_round.o)
                              c:/prusa-firmware/.dependencies/avr-gcc-7.3.0/bin/../lib/gcc/avr/7.3.0/../../../../avr/lib/avr6\libm.a(mulsf3.o) (__fp_round)
c:/prusa-firmware/.dependencies/avr-gcc-7.3.0/bin/../lib/gcc/avr/7.3.0/../../../../avr/lib/avr6\libm.a(fp_split3.o)
                              c:/prusa-firmware/.dependencies/avr-gcc-7.3.0/bin/../lib/gcc/avr/7.3.0/../../../../avr/lib/avr6\libm.a(mulsf3x.o) (__fp_split3)
c:/prusa-firmware/.dependencies/avr-gcc-7.3.0/bin/../lib/gcc/avr/7.3.0/../../../../avr/lib/avr6\libm.a(fp_zero.o)
                              c:/prusa-firmware/.dependencies/avr-gcc-7.3.0/bin/../lib/gcc/avr/7.3.0/../../../../avr/lib/avr6\libm.a(mulsf3x.o) (__fp_szero)
c:/prusa-firmware/.dependencies/avr-gcc-7.3.0/bin/../lib/gcc/avr/7.3.0/../../../../avr/lib/avr6\libc.a(errno.o)
                              build_gen/MK3-E3DREVO_HF_60W/CMakeFiles/MK3-E3DREVO_HF_60W_ENGLISH.dir/__/__/Firmware/strtod.c.obj (symbol from plugin) (errno)
c:/prusa-firmware/.dependencies/avr-gcc-7.3.0/bin/../lib/gcc/avr/7.3.0/../../../../avr/lib/avr6\libc.a(malloc.o)
                              build_gen/MK3-E3DREVO_HF_60W/CMakeFiles/MK3-E3DREVO_HF_60W_ENGLISH.dir/__/__/Firmware/SdFatUtil.cpp.obj (symbol from plugin) (__brkval)
[...]
Memory Configuration

Name             Origin             Length             Attributes
text             0x0000000000000000 0x000000000003e000 xr
data             0x0000000000800200 0x0000000000002000 rw !x
eeprom           0x0000000000810000 0x0000000000001000 rw !x
fuse             0x0000000000820000 0x0000000000000003 rw !x
lock             0x0000000000830000 0x0000000000000400 rw !x
signature        0x0000000000840000 0x0000000000000400 rw !x
user_signatures  0x0000000000850000 0x0000000000000400 rw !x
*default*        0x0000000000000000 0xffffffffffffffff

Linker script and memory map

Address of section .data set to 0x800200
LOAD c:/prusa-firmware/.dependencies/avr-gcc-7.3.0/bin/../lib/gcc/avr/7.3.0/../../../../avr/lib/avr6/crtatmega2560.o
LOAD c:/prusa-firmware/.dependencies/avr-gcc-7.3.0/bin/../lib/gcc/avr/7.3.0/../../../../avr/lib/avr6\libprintf_flt.a
                [0x000000000003e000]                __TEXT_REGION_LENGTH__ = DEFINED (__TEXT_REGION_LENGTH__)?__TEXT_REGION_LENGTH__:0x100000
                [0x0000000000002000]                __DATA_REGION_LENGTH__ = DEFINED (__DATA_REGION_LENGTH__)?__DATA_REGION_LENGTH__:0xfe00
                [0x0000000000001000]                __EEPROM_REGION_LENGTH__ = DEFINED (__EEPROM_REGION_LENGTH__)?__EEPROM_REGION_LENGTH__:0x10000
                [0x0000000000000003]                __FUSE_REGION_LENGTH__ = DEFINED (__FUSE_REGION_LENGTH__)?__FUSE_REGION_LENGTH__:0x400
                0x0000000000000400                __LOCK_REGION_LENGTH__ = DEFINED (__LOCK_REGION_LENGTH__)?__LOCK_REGION_LENGTH__:0x400
                0x0000000000000400                __SIGNATURE_REGION_LENGTH__ = DEFINED (__SIGNATURE_REGION_LENGTH__)?__SIGNATURE_REGION_LENGTH__:0x400
                0x0000000000000400                __USER_SIGNATURE_REGION_LENGTH__ = DEFINED (__USER_SIGNATURE_REGION_LENGTH__)?__USER_SIGNATURE_REGION_LENGTH__:0x400
                [0x0000000000800200]                __DATA_REGION_ORIGIN__ = DEFINED (__DATA_REGION_ORIGIN__)?__DATA_REGION_ORIGIN__:0x800200

.hash
 *(.hash)

.dynsym
 *(.dynsym)

.dynstr
 *(.dynstr)

.gnu.version
 *(.gnu.version)

.gnu.version_d
 *(.gnu.version_d)

.gnu.version_r
 *(.gnu.version_r)

.rel.init
 *(.rel.init)

.rela.init
 *(.rela.init)

.rel.text
 *(.rel.text)
 *(.rel.text.*)
 *(.rel.gnu.linkonce.t*)

.rela.text
 *(.rela.text)
 *(.rela.text.*)
 *(.rela.gnu.linkonce.t*)

.rel.fini
 *(.rel.fini)

.rela.fini
 *(.rela.fini)

.rel.rodata
 *(.rel.rodata)
 *(.rel.rodata.*)
 *(.rel.gnu.linkonce.r*)

.rela.rodata
 *(.rela.rodata)
 *(.rela.rodata.*)
 *(.rela.gnu.linkonce.r*)

.rel.data
 *(.rel.data)
 *(.rel.data.*)
 *(.rel.gnu.linkonce.d*)

.rela.data
 *(.rela.data)
 *(.rela.data.*)
 *(.rela.gnu.linkonce.d*)

.rel.ctors
 *(.rel.ctors)

.rela.ctors
 *(.rela.ctors)

.rel.dtors
 *(.rel.dtors)

.rela.dtors
 *(.rela.dtors)

.rel.got
 *(.rel.got)

.rela.got
 *(.rela.got)

.rel.bss
 *(.rel.bss)

.rela.bss
 *(.rela.bss)

.rel.plt
 *(.rel.plt)

.rela.plt
 *(.rela.plt)

.text           0x0000000000000000    0x38338
 *(.vectors)
 .vectors       0x0000000000000000       0xe4 c:/prusa-firmware/.dependencies/avr-gcc-7.3.0/bin/../lib/gcc/avr/7.3.0/../../../../avr/lib/avr6/crtatmega2560.o
                0x0000000000000000                __vectors
 *(.vectors)
                0x00000000000000e4                __loc_sec_start = .
 *(.loc_sec)
 *(.loc_sec)
                0x00000000000000e4                __loc_sec_end = .
                0x00000000000000e4                __loc_pri_start = .
 *(.loc_pri)
 *(.loc_pri)
                0x00000000000000e4                __loc_pri_end = .
                0x00000000000000e4                __noloc_start = .
 *(.noloc)
 *(.noloc)
                0x00000000000000e4                __noloc_end = .
 *(.progmem.gcc*)
 .progmem.gcc_fplib
                0x00000000000000e4       0x2d c:/prusa-firmware/.dependencies/avr-gcc-7.3.0/bin/../lib/gcc/avr/7.3.0/../../../../avr/lib/avr6\libm.a(atan.o)
 .progmem.gcc_fplib
                0x0000000000000111       0x1e c:/prusa-firmware/.dependencies/avr-gcc-7.3.0/bin/../lib/gcc/avr/7.3.0/../../../../avr/lib/avr6\libm.a(fp_sinus.o)
 .progmem.gcc_fplib
                0x000000000000012f       0x28 c:/prusa-firmware/.dependencies/avr-gcc-7.3.0/bin/../lib/gcc/avr/7.3.0/../../../../avr/lib/avr6\libm.a(exp.o)
 .progmem.gcc_fplib
                0x0000000000000157       0x5a c:/prusa-firmware/.dependencies/avr-gcc-7.3.0/bin/../lib/gcc/avr/7.3.0/../../../../avr/lib/avr6\libm.a(log.o)
                0x00000000000001b2                . = ALIGN (0x2)
 *fill*         0x00000000000001b1        0x1 
                0x00000000000001b2                __trampolines_start = .
 *(.trampolines)
 .trampolines   0x00000000000001b2      0x42c linker stubs
 *(.trampolines*)
                0x00000000000005de                __trampolines_end = .
 *libprintf_flt.a:*(.progmem.data)
 .progmem.data  0x00000000000005de        0x8 c:/prusa-firmware/.dependencies/avr-gcc-7.3.0/bin/../lib/gcc/avr/7.3.0/../../../../avr/lib/avr6\libprintf_flt.a(vfprintf_flt.o)
 *libc.a:*(.progmem.data)
 .progmem.data  0x00000000000005e6       0xfa c:/prusa-firmware/.dependencies/avr-gcc-7.3.0/bin/../lib/gcc/avr/7.3.0/../../../../avr/lib/avr6\libc.a(ftoa_engine.o)
 *(.progmem*)
 .progmem1      0x00000000000006e0      0xb8f C:\Users\SHIVAM~1\AppData\Local\Temp\ccYgXAp3.ltrans0.ltrans.o
 .progmem.data._ZZ12enquecommandPKcbE3__c
                0x000000000000126f        0x2 C:\Users\SHIVAM~1\AppData\Local\Temp\ccYgXAp3.ltrans0.ltrans.o
 .progmem2      0x0000000000001271      0x536 C:\Users\SHIVAM~1\AppData\Local\Temp\ccYgXAp3.ltrans0.ltrans.o
 .progmem.data._ZZ20mp_echo_config_statevE3__c_5
                0x00000000000017a7        0x1 C:\Users\SHIVAM~1\AppData\Local\Temp\ccYgXAp3.ltrans0.ltrans.o
 .progmem.data._ZZ20mp_echo_config_statevE3__c_4
                0x00000000000017a8        0x5 C:\Users\SHIVAM~1\AppData\Local\Temp\ccYgXAp3.ltrans0.ltrans.o
 .progmem.data._ZZ20mp_echo_config_statevE3__c_3
                0x00000000000017ad        0x5 C:\Users\SHIVAM~1\AppData\Local\Temp\ccYgXAp3.ltrans0.ltrans.o
 .progmem.data._ZZ20mp_echo_config_statevE3__c_2
                0x00000000000017b2        0x5 C:\Users\SHIVAM~1\AppData\Local\Temp\ccYgXAp3.ltrans0.ltrans.o
 .progmem.data._ZZ20mp_echo_config_statevE3__c_1
                0x00000000000017b7        0x4 C:\Users\SHIVAM~1\AppData\Local\Temp\ccYgXAp3.ltrans0.ltrans.o
 .progmem.data._ZZ20mp_echo_config_statevE3__c_0
                0x00000000000017bb        0x5 C:\Users\SHIVAM~1\AppData\Local\Temp\ccYgXAp3.ltrans0.ltrans.o
 .progmem.data._ZZ20mp_echo_config_statevE3__c
                0x00000000000017c0        0x7 C:\Users\SHIVAM~1\AppData\Local\Temp\ccYgXAp3.ltrans0.ltrans.o
 .progmem.data._ZZ11get_commandvE3__c_9
                0x00000000000017c7       0x14 C:\Users\SHIVAM~1\AppData\Local\Temp\ccYgXAp3.ltrans0.ltrans.o
 .progmem.data._ZZ11get_commandvE3__c_7
                0x00000000000017db        0xb C:\Users\SHIVAM~1\AppData\Local\Temp\ccYgXAp3.ltrans0.ltrans.o
 .progmem.data._ZZ11get_commandvE3__c_6
                0x00000000000017e6        0x5 C:\Users\SHIVAM~1\AppData\Local\Temp\ccYgXAp3.ltrans0.ltrans.o
 .progmem.data._ZZ11get_commandvE3__c_5
                0x00000000000017eb        0x5 C:\Users\SHIVAM~1\AppData\Local\Temp\ccYgXAp3.ltrans0.ltrans.o
 .progmem.data._ZZ11get_commandvE3__c_0
                0x00000000000017f0        0x5 C:\Users\SHIVAM~1\AppData\Local\Temp\ccYgXAp3.ltrans0.ltrans.o
 .progmem.data._ZZ11get_commandvE3__c
                0x00000000000017f5        0xf C:\Users\SHIVAM~1\AppData\Local\Temp\ccYgXAp3.ltrans0.ltrans.o
 .progmem.data._ZZ20Config_StoreSettingsvE3__c
                0x0000000000001804       0x10 C:\Users\SHIVAM~1\AppData\Local\Temp\ccYgXAp3.ltrans0.ltrans.o
 .progmem.data._ZZ27thermal_model_load_settingsvE3__c
                0x0000000000001814       0x2a C:\Users\SHIVAM~1\AppData\Local\Temp\ccYgXAp3.ltrans0.ltrans.o
 .progmem.data._ZZ23Config_RetrieveSettingsvE3__c
                0x000000000000183e       0x1a C:\Users\SHIVAM~1\AppData\Local\Temp\ccYgXAp3.ltrans0.ltrans.o
 .progmem.data._ZZ19Config_ResetDefaultvE3__c
                0x0000000000001858       0x22 C:\Users\SHIVAM~1\AppData\Local\Temp\ccYgXAp3.ltrans0.ltrans.o
 .progmem.data._ZL12default_conf
                0x000000000000187a       0xd1 C:\Users\SHIVAM~1\AppData\Local\Temp\ccYgXAp3.ltrans0.ltrans.o
 .progmem.data._ZZ25eeprom_default_sheet_namehR9SheetNameE3__c_3
                0x000000000000194b        0x7 C:\Users\SHIVAM~1\AppData\Local\Temp\ccYgXAp3.ltrans0.ltrans.o
 .progmem.data._ZZ25eeprom_default_sheet_namehR9SheetNameE3__c_2
                0x0000000000001952        0x8 C:\Users\SHIVAM~1\AppData\Local\Temp\ccYgXAp3.ltrans0.ltrans.o
 .progmem.data._ZZ25eeprom_default_sheet_namehR9SheetNameE3__c_1
                0x000000000000195a        0x8 C:\Users\SHIVAM~1\AppData\Local\Temp\ccYgXAp3.ltrans0.ltrans.o
 .progmem.data._ZZ25eeprom_default_sheet_namehR9SheetNameE3__c_0
                0x0000000000001962        0x7 C:\Users\SHIVAM~1\AppData\Local\Temp\ccYgXAp3.ltrans0.ltrans.o
 .progmem.data._ZZ25eeprom_default_sheet_namehR9SheetNameE3__c
                0x0000000000001969        0x7 C:\Users\SHIVAM~1\AppData\Local\Temp\ccYgXAp3.ltrans0.ltrans.o
 .progmem.data._ZZ13fanSpeedErrorhE3__c
                0x0000000000001970       0x28 C:\Users\SHIVAM~1\AppData\Local\Temp\ccYgXAp3.ltrans0.ltrans.o
 .progmem.data._ZZ13fanSpeedErrorhE3__c_0
                0x0000000000001998       0x27 C:\Users\SHIVAM~1\AppData\Local\Temp\ccYgXAp3.ltrans0.ltrans.o
 .progmem.data._ZZ17la10c_mode_change10LA10C_MODEE3__c_2
                0x00000000000019bf        0x4 C:\Users\SHIVAM~1\AppData\Local\Temp\ccYgXAp3.ltrans0.ltrans.o
 .progmem.data._ZZ17la10c_mode_change10LA10C_MODEE3__c_1
                0x00000000000019c3        0x4 C:\Users\SHIVAM~1\AppData\Local\Temp\ccYgXAp3.ltrans0.ltrans.o
 .progmem.data._ZZ17la10c_mode_change10LA10C_MODEE3__c_0
                0x00000000000019c7        0x8 C:\Users\SHIVAM~1\AppData\Local\Temp\ccYgXAp3.ltrans0.ltrans.o
 .progmem.data._ZZ17la10c_mode_change10LA10C_MODEE3__c
                0x00000000000019cf       0x1d C:\Users\SHIVAM~1\AppData\Local\Temp\ccYgXAp3.ltrans0.ltrans.o
 .progmem.data._ZZ10la10c_jerkfE3__c
                0x00000000000019ec       0x19 C:\Users\SHIVAM~1\AppData\Local\Temp\ccYgXAp3.ltrans0.ltrans.o
 .progmem.data._ZL4Font
                0x0000000000001a05      0x1bc C:\Users\SHIVAM~1\AppData\Local\Temp\ccYgXAp3.ltrans0.ltrans.o
 .progmem.data._ZL11row_offsets
                0x0000000000001bc1        0x4 C:\Users\SHIVAM~1\AppData\Local\Temp\ccYgXAp3.ltrans0.ltrans.o
 .progmem.data.pwr_m10
                0x0000000000001bc5       0x18 C:\Users\SHIVAM~1\AppData\Local\Temp\ccYgXAp3.ltrans0.ltrans.o
 .progmem.data.pwr_p10
                0x0000000000001bdd       0x18 C:\Users\SHIVAM~1\AppData\Local\Temp\ccYgXAp3.ltrans0.ltrans.o
 .progmem.data.pstr_nan
                0x0000000000001bf5        0x3 C:\Users\SHIVAM~1\AppData\Local\Temp\ccYgXAp3.ltrans0.ltrans.o
 .progmem.data.pstr_inf
                0x0000000000001bf8        0x3 C:\Users\SHIVAM~1\AppData\Local\Temp\ccYgXAp3.ltrans0.ltrans.o
 .progmem.data._ZZ14host_keepalivevE3__c_1
                0x0000000000001bfb       0x17 C:\Users\SHIVAM~1\AppData\Local\Temp\ccYgXAp3.ltrans0.ltrans.o
 .progmem.data._ZZ14host_keepalivevE3__c_0
                0x0000000000001c12       0x16 C:\Users\SHIVAM~1\AppData\Local\Temp\ccYgXAp3.ltrans0.ltrans.o
 .progmem.data._ZZ14host_keepalivevE3__c
                0x0000000000001c28       0x11 C:\Users\SHIVAM~1\AppData\Local\Temp\ccYgXAp3.ltrans0.ltrans.o
 .progmem.data._ZL14base_max_pos_P
                0x0000000000001c39        0xc C:\Users\SHIVAM~1\AppData\Local\Temp\ccYgXAp3.ltrans0.ltrans.o
 .progmem.data._ZL14base_min_pos_P
                0x0000000000001c45        0xc C:\Users\SHIVAM~1\AppData\Local\Temp\ccYgXAp3.ltrans0.ltrans.o
 .progmem.data._ZL15base_home_pos_P
                0x0000000000001c51        0xc C:\Users\SHIVAM~1\AppData\Local\Temp\ccYgXAp3.ltrans0.ltrans.o
 .progmem.data._ZL17home_retract_mm_P
                0x0000000000001c5d        0xc C:\Users\SHIVAM~1\AppData\Local\Temp\ccYgXAp3.ltrans0.ltrans.o
 .progmem.data._ZZ8homeaxishhPhE3__c
                0x0000000000001c69       0x18 C:\Users\SHIVAM~1\AppData\Local\Temp\ccYgXAp3.ltrans0.ltrans.o
 .progmem.data._ZL12max_length_P
                0x0000000000001c81        0xc C:\Users\SHIVAM~1\AppData\Local\Temp\ccYgXAp3.ltrans0.ltrans.o
 .progmem.data._ZL10home_dir_P
                0x0000000000001c8d        0x3 C:\Users\SHIVAM~1\AppData\Local\Temp\ccYgXAp3.ltrans0.ltrans.o
 .progmem.data._ZZL10gcode_M105vE3__c_8
                0x0000000000001c90        0x4 C:\Users\SHIVAM~1\AppData\Local\Temp\ccYgXAp3.ltrans0.ltrans.o
 .progmem.data._ZZL10gcode_M105vE3__c_7
                0x0000000000001c94        0x4 C:\Users\SHIVAM~1\AppData\Local\Temp\ccYgXAp3.ltrans0.ltrans.o
 .progmem.data._ZZL10gcode_M105vE3__c_6
                0x0000000000001c98        0x5 C:\Users\SHIVAM~1\AppData\Local\Temp\ccYgXAp3.ltrans0.ltrans.o
 .progmem.data._ZZL10gcode_M105vE3__c_5
                0x0000000000001c9d        0x4 C:\Users\SHIVAM~1\AppData\Local\Temp\ccYgXAp3.ltrans0.ltrans.o
 .progmem.data._ZZL10gcode_M105vE3__c_4
                0x0000000000001ca1        0x3 C:\Users\SHIVAM~1\AppData\Local\Temp\ccYgXAp3.ltrans0.ltrans.o
 .progmem.data._ZZL10gcode_M105vE3__c_3
                0x0000000000001ca4        0x5 C:\Users\SHIVAM~1\AppData\Local\Temp\ccYgXAp3.ltrans0.ltrans.o
 .progmem.data._ZZL10gcode_M105vE3__c_2
                0x0000000000001ca9        0x3 C:\Users\SHIVAM~1\AppData\Local\Temp\ccYgXAp3.ltrans0.ltrans.o
 .progmem.data._ZZL10gcode_M105vE3__c_1
                0x0000000000001cac        0x4 C:\Users\SHIVAM~1\AppData\Local\Temp\ccYgXAp3.ltrans0.ltrans.o
 .progmem.data._ZZL10gcode_M105vE3__c_0
                0x0000000000001cb0        0x3 C:\Users\SHIVAM~1\AppData\Local\Temp\ccYgXAp3.ltrans0.ltrans.o
 .progmem.data._ZZL10gcode_M105vE3__c
                0x0000000000001cb3        0x3 C:\Users\SHIVAM~1\AppData\Local\Temp\ccYgXAp3.ltrans0.ltrans.o
 .progmem.data._ZZZL9gcode_G80vENKUlcPhE_clEcS_E3__c
                0x0000000000001cb6       0x31 C:\Users\SHIVAM~1\AppData\Local\Temp\ccYgXAp3.ltrans0.ltrans.o
 .progmem.data._ZZL9gcode_G80vE3__c_0
                0x0000000000001ce7       0x39 C:\Users\SHIVAM~1\AppData\Local\Temp\ccYgXAp3.ltrans0.ltrans.o
 .progmem.data._ZZL9gcode_G80vE3__c
                0x0000000000001d20       0x2f C:\Users\SHIVAM~1\AppData\Local\Temp\ccYgXAp3.ltrans0.ltrans.o
 .progmem.data._ZZN17mesh_bed_leveling5printEvE3__c_2
                0x0000000000001d4f        0x3 C:\Users\SHIVAM~1\AppData\Local\Temp\ccYgXAp3.ltrans0.ltrans.o
 .progmem.data._ZZN17mesh_bed_leveling5printEvE3__c_1
                0x0000000000001d52       0x11 C:\Users\SHIVAM~1\AppData\Local\Temp\ccYgXAp3.ltrans0.ltrans.o
 .progmem.data._ZZN17mesh_bed_leveling5printEvE3__c_0
                0x0000000000001d63       0x16 C:\Users\SHIVAM~1\AppData\Local\Temp\ccYgXAp3.ltrans0.ltrans.o
 .progmem.data._ZZN17mesh_bed_leveling5printEvE3__c
                0x0000000000001d79        0xd C:\Users\SHIVAM~1\AppData\Local\Temp\ccYgXAp3.ltrans0.ltrans.o
 .progmem.data._ZZL14gcode_G81_M420vE3__c
                0x0000000000001d86       0x1e C:\Users\SHIVAM~1\AppData\Local\Temp\ccYgXAp3.ltrans0.ltrans.o
 .progmem.data._ZZ10gcode_M114vE3__c_6
                0x0000000000001da4        0x4 C:\Users\SHIVAM~1\AppData\Local\Temp\ccYgXAp3.ltrans0.ltrans.o
 .progmem.data._ZZ10gcode_M114vE3__c_5
                0x0000000000001da8        0x4 C:\Users\SHIVAM~1\AppData\Local\Temp\ccYgXAp3.ltrans0.ltrans.o
 .progmem.data._ZZ10gcode_M114vE3__c_4
                0x0000000000001dac        0x4 C:\Users\SHIVAM~1\AppData\Local\Temp\ccYgXAp3.ltrans0.ltrans.o
 .progmem.data._ZZ10gcode_M114vE3__c_2
                0x0000000000001db0        0x4 C:\Users\SHIVAM~1\AppData\Local\Temp\ccYgXAp3.ltrans0.ltrans.o
 .progmem.data._ZZ10gcode_M114vE3__c_1
                0x0000000000001db4        0x4 C:\Users\SHIVAM~1\AppData\Local\Temp\ccYgXAp3.ltrans0.ltrans.o
 .progmem.data._ZZ10gcode_M114vE3__c_0
                0x0000000000001db8        0x4 C:\Users\SHIVAM~1\AppData\Local\Temp\ccYgXAp3.ltrans0.ltrans.o
 .progmem.data._ZZ10gcode_M114vE3__c
                0x0000000000001dbc        0x3 C:\Users\SHIVAM~1\AppData\Local\Temp\ccYgXAp3.ltrans0.ltrans.o
 .progmem.data._ZZN9SpoolJoin9SpoolJoin8nextSlotEvE3__c_0
                0x0000000000001dbf        0x5 C:\Users\SHIVAM~1\AppData\Local\Temp\ccYgXAp3.ltrans0.ltrans.o
 .progmem.data._ZZN9SpoolJoin9SpoolJoin8nextSlotEvE3__c
                0x0000000000001dc4        0xc C:\Users\SHIVAM~1\AppData\Local\Temp\ccYgXAp3.ltrans0.ltrans.o
 .progmem.data._ZZL33gcode_M861_print_pinda_cal_eepromvE9comma_sep
                0x0000000000001dd0        0x3 C:\Users\SHIVAM~1\AppData\Local\Temp\ccYgXAp3.ltrans0.ltrans.o
 .progmem.data._ZZ17manage_inactivitybE3__c
                0x0000000000001dd3       0x14 C:\Users\SHIVAM~1\AppData\Local\Temp\ccYgXAp3.ltrans0.ltrans.o
 .progmem.data._ZZ4killPKcE3__c_0
                0x0000000000001de7        0x8 C:\Users\SHIVAM~1\AppData\Local\Temp\ccYgXAp3.ltrans0.ltrans.o
 .progmem.data._ZZ4killPKcE3__c
                0x0000000000001def       0x1f C:\Users\SHIVAM~1\AppData\Local\Temp\ccYgXAp3.ltrans0.ltrans.o
 .progmem.data._ZZ14check_babystepvE3__c_0
                0x0000000000001e0e       0x3d C:\Users\SHIVAM~1\AppData\Local\Temp\ccYgXAp3.ltrans0.ltrans.o
 .progmem.data._ZZ14check_babystepvE3__c
                0x0000000000001e4b       0x29 C:\Users\SHIVAM~1\AppData\Local\Temp\ccYgXAp3.ltrans0.ltrans.o
 .progmem.data._ZZ23serialecho_temperaturesvE3__c_0
                0x0000000000001e74        0x8 C:\Users\SHIVAM~1\AppData\Local\Temp\ccYgXAp3.ltrans0.ltrans.o
 .progmem.data._ZZ23serialecho_temperaturesvE3__c
                0x0000000000001e7c        0x3 C:\Users\SHIVAM~1\AppData\Local\Temp\ccYgXAp3.ltrans0.ltrans.o
 .progmem.data._ZZ26stop_and_save_print_to_ramffE3__c
                0x0000000000001e7f       0x11 C:\Users\SHIVAM~1\AppData\Local\Temp\ccYgXAp3.ltrans0.ltrans.o
 .progmem.data._ZZ12TCodeInvalidvE3__c
                0x0000000000001e90       0x10 C:\Users\SHIVAM~1\AppData\Local\Temp\ccYgXAp3.ltrans0.ltrans.o
 .progmem.data._ZL23duplicate_Tcode_ignored
                0x0000000000001ea0       0x1a C:\Users\SHIVAM~1\AppData\Local\Temp\ccYgXAp3.ltrans0.ltrans.o
 .progmem.data._ZZ10gcode_M900vE3__c_0
                0x0000000000001eba        0xb C:\Users\SHIVAM~1\AppData\Local\Temp\ccYgXAp3.ltrans0.ltrans.o
 .progmem.data._ZZ10gcode_M900vE3__c
                0x0000000000001ec5       0x18 C:\Users\SHIVAM~1\AppData\Local\Temp\ccYgXAp3.ltrans0.ltrans.o
 .progmem.data._sPrinterName
                0x0000000000001edd        0x4 C:\Users\SHIVAM~1\AppData\Local\Temp\ccYgXAp3.ltrans0.ltrans.o
 .progmem.data._sPrinterMmuName
                0x0000000000001ee1        0x8 C:\Users\SHIVAM~1\AppData\Local\Temp\ccYgXAp3.ltrans0.ltrans.o
 .progmem.data._nPrinterMmuType
                0x0000000000001ee9        0x2 C:\Users\SHIVAM~1\AppData\Local\Temp\ccYgXAp3.ltrans0.ltrans.o
 .progmem.data._nPrinterType
                0x0000000000001eeb        0x2 C:\Users\SHIVAM~1\AppData\Local\Temp\ccYgXAp3.ltrans0.ltrans.o
 .progmem.data._ZZ19lcd_wait_for_heatervE3__c
                0x0000000000001eed        0x8 C:\Users\SHIVAM~1\AppData\Local\Temp\ccYgXAp3.ltrans0.ltrans.o
 .progmem.data._ZZ18M600_wait_for_uservE3__c
                0x0000000000001ef5        0x4 C:\Users\SHIVAM~1\AppData\Local\Temp\ccYgXAp3.ltrans0.ltrans.o
 .progmem.data._ZZ11lcd_alrightvE3__c
                0x0000000000001ef9        0x8 C:\Users\SHIVAM~1\AppData\Local\Temp\ccYgXAp3.ltrans0.ltrans.o
 .progmem.data._ZZ20Config_PrintSettingshE3__c_7
                0x0000000000001f01       0x21 C:\Users\SHIVAM~1\AppData\Local\Temp\ccYgXAp3.ltrans0.ltrans.o
 .progmem.data._ZZ20Config_PrintSettingshE3__c_6
                0x0000000000001f22       0x82 C:\Users\SHIVAM~1\AppData\Local\Temp\ccYgXAp3.ltrans0.ltrans.o
 .progmem.data._ZZ20Config_PrintSettingshE3__c_4
                0x0000000000001fa4       0x1f C:\Users\SHIVAM~1\AppData\Local\Temp\ccYgXAp3.ltrans0.ltrans.o
 .progmem.data._ZZ20Config_PrintSettingshE3__c_3
                0x0000000000001fc3       0x26 C:\Users\SHIVAM~1\AppData\Local\Temp\ccYgXAp3.ltrans0.ltrans.o
 .progmem.data._ZZ20Config_PrintSettingshE3__c_2
                0x0000000000001fe9      0x101 C:\Users\SHIVAM~1\AppData\Local\Temp\ccYgXAp3.ltrans0.ltrans.o
 .progmem.data._ZZ20Config_PrintSettingshE3__c_1
                0x00000000000020ea       0x35 C:\Users\SHIVAM~1\AppData\Local\Temp\ccYgXAp3.ltrans0.ltrans.o
 .progmem.data._ZZ20Config_PrintSettingshE3__c_0
                0x000000000000211f       0x2d C:\Users\SHIVAM~1\AppData\Local\Temp\ccYgXAp3.ltrans0.ltrans.o
 .progmem.data._ZZ20Config_PrintSettingshE3__c
                0x000000000000214c      0x2d8 C:\Users\SHIVAM~1\AppData\Local\Temp\ccYgXAp3.ltrans0.ltrans.o
 .progmem.data._ZZN17thermal_model_calL8autotuneEiE3__c_4
                0x0000000000002424       0x14 C:\Users\SHIVAM~1\AppData\Local\Temp\ccYgXAp3.ltrans0.ltrans.o
 .progmem.data._ZZN17thermal_model_calL8autotuneEiE3__c_3
                0x0000000000002438        0xd C:\Users\SHIVAM~1\AppData\Local\Temp\ccYgXAp3.ltrans0.ltrans.o
 .progmem.data._ZZN17thermal_model_calL8autotuneEiE3__c_2
                0x0000000000002445        0xe C:\Users\SHIVAM~1\AppData\Local\Temp\ccYgXAp3.ltrans0.ltrans.o
 .progmem.data._ZZN17thermal_model_calL8autotuneEiE3__c_1
                0x0000000000002453       0x13 C:\Users\SHIVAM~1\AppData\Local\Temp\ccYgXAp3.ltrans0.ltrans.o
 .progmem.data._ZZN17thermal_model_calL8autotuneEiE3__c_0
                0x0000000000002466        0x7 C:\Users\SHIVAM~1\AppData\Local\Temp\ccYgXAp3.ltrans0.ltrans.o
 .progmem.data._ZZN17thermal_model_calL8autotuneEiE3__c
                0x000000000000246d        0x8 C:\Users\SHIVAM~1\AppData\Local\Temp\ccYgXAp3.ltrans0.ltrans.o
 .progmem.data._ZZ22thermal_model_autotuneibE3__c_1
                0x0000000000002475       0x14 C:\Users\SHIVAM~1\AppData\Local\Temp\ccYgXAp3.ltrans0.ltrans.o
 .progmem.data._ZZ22thermal_model_autotuneibE3__c_0
                0x0000000000002489       0x16 C:\Users\SHIVAM~1\AppData\Local\Temp\ccYgXAp3.ltrans0.ltrans.o
 .progmem.data._ZZ22thermal_model_autotuneibE3__c
                0x000000000000249f       0x12 C:\Users\SHIVAM~1\AppData\Local\Temp\ccYgXAp3.ltrans0.ltrans.o
 .progmem.data._ZZL8cap_linePKcbE3__c
                0x00000000000024b1        0xb C:\Users\SHIVAM~1\AppData\Local\Temp\ccYgXAp3.ltrans0.ltrans.o
 .progmem.data._ZZL28extended_capabilities_reportvE3__c_3
                0x00000000000024bc        0xb C:\Users\SHIVAM~1\AppData\Local\Temp\ccYgXAp3.ltrans0.ltrans.o
 .progmem.data._ZZL28extended_capabilities_reportvE3__c_2
                0x00000000000024c7        0xd C:\Users\SHIVAM~1\AppData\Local\Temp\ccYgXAp3.ltrans0.ltrans.o
 .progmem.data._ZZL28extended_capabilities_reportvE3__c_1
                0x00000000000024d4       0x14 C:\Users\SHIVAM~1\AppData\Local\Temp\ccYgXAp3.ltrans0.ltrans.o
 .progmem.data._ZZL28extended_capabilities_reportvE3__c_0
                0x00000000000024e8       0x10 C:\Users\SHIVAM~1\AppData\Local\Temp\ccYgXAp3.ltrans0.ltrans.o
 .progmem.data._ZZL28extended_capabilities_reportvE3__c
                0x00000000000024f8       0x10 C:\Users\SHIVAM~1\AppData\Local\Temp\ccYgXAp3.ltrans0.ltrans.o
 .progmem.data._ZZ36show_upgrade_dialog_if_version_newerPKcE3__c
                0x0000000000002508        0x1 C:\Users\SHIVAM~1\AppData\Local\Temp\ccYgXAp3.ltrans0.ltrans.o
 .progmem.data._ZZN10CardReader10removeFileEPKcE3__c_0
                0x0000000000002509       0x18 C:\Users\SHIVAM~1\AppData\Local\Temp\ccYgXAp3.ltrans0.ltrans.o
 .progmem.data._ZZN10CardReader10removeFileEPKcE3__c
                0x0000000000002521        0xe C:\Users\SHIVAM~1\AppData\Local\Temp\ccYgXAp3.ltrans0.ltrans.o
 .progmem.data._ZZN10CardReader9getStatusEbE3__c_2
                0x000000000000252f       0x10 C:\Users\SHIVAM~1\AppData\Local\Temp\ccYgXAp3.ltrans0.ltrans.o
 .progmem.data._ZZN10CardReader9getStatusEbE3__c_0
                0x000000000000253f        0xc C:\Users\SHIVAM~1\AppData\Local\Temp\ccYgXAp3.ltrans0.ltrans.o
 .progmem.data._ZZN10CardReader9getStatusEbE3__c
                0x000000000000254b       0x10 C:\Users\SHIVAM~1\AppData\Local\Temp\ccYgXAp3.ltrans0.ltrans.o
 .progmem.data._ZZ18lcd_wait_for_pindafE3__c
                0x000000000000255b        0x8 C:\Users\SHIVAM~1\AppData\Local\Temp\ccYgXAp3.ltrans0.ltrans.o
 .progmem.data._ZZL27gcode_PRUSA_BadRAMBoFanTestvE3__c_1
                0x0000000000002563        0x3 C:\Users\SHIVAM~1\AppData\Local\Temp\ccYgXAp3.ltrans0.ltrans.o
 .progmem.data._ZZL27gcode_PRUSA_BadRAMBoFanTestvE3__c_0
                0x0000000000002566        0x4 C:\Users\SHIVAM~1\AppData\Local\Temp\ccYgXAp3.ltrans0.ltrans.o
 .progmem.data._ZZL27gcode_PRUSA_BadRAMBoFanTestvE3__c
                0x000000000000256a        0xb C:\Users\SHIVAM~1\AppData\Local\Temp\ccYgXAp3.ltrans0.ltrans.o
 .progmem.data._ZZ20farm_prusa_code_seenvE3__c_2
                0x0000000000002575        0x3 C:\Users\SHIVAM~1\AppData\Local\Temp\ccYgXAp3.ltrans0.ltrans.o
 .progmem.data._ZZ20farm_prusa_code_seenvE3__c_1
                0x0000000000002578        0x4 C:\Users\SHIVAM~1\AppData\Local\Temp\ccYgXAp3.ltrans0.ltrans.o
 .progmem.data._ZZ20farm_prusa_code_seenvE3__c
                0x000000000000257c        0x4 C:\Users\SHIVAM~1\AppData\Local\Temp\ccYgXAp3.ltrans0.ltrans.o
 .progmem.data._ZZ17crashdet_detectedhE3__c_1
                0x0000000000002580        0xd C:\Users\SHIVAM~1\AppData\Local\Temp\ccYgXAp3.ltrans0.ltrans.o
 .progmem.data._ZZ17crashdet_detectedhE3__c_0
                0x000000000000258d        0xe C:\Users\SHIVAM~1\AppData\Local\Temp\ccYgXAp3.ltrans0.ltrans.o
 .progmem.data._ZZ17crashdet_detectedhE3__c
                0x000000000000259b        0xe C:\Users\SHIVAM~1\AppData\Local\Temp\ccYgXAp3.ltrans0.ltrans.o
 .progmem.data._ZZ16process_commandsvE3__c__97_
                0x00000000000025a9        0x5 C:\Users\SHIVAM~1\AppData\Local\Temp\ccYgXAp3.ltrans0.ltrans.o
 .progmem.data._ZZ16process_commandsvE3__c__96_
                0x00000000000025ae        0x8 C:\Users\SHIVAM~1\AppData\Local\Temp\ccYgXAp3.ltrans0.ltrans.o
 .progmem.data._ZZ16process_commandsvE3__c__95_
                0x00000000000025b6       0x11 C:\Users\SHIVAM~1\AppData\Local\Temp\ccYgXAp3.ltrans0.ltrans.o
 .progmem.data._ZZ16process_commandsvE3__c__94_
                0x00000000000025c7       0x11 C:\Users\SHIVAM~1\AppData\Local\Temp\ccYgXAp3.ltrans0.ltrans.o
 .progmem.data._ZZ16process_commandsvE3__c__93_
                0x00000000000025d8        0xa C:\Users\SHIVAM~1\AppData\Local\Temp\ccYgXAp3.ltrans0.ltrans.o
 .progmem.data._ZZ16process_commandsvE3__c__92_
                0x00000000000025e2       0x11 C:\Users\SHIVAM~1\AppData\Local\Temp\ccYgXAp3.ltrans0.ltrans.o
 .progmem.data._ZZ16process_commandsvE3__c__90_
                0x00000000000025f3       0x17 C:\Users\SHIVAM~1\AppData\Local\Temp\ccYgXAp3.ltrans0.ltrans.o
 .progmem.data._ZZ16process_commandsvE3__c__91_
                0x000000000000260a       0x13 C:\Users\SHIVAM~1\AppData\Local\Temp\ccYgXAp3.ltrans0.ltrans.o
 .progmem.data._ZZ16process_commandsvE3__c__89_
                0x000000000000261d        0x3 C:\Users\SHIVAM~1\AppData\Local\Temp\ccYgXAp3.ltrans0.ltrans.o
 .progmem.data._ZZ16process_commandsvE3__c__88_
                0x0000000000002620       0x23 C:\Users\SHIVAM~1\AppData\Local\Temp\ccYgXAp3.ltrans0.ltrans.o
 .progmem.data._ZZ16process_commandsvE3__c__87_
                0x0000000000002643        0x3 C:\Users\SHIVAM~1\AppData\Local\Temp\ccYgXAp3.ltrans0.ltrans.o
 .progmem.data._ZZ16process_commandsvE3__c__86_
                0x0000000000002646        0x3 C:\Users\SHIVAM~1\AppData\Local\Temp\ccYgXAp3.ltrans0.ltrans.o
 .progmem.data._ZZ16process_commandsvE3__c__85_
                0x0000000000002649        0x3 C:\Users\SHIVAM~1\AppData\Local\Temp\ccYgXAp3.ltrans0.ltrans.o
 .progmem.data._ZZ16process_commandsvE3__c__84_
                0x000000000000264c        0x3 C:\Users\SHIVAM~1\AppData\Local\Temp\ccYgXAp3.ltrans0.ltrans.o
 .progmem.data._ZZ16process_commandsvE3__c__83_
                0x000000000000264f        0x3 C:\Users\SHIVAM~1\AppData\Local\Temp\ccYgXAp3.ltrans0.ltrans.o
 .progmem.data._ZZ16process_commandsvE3__c__82_
                0x0000000000002652        0x3 C:\Users\SHIVAM~1\AppData\Local\Temp\ccYgXAp3.ltrans0.ltrans.o
 .progmem.data._ZZ16process_commandsvE3__c__81_
                0x0000000000002655       0x11 C:\Users\SHIVAM~1\AppData\Local\Temp\ccYgXAp3.ltrans0.ltrans.o
 .progmem.data._ZZ16process_commandsvE3__c__80_
                0x0000000000002666        0x7 C:\Users\SHIVAM~1\AppData\Local\Temp\ccYgXAp3.ltrans0.ltrans.o
 .progmem.data._ZZ16process_commandsvE3__c__79_
                0x000000000000266d       0x16 C:\Users\SHIVAM~1\AppData\Local\Temp\ccYgXAp3.ltrans0.ltrans.o
 .progmem.data._ZZ16process_commandsvE3__c__78_
                0x0000000000002683       0x1f C:\Users\SHIVAM~1\AppData\Local\Temp\ccYgXAp3.ltrans0.ltrans.o
 .progmem.data._ZZ16process_commandsvE3__c__77_
                0x00000000000026a2        0x5 C:\Users\SHIVAM~1\AppData\Local\Temp\ccYgXAp3.ltrans0.ltrans.o
 .progmem.data._ZZ16process_commandsvE3__c__76_
                0x00000000000026a7       0x10 C:\Users\SHIVAM~1\AppData\Local\Temp\ccYgXAp3.ltrans0.ltrans.o
 .progmem.data._ZZ16process_commandsvE3__c__75_
                0x00000000000026b7       0x16 C:\Users\SHIVAM~1\AppData\Local\Temp\ccYgXAp3.ltrans0.ltrans.o
 .progmem.data._ZZ16process_commandsvE3__c__74_
                0x00000000000026cd        0x4 C:\Users\SHIVAM~1\AppData\Local\Temp\ccYgXAp3.ltrans0.ltrans.o
 .progmem.data._ZZ16process_commandsvE3__c__73_
                0x00000000000026d1        0x4 C:\Users\SHIVAM~1\AppData\Local\Temp\ccYgXAp3.ltrans0.ltrans.o
 .progmem.data._ZZ16process_commandsvE3__c__72_
                0x00000000000026d5        0x4 C:\Users\SHIVAM~1\AppData\Local\Temp\ccYgXAp3.ltrans0.ltrans.o
 .progmem.data._ZZ16process_commandsvE3__c__71_
                0x00000000000026d9        0x4 C:\Users\SHIVAM~1\AppData\Local\Temp\ccYgXAp3.ltrans0.ltrans.o
 .progmem.data._ZZ16process_commandsvE3__c__70_
                0x00000000000026dd        0x4 C:\Users\SHIVAM~1\AppData\Local\Temp\ccYgXAp3.ltrans0.ltrans.o
 .progmem.data._ZZ16process_commandsvE3__c__69_
                0x00000000000026e1        0x4 C:\Users\SHIVAM~1\AppData\Local\Temp\ccYgXAp3.ltrans0.ltrans.o
 .progmem.data._ZZ16process_commandsvE3__c__68_
                0x00000000000026e5        0x6 C:\Users\SHIVAM~1\AppData\Local\Temp\ccYgXAp3.ltrans0.ltrans.o
 .progmem.data._ZZ16process_commandsvE3__c__67_
                0x00000000000026eb        0x6 C:\Users\SHIVAM~1\AppData\Local\Temp\ccYgXAp3.ltrans0.ltrans.o
 .progmem.data._ZZ16process_commandsvE3__c__66_
                0x00000000000026f1        0x5 C:\Users\SHIVAM~1\AppData\Local\Temp\ccYgXAp3.ltrans0.ltrans.o
 .progmem.data._ZZ16process_commandsvE3__c__59_
                0x00000000000026f6        0x3 C:\Users\SHIVAM~1\AppData\Local\Temp\ccYgXAp3.ltrans0.ltrans.o
 .progmem.data._ZZ16process_commandsvE3__c__58_
                0x00000000000026f9        0x1 C:\Users\SHIVAM~1\AppData\Local\Temp\ccYgXAp3.ltrans0.ltrans.o
 .progmem.data._ZZ16process_commandsvE3__c__57_
                0x00000000000026fa       0x12 C:\Users\SHIVAM~1\AppData\Local\Temp\ccYgXAp3.ltrans0.ltrans.o
 .progmem.data._ZZ16process_commandsvE3__c__56_
                0x000000000000270c        0xf C:\Users\SHIVAM~1\AppData\Local\Temp\ccYgXAp3.ltrans0.ltrans.o
 .progmem.data._ZZ16process_commandsvE3__c__55_
                0x000000000000271b        0x4 C:\Users\SHIVAM~1\AppData\Local\Temp\ccYgXAp3.ltrans0.ltrans.o
 .progmem.data._ZZ16process_commandsvE3__c__54_
                0x000000000000271f       0x5a C:\Users\SHIVAM~1\AppData\Local\Temp\ccYgXAp3.ltrans0.ltrans.o
 .progmem.data._ZZ16process_commandsvE3__c__53_
                0x0000000000002779        0xa C:\Users\SHIVAM~1\AppData\Local\Temp\ccYgXAp3.ltrans0.ltrans.o
 .progmem.data._ZZ16process_commandsvE3__c__52_
                0x0000000000002783        0x2 C:\Users\SHIVAM~1\AppData\Local\Temp\ccYgXAp3.ltrans0.ltrans.o
 .progmem.data._ZZ16process_commandsvE3__c__51_
                0x0000000000002785        0x5 C:\Users\SHIVAM~1\AppData\Local\Temp\ccYgXAp3.ltrans0.ltrans.o
 .progmem.data._ZZ16process_commandsvE3__c__50_
                0x000000000000278a        0x2 C:\Users\SHIVAM~1\AppData\Local\Temp\ccYgXAp3.ltrans0.ltrans.o
 .progmem.data._ZZ16process_commandsvE3__c__49_
                0x000000000000278c       0x1e C:\Users\SHIVAM~1\AppData\Local\Temp\ccYgXAp3.ltrans0.ltrans.o
 .progmem.data._ZZ16process_commandsvE3__c__48_
                0x00000000000027aa        0x7 C:\Users\SHIVAM~1\AppData\Local\Temp\ccYgXAp3.ltrans0.ltrans.o
 .progmem.data._ZZ16process_commandsvE3__c__47_
                0x00000000000027b1        0x4 C:\Users\SHIVAM~1\AppData\Local\Temp\ccYgXAp3.ltrans0.ltrans.o
 .progmem.data._ZZ16process_commandsvE3__c__41_
                0x00000000000027b5        0x4 C:\Users\SHIVAM~1\AppData\Local\Temp\ccYgXAp3.ltrans0.ltrans.o
 .progmem.data._ZZ16process_commandsvE3__c__40_
                0x00000000000027b9       0x20 C:\Users\SHIVAM~1\AppData\Local\Temp\ccYgXAp3.ltrans0.ltrans.o
 .progmem.data._ZL14sensitive_pins
                0x00000000000027d9       0x1c C:\Users\SHIVAM~1\AppData\Local\Temp\ccYgXAp3.ltrans0.ltrans.o
 .progmem.data._ZZ16process_commandsvE3__c__39_
                0x00000000000027f5        0xf C:\Users\SHIVAM~1\AppData\Local\Temp\ccYgXAp3.ltrans0.ltrans.o
 .progmem.data._ZZ16process_commandsvE3__c__36_
                0x0000000000002804       0x14 C:\Users\SHIVAM~1\AppData\Local\Temp\ccYgXAp3.ltrans0.ltrans.o
 .progmem.data._ZZ16process_commandsvE3__c__30_
                0x0000000000002818       0x1e C:\Users\SHIVAM~1\AppData\Local\Temp\ccYgXAp3.ltrans0.ltrans.o
 .progmem.data._ZZ16process_commandsvE3__c__29_
                0x0000000000002836       0x14 C:\Users\SHIVAM~1\AppData\Local\Temp\ccYgXAp3.ltrans0.ltrans.o
 .progmem.data._ZZ16process_commandsvE3__c__25_
                0x000000000000284a        0x4 C:\Users\SHIVAM~1\AppData\Local\Temp\ccYgXAp3.ltrans0.ltrans.o
 .progmem.data._ZZ16process_commandsvE3__c__24_
                0x000000000000284e        0x7 C:\Users\SHIVAM~1\AppData\Local\Temp\ccYgXAp3.ltrans0.ltrans.o
 .progmem.data._ZZ16process_commandsvE3__c__23_
                0x0000000000002855        0x4 C:\Users\SHIVAM~1\AppData\Local\Temp\ccYgXAp3.ltrans0.ltrans.o
 .progmem.data._ZZ16process_commandsvE3__c__22_
                0x0000000000002859        0x3 C:\Users\SHIVAM~1\AppData\Local\Temp\ccYgXAp3.ltrans0.ltrans.o
 .progmem.data._ZZ16process_commandsvE3__c__21_
                0x000000000000285c        0x3 C:\Users\SHIVAM~1\AppData\Local\Temp\ccYgXAp3.ltrans0.ltrans.o
 .progmem.data._ZZ16process_commandsvE3__c__20_
                0x000000000000285f        0x5 C:\Users\SHIVAM~1\AppData\Local\Temp\ccYgXAp3.ltrans0.ltrans.o
 .progmem.data._ZZ16process_commandsvE3__c__19_
                0x0000000000002864       0x24 C:\Users\SHIVAM~1\AppData\Local\Temp\ccYgXAp3.ltrans0.ltrans.o
 .progmem.data._ZZ16process_commandsvE3__c__18_
                0x0000000000002888        0x4 C:\Users\SHIVAM~1\AppData\Local\Temp\ccYgXAp3.ltrans0.ltrans.o
 .progmem.data._ZZ16process_commandsvE3__c__17_
                0x000000000000288c        0xc C:\Users\SHIVAM~1\AppData\Local\Temp\ccYgXAp3.ltrans0.ltrans.o
 .progmem.data._ZZ16process_commandsvE3__c__16_
                0x0000000000002898        0x4 C:\Users\SHIVAM~1\AppData\Local\Temp\ccYgXAp3.ltrans0.ltrans.o
 .progmem.data._ZZ16process_commandsvE3__c__15_
                0x000000000000289c        0xb C:\Users\SHIVAM~1\AppData\Local\Temp\ccYgXAp3.ltrans0.ltrans.o
 .progmem.data._ZZ16process_commandsvE3__c__14_
                0x00000000000028a7        0x3 C:\Users\SHIVAM~1\AppData\Local\Temp\ccYgXAp3.ltrans0.ltrans.o
 .progmem.data._ZZ16process_commandsvE3__c__13_
                0x00000000000028aa        0x6 C:\Users\SHIVAM~1\AppData\Local\Temp\ccYgXAp3.ltrans0.ltrans.o
 .progmem.data._ZZ16process_commandsvE3__c__12_
                0x00000000000028b0        0x7 C:\Users\SHIVAM~1\AppData\Local\Temp\ccYgXAp3.ltrans0.ltrans.o
 .progmem.data._ZZ16process_commandsvE3__c__11_
                0x00000000000028b7        0x5 C:\Users\SHIVAM~1\AppData\Local\Temp\ccYgXAp3.ltrans0.ltrans.o
 .progmem.data._ZZ16process_commandsvE3__c_9
                0x00000000000028bc        0x4 C:\Users\SHIVAM~1\AppData\Local\Temp\ccYgXAp3.ltrans0.ltrans.o
 .progmem.data._ZZ16process_commandsvE3__c_8
                0x00000000000028c0        0xa C:\Users\SHIVAM~1\AppData\Local\Temp\ccYgXAp3.ltrans0.ltrans.o
 .progmem.data._ZZ16process_commandsvE3__c_7
                0x00000000000028ca        0x6 C:\Users\SHIVAM~1\AppData\Local\Temp\ccYgXAp3.ltrans0.ltrans.o
 .progmem.data._ZZ16process_commandsvE3__c_6
                0x00000000000028d0        0xa C:\Users\SHIVAM~1\AppData\Local\Temp\ccYgXAp3.ltrans0.ltrans.o
 .progmem.data._ZZ16process_commandsvE3__c_5
                0x00000000000028da        0xa C:\Users\SHIVAM~1\AppData\Local\Temp\ccYgXAp3.ltrans0.ltrans.o
 .progmem.data._ZZ16process_commandsvE3__c_4
                0x00000000000028e4        0xa C:\Users\SHIVAM~1\AppData\Local\Temp\ccYgXAp3.ltrans0.ltrans.o
 .progmem.data._ZZ16process_commandsvE3__c_3
                0x00000000000028ee        0x5 C:\Users\SHIVAM~1\AppData\Local\Temp\ccYgXAp3.ltrans0.ltrans.o
 .progmem.data._ZZ16process_commandsvE3__c_2
                0x00000000000028f3        0xd C:\Users\SHIVAM~1\AppData\Local\Temp\ccYgXAp3.ltrans0.ltrans.o
 .progmem.data._ZZ16process_commandsvE3__c_1
                0x0000000000002900        0xe C:\Users\SHIVAM~1\AppData\Local\Temp\ccYgXAp3.ltrans0.ltrans.o
 .progmem.data._ZZ16process_commandsvE3__c_0
                0x000000000000290e        0xf C:\Users\SHIVAM~1\AppData\Local\Temp\ccYgXAp3.ltrans0.ltrans.o
 .progmem.data._ZZ16process_commandsvE3__c
                0x000000000000291d        0x7 C:\Users\SHIVAM~1\AppData\Local\Temp\ccYgXAp3.ltrans0.ltrans.o
 .progmem.data._ZZ19menu_format_sheet_ERK5SheetR17SheetFormatBufferE3__c
                0x0000000000002924        0x7 C:\Users\SHIVAM~1\AppData\Local\Temp\ccYgXAp3.ltrans0.ltrans.o
 .progmem.data._ZZL11menu_draw_PcPKciE3__c
                0x000000000000292b        0x4 C:\Users\SHIVAM~1\AppData\Local\Temp\ccYgXAp3.ltrans0.ltrans.o
 .progmem.data._ZZ31sample_mesh_and_store_referencevE3__c_1
                0x000000000000292f       0x1d C:\Users\SHIVAM~1\AppData\Local\Temp\ccYgXAp3.ltrans0.ltrans.o
 .progmem.data._ZZ31sample_mesh_and_store_referencevE3__c_0
                0x000000000000294c        0x5 C:\Users\SHIVAM~1\AppData\Local\Temp\ccYgXAp3.ltrans0.ltrans.o
 .progmem.data._ZL9mmu2Magic
                0x0000000000002951        0x6 C:\Users\SHIVAM~1\AppData\Local\Temp\ccYgXAp3.ltrans0.ltrans.o
 .progmem.data._ZZN4MMU228ReportErrorHookDynamicRenderEvE3__c
                0x0000000000002957        0x4 C:\Users\SHIVAM~1\AppData\Local\Temp\ccYgXAp3.ltrans0.ltrans.o
 .progmem.data._ZN4MMU2L9TuneItemsE
                0x000000000000295b        0x6 C:\Users\SHIVAM~1\AppData\Local\Temp\ccYgXAp3.ltrans0.ltrans.o
 .progmem.data._ZN4MMU2L10errorDescsE
                0x0000000000002961       0x5a C:\Users\SHIVAM~1\AppData\Local\Temp\ccYgXAp3.ltrans0.ltrans.o
 .progmem.data._ZN4MMU2L12errorButtonsE
                0x00000000000029bb       0x2d C:\Users\SHIVAM~1\AppData\Local\Temp\ccYgXAp3.ltrans0.ltrans.o
 .progmem.data._ZN4MMU2L10errorCodesE
                0x00000000000029e8       0x5a C:\Users\SHIVAM~1\AppData\Local\Temp\ccYgXAp3.ltrans0.ltrans.o
 .progmem.data._ZN4MMU2L12btnOperationE
                0x0000000000002a42       0x12 C:\Users\SHIVAM~1\AppData\Local\Temp\ccYgXAp3.ltrans0.ltrans.o
 .progmem.data._ZZN4MMU2L27ReportErrorHookStaticRenderEhE3__c
                0x0000000000002a54       0x15 C:\Users\SHIVAM~1\AppData\Local\Temp\ccYgXAp3.ltrans0.ltrans.o
 .progmem.data._ZZ21optiboot_xflash_entervE3__c
                0x0000000000002a69       0x26 C:\Users\SHIVAM~1\AppData\Local\Temp\ccYgXAp3.ltrans0.ltrans.o
 .progmem.data._ZL15entry_magic_cfm
                0x0000000000002a8f        0xe C:\Users\SHIVAM~1\AppData\Local\Temp\ccYgXAp3.ltrans0.ltrans.o
 .progmem.data._ZL19entry_magic_receive
                0x0000000000002a9d       0x10 C:\Users\SHIVAM~1\AppData\Local\Temp\ccYgXAp3.ltrans0.ltrans.o
 .progmem.data._ZL16entry_magic_send
                0x0000000000002aad        0x7 C:\Users\SHIVAM~1\AppData\Local\Temp\ccYgXAp3.ltrans0.ltrans.o
 .progmem.data._ZZ14lay1cal_finishvE16cmd_cal_finish_8
                0x0000000000002ab4        0x7 C:\Users\SHIVAM~1\AppData\Local\Temp\ccYgXAp3.ltrans1.ltrans.o
 .progmem.data._ZZ14lay1cal_finishvE16cmd_cal_finish_6
                0x0000000000002abb        0xf C:\Users\SHIVAM~1\AppData\Local\Temp\ccYgXAp3.ltrans1.ltrans.o
 .progmem.data._ZZ14lay1cal_finishvE16cmd_cal_finish_5
                0x0000000000002aca        0xb C:\Users\SHIVAM~1\AppData\Local\Temp\ccYgXAp3.ltrans1.ltrans.o
 .progmem.data._ZZ14lay1cal_finishvE16cmd_cal_finish_4
                0x0000000000002ad5        0x7 C:\Users\SHIVAM~1\AppData\Local\Temp\ccYgXAp3.ltrans1.ltrans.o
 .progmem.data._ZZ14lay1cal_finishvE16cmd_cal_finish_3
                0x0000000000002adc        0xf C:\Users\SHIVAM~1\AppData\Local\Temp\ccYgXAp3.ltrans1.ltrans.o
 .progmem.data._ZZ22lay1cal_before_meandervE17cmd_pre_meander_6
                0x0000000000002aeb        0xa C:\Users\SHIVAM~1\AppData\Local\Temp\ccYgXAp3.ltrans1.ltrans.o
 .progmem.data._ZZ22lay1cal_before_meandervE17cmd_pre_meander_5
                0x0000000000002af5        0xa C:\Users\SHIVAM~1\AppData\Local\Temp\ccYgXAp3.ltrans1.ltrans.o
 .progmem.data._ZZ22lay1cal_before_meandervE17cmd_pre_meander_4
                0x0000000000002aff        0xd C:\Users\SHIVAM~1\AppData\Local\Temp\ccYgXAp3.ltrans1.ltrans.o
 .progmem2      0x0000000000002b0c      0x422 C:\Users\SHIVAM~1\AppData\Local\Temp\ccYgXAp3.ltrans1.ltrans.o
                0x0000000000002bd9                MSG_PINDA
                0x0000000000002c31                MSG_FANCHECK_PRINT
                0x0000000000002c45                MSG_FANCHECK_HOTEND
                0x0000000000002c5a                MSG_HOST_ACTION_RESUMED
                0x0000000000002cff                _ZZN10CardReader7releaseEvE3__c.lto_priv.499
                0x0000000000002d42                MSG_M702
                0x0000000000002d47                MSG_M83
                0x0000000000002d4b                G28W
                0x0000000000002f22                MSG_OK
                0x0000000000002f25                MSG_FILAMENT
 .progmem.data._ZZ18lay1cal_intro_linebffE16cmd_intro_mmu_11
                0x0000000000002f2e        0x7 C:\Users\SHIVAM~1\AppData\Local\Temp\ccYgXAp3.ltrans1.ltrans.o
 .progmem.data._ZZ18lay1cal_intro_linebffE16cmd_intro_mmu_10
                0x0000000000002f35       0x10 C:\Users\SHIVAM~1\AppData\Local\Temp\ccYgXAp3.ltrans1.ltrans.o
 .progmem.data._ZZ18lay1cal_intro_linebffE15cmd_intro_mmu_9
                0x0000000000002f45        0xb C:\Users\SHIVAM~1\AppData\Local\Temp\ccYgXAp3.ltrans1.ltrans.o
 .progmem.data._ZZ18lay1cal_intro_linebffE15cmd_intro_mmu_8
                0x0000000000002f50        0xf C:\Users\SHIVAM~1\AppData\Local\Temp\ccYgXAp3.ltrans1.ltrans.o
 .progmem.data._ZZ18lay1cal_intro_linebffE15cmd_intro_mmu_6
                0x0000000000002f5f        0xc C:\Users\SHIVAM~1\AppData\Local\Temp\ccYgXAp3.ltrans1.ltrans.o
 .progmem.data._ZZ18lay1cal_intro_linebffE15cmd_intro_mmu_5
                0x0000000000002f6b        0xd C:\Users\SHIVAM~1\AppData\Local\Temp\ccYgXAp3.ltrans1.ltrans.o
 .progmem.data._ZZ18lay1cal_intro_linebffE15cmd_intro_mmu_4
                0x0000000000002f78        0xd C:\Users\SHIVAM~1\AppData\Local\Temp\ccYgXAp3.ltrans1.ltrans.o
 .progmem.data._ZZ18lay1cal_intro_linebffE15cmd_intro_mmu_3
                0x0000000000002f85        0xe C:\Users\SHIVAM~1\AppData\Local\Temp\ccYgXAp3.ltrans1.ltrans.o
 .progmem.data._ZL14zero_extrusion
                0x0000000000002f93        0x6 C:\Users\SHIVAM~1\AppData\Local\Temp\ccYgXAp3.ltrans1.ltrans.o
 .progmem.data._ZZ20lay1cal_wait_preheatvE13preheat_cmd_4
                0x0000000000002f99        0x4 C:\Users\SHIVAM~1\AppData\Local\Temp\ccYgXAp3.ltrans1.ltrans.o
 .progmem.data._ZZ20lay1cal_wait_preheatvE13preheat_cmd_3
                0x0000000000002f9d        0x5 C:\Users\SHIVAM~1\AppData\Local\Temp\ccYgXAp3.ltrans1.ltrans.o
 .progmem.data._ZZ20lay1cal_wait_preheatvE13preheat_cmd_2
                0x0000000000002fa2        0x5 C:\Users\SHIVAM~1\AppData\Local\Temp\ccYgXAp3.ltrans1.ltrans.o
 .progmem1      0x0000000000002fa7     0x1233 C:\Users\SHIVAM~1\AppData\Local\Temp\ccYgXAp3.ltrans1.ltrans.o
                0x0000000000002fa7                MSG_PRINT_TIME
                0x0000000000002fb2                MSG_FILAMENT_USED
                0x0000000000002fc0                MSG_TOTAL_PRINT_TIME
                0x0000000000002fd1                MSG_TOTAL_FILAMENT
                0x0000000000003261                MSG_WIZARD_HEATING
                0x000000000000397b                MSG_BED
                0x0000000000003990                MSG_NOZZLE
                0x0000000000003a58                MSG_PINDA_CALIBRATION
                0x0000000000003b96                MSG_UNLOAD_FILAMENT
                0x0000000000003bf6                MSG_RESUME_PRINT
                0x0000000000003c2f                MSG_TUNE
                0x0000000000003c68                MSG_SILENT
                0x0000000000003ca6                MSG_NA
                0x0000000000003d04                MSG_YES
                0x0000000000003d08                MSG_NO
                0x0000000000003d3e                MSG_MAIN
                0x0000000000003d81                MSG_PRINT_FAN_SPEED
                0x0000000000003d8c                MSG_HOTEND_FAN_SPEED
                0x0000000000003e32                MSG_BACK
                0x0000000000003e4a                MSG_NORMAL
                0x0000000000003e51                MSG_MODE
                0x0000000000003eb4                MSG_PRINT_PAUSED
                0x0000000000003ecf                MSG_CANCEL
                0x00000000000041c3                MSG_SHEET
                0x00000000000041c9                MSG_SELECT_FILAMENT
 .progmem.data.menu_fmt_float31
                0x00000000000041da        0xf C:\Users\SHIVAM~1\AppData\Local\Temp\ccYgXAp3.ltrans1.ltrans.o
 .progmem.data._ZZ10lcd_move_evE3__c
                0x00000000000041e9        0xa C:\Users\SHIVAM~1\AppData\Local\Temp\ccYgXAp3.ltrans1.ltrans.o
 .progmem.data._ZZL19lcd_menu_xyz_offsetvE3__c
                0x00000000000041f3        0xb C:\Users\SHIVAM~1\AppData\Local\Temp\ccYgXAp3.ltrans1.ltrans.o
 .progmem.data._ZZL10lcd_move_xvE3__c
                0x00000000000041fe        0x3 C:\Users\SHIVAM~1\AppData\Local\Temp\ccYgXAp3.ltrans1.ltrans.o
 .progmem.data._ZZL10lcd_move_yvE3__c
                0x0000000000004201        0x3 C:\Users\SHIVAM~1\AppData\Local\Temp\ccYgXAp3.ltrans1.ltrans.o
 .progmem.data._ZZL10lcd_move_zvE3__c
                0x0000000000004204        0x3 C:\Users\SHIVAM~1\AppData\Local\Temp\ccYgXAp3.ltrans1.ltrans.o
 .progmem.data.menu_fmt_float13
                0x0000000000004207       0x11 C:\Users\SHIVAM~1\AppData\Local\Temp\ccYgXAp3.ltrans1.ltrans.o
 .progmem.data._ZZ12pid_extrudervE3__c
                0x0000000000004218        0x4 C:\Users\SHIVAM~1\AppData\Local\Temp\ccYgXAp3.ltrans1.ltrans.o
 .progmem.data._ZZ24lcd_temp_cal_show_resultbE3__c_0
                0x000000000000421c       0x3b C:\Users\SHIVAM~1\AppData\Local\Temp\ccYgXAp3.ltrans1.ltrans.o
 .progmem.data._ZZ24lcd_temp_cal_show_resultbE3__c
                0x0000000000004257       0x39 C:\Users\SHIVAM~1\AppData\Local\Temp\ccYgXAp3.ltrans1.ltrans.o
 .progmem.data._ZZ20lcd_mesh_bedlevelingvE3__c
                0x0000000000004290        0x4 C:\Users\SHIVAM~1\AppData\Local\Temp\ccYgXAp3.ltrans1.ltrans.o
 .progmem.data._ZZ20lcd_mesh_calibrationvE3__c
                0x0000000000004294        0x4 C:\Users\SHIVAM~1\AppData\Local\Temp\ccYgXAp3.ltrans1.ltrans.o
 .progmem.data._ZZ22lcd_mesh_calibration_zvE3__c
                0x0000000000004298        0x6 C:\Users\SHIVAM~1\AppData\Local\Temp\ccYgXAp3.ltrans1.ltrans.o
 .progmem.data._ZZ19lcd_calibrate_pindavE3__c
                0x000000000000429e        0x4 C:\Users\SHIVAM~1\AppData\Local\Temp\ccYgXAp3.ltrans1.ltrans.o
 .progmem.data._ZZL15lcd_wizard_loadvE3__c
                0x00000000000042a2        0x8 C:\Users\SHIVAM~1\AppData\Local\Temp\ccYgXAp3.ltrans1.ltrans.o
 .progmem.data._ZZ10lcd_wizard8WizStateE3__c
                0x00000000000042aa       0x12 C:\Users\SHIVAM~1\AppData\Local\Temp\ccYgXAp3.ltrans1.ltrans.o
 .progmem.data._ZZ17lcd_hw_setup_menuvE3__c_3
                0x00000000000042bc        0xd C:\Users\SHIVAM~1\AppData\Local\Temp\ccYgXAp3.ltrans1.ltrans.o
 .progmem.data._ZZ17lcd_hw_setup_menuvE3__c_2
                0x00000000000042c9        0x5 C:\Users\SHIVAM~1\AppData\Local\Temp\ccYgXAp3.ltrans1.ltrans.o
 .progmem.data._ZZ17lcd_hw_setup_menuvE3__c_1
                0x00000000000042ce        0x5 C:\Users\SHIVAM~1\AppData\Local\Temp\ccYgXAp3.ltrans1.ltrans.o
 .progmem.data._ZZ17lcd_hw_setup_menuvE3__c_0
                0x00000000000042d3        0x5 C:\Users\SHIVAM~1\AppData\Local\Temp\ccYgXAp3.ltrans1.ltrans.o
 .progmem.data._ZZ17lcd_hw_setup_menuvE3__c
                0x00000000000042d8        0x5 C:\Users\SHIVAM~1\AppData\Local\Temp\ccYgXAp3.ltrans1.ltrans.o
 .progmem.data._ZZL17lcd_settings_menuvE3__c_2
                0x00000000000042dd       0x12 C:\Users\SHIVAM~1\AppData\Local\Temp\ccYgXAp3.ltrans1.ltrans.o
 .progmem.data._ZZL17lcd_settings_menuvE3__c_0
                0x00000000000042ef        0xa C:\Users\SHIVAM~1\AppData\Local\Temp\ccYgXAp3.ltrans1.ltrans.o
 .progmem.data._ZZL17lcd_settings_menuvE3__c
                0x00000000000042f9        0x4 C:\Users\SHIVAM~1\AppData\Local\Temp\ccYgXAp3.ltrans1.ltrans.o
 .progmem.data._ZZL20lcd_calibration_menuvE3__c
                0x00000000000042fd        0x4 C:\Users\SHIVAM~1\AppData\Local\Temp\ccYgXAp3.ltrans1.ltrans.o
 .progmem.data._ZZL21lcd_disable_farm_modevE3__c_0
                0x0000000000004301        0x4 C:\Users\SHIVAM~1\AppData\Local\Temp\ccYgXAp3.ltrans1.ltrans.o
 .progmem.data._ZZL21lcd_disable_farm_modevE3__c
                0x0000000000004305       0x13 C:\Users\SHIVAM~1\AppData\Local\Temp\ccYgXAp3.ltrans1.ltrans.o
 .progmem.data._ZZL13lcd_main_menuvE3__c_2
                0x0000000000004318        0x5 C:\Users\SHIVAM~1\AppData\Local\Temp\ccYgXAp3.ltrans1.ltrans.o
 .progmem.data._ZZL13lcd_main_menuvE3__c_1
                0x000000000000431d        0x5 C:\Users\SHIVAM~1\AppData\Local\Temp\ccYgXAp3.ltrans1.ltrans.o
 .progmem.data._ZZL13lcd_main_menuvE3__c_0
                0x0000000000004322        0x5 C:\Users\SHIVAM~1\AppData\Local\Temp\ccYgXAp3.ltrans1.ltrans.o
 .progmem.data._ZZL13lcd_main_menuvE3__c
                0x0000000000004327        0x5 C:\Users\SHIVAM~1\AppData\Local\Temp\ccYgXAp3.ltrans1.ltrans.o
 .progmem.data._ZZL13lcd_tune_menuvE3__c
                0x000000000000432c        0x7 C:\Users\SHIVAM~1\AppData\Local\Temp\ccYgXAp3.ltrans1.ltrans.o
 .progmem.data._ZZ14check_commandsvE3__c
                0x0000000000004333        0x5 C:\Users\SHIVAM~1\AppData\Local\Temp\ccYgXAp3.ltrans1.ltrans.o
 .progmem.data._ZZL15lcd_sdcard_menuvE3__c
                0x0000000000004338        0x4 C:\Users\SHIVAM~1\AppData\Local\Temp\ccYgXAp3.ltrans1.ltrans.o
 .progmem.data._ZZ12lcd_belttestvE3__c_0
                0x000000000000433c        0xd C:\Users\SHIVAM~1\AppData\Local\Temp\ccYgXAp3.ltrans1.ltrans.o
 .progmem.data._ZZ12lcd_belttestvE3__c
                0x0000000000004349        0xd C:\Users\SHIVAM~1\AppData\Local\Temp\ccYgXAp3.ltrans1.ltrans.o
 .progmem.data._ZZ22lcd_wait_for_cool_downvE3__c_0
                0x0000000000004356        0x6 C:\Users\SHIVAM~1\AppData\Local\Temp\ccYgXAp3.ltrans1.ltrans.o
 .progmem.data._ZZ22lcd_wait_for_cool_downvE3__c
                0x000000000000435c        0x6 C:\Users\SHIVAM~1\AppData\Local\Temp\ccYgXAp3.ltrans1.ltrans.o
 .progmem.data._ZZL21lcd_selfcheck_axis_sghE3__c
                0x0000000000004362       0x10 C:\Users\SHIVAM~1\AppData\Local\Temp\ccYgXAp3.ltrans1.ltrans.o
 .progmem.data._ZZL19lcd_selftest_screen10TestScreenhhbjE3__c_3
                0x0000000000004372        0x7 C:\Users\SHIVAM~1\AppData\Local\Temp\ccYgXAp3.ltrans1.ltrans.o
 .progmem.data._ZZL19lcd_selftest_screen10TestScreenhhbjE3__c_2
                0x0000000000004379        0x4 C:\Users\SHIVAM~1\AppData\Local\Temp\ccYgXAp3.ltrans1.ltrans.o
 .progmem.data._ZZL19lcd_selftest_screen10TestScreenhhbjE3__c_1
                0x000000000000437d        0x2 C:\Users\SHIVAM~1\AppData\Local\Temp\ccYgXAp3.ltrans1.ltrans.o
 .progmem.data._ZZL19lcd_selftest_screen10TestScreenhhbjE3__c_0
                0x000000000000437f        0x2 C:\Users\SHIVAM~1\AppData\Local\Temp\ccYgXAp3.ltrans1.ltrans.o
 .progmem.data._ZZL19lcd_selftest_screen10TestScreenhhbjE3__c
                0x0000000000004381        0x2 C:\Users\SHIVAM~1\AppData\Local\Temp\ccYgXAp3.ltrans1.ltrans.o
 .progmem.data._ZL13STR_SEPARATOR.lto_priv.440
                0x0000000000004383       0x15 C:\Users\SHIVAM~1\AppData\Local\Temp\ccYgXAp3.ltrans1.ltrans.o
                0x0000000000004383                _ZL13STR_SEPARATOR.lto_priv.440
 .progmem.data._ZZ17WorkaroundPrusaSNvE3__c
                0x0000000000004398       0x14 C:\Users\SHIVAM~1\AppData\Local\Temp\ccYgXAp3.ltrans1.ltrans.o
 .progmem.data._ZZL20SETTINGS_SILENT_MODEvE3__c_0
                0x00000000000043ac        0x5 C:\Users\SHIVAM~1\AppData\Local\Temp\ccYgXAp3.ltrans1.ltrans.o
 .progmem.data._ZZL20SETTINGS_SILENT_MODEvE3__c
                0x00000000000043b1        0x5 C:\Users\SHIVAM~1\AppData\Local\Temp\ccYgXAp3.ltrans1.ltrans.o
 .progmem.data._ZZ14lay1cal_finishvE14cmd_cal_finish
                0x00000000000043b6       0x12 C:\Users\SHIVAM~1\AppData\Local\Temp\ccYgXAp3.ltrans1.ltrans.o
 .progmem.data._ZL13extrude_fmt_Y
                0x00000000000043c8        0xd C:\Users\SHIVAM~1\AppData\Local\Temp\ccYgXAp3.ltrans1.ltrans.o
 .progmem.data._ZZ21lay1cal_meander_startffE4fmt1
                0x00000000000043d5        0x8 C:\Users\SHIVAM~1\AppData\Local\Temp\ccYgXAp3.ltrans1.ltrans.o
 .progmem.data._ZZ21lay1cal_meander_startffE3__c
                0x00000000000043dd        0xa C:\Users\SHIVAM~1\AppData\Local\Temp\ccYgXAp3.ltrans1.ltrans.o
 .progmem.data._ZZ22lay1cal_before_meandervE15cmd_pre_meander
                0x00000000000043e7        0xc C:\Users\SHIVAM~1\AppData\Local\Temp\ccYgXAp3.ltrans1.ltrans.o
 .progmem.data._ZL13extrude_fmt_X
                0x00000000000043f3        0xd C:\Users\SHIVAM~1\AppData\Local\Temp\ccYgXAp3.ltrans1.ltrans.o
 .progmem.data._ZL14feedrate_F1080
                0x0000000000004400        0x8 C:\Users\SHIVAM~1\AppData\Local\Temp\ccYgXAp3.ltrans1.ltrans.o
 .progmem.data._ZZ18lay1cal_intro_linebffE13cmd_intro_mmu
                0x0000000000004408       0x12 C:\Users\SHIVAM~1\AppData\Local\Temp\ccYgXAp3.ltrans1.ltrans.o
 .progmem.data._ZZ21lay1cal_load_filamenthE3__c_1
                0x000000000000441a        0x4 C:\Users\SHIVAM~1\AppData\Local\Temp\ccYgXAp3.ltrans1.ltrans.o
 .progmem.data._ZZ21lay1cal_load_filamenthE3__c_0
                0x000000000000441e        0x7 C:\Users\SHIVAM~1\AppData\Local\Temp\ccYgXAp3.ltrans1.ltrans.o
 .progmem.data._ZZ21lay1cal_load_filamenthE3__c
                0x0000000000004425        0xb C:\Users\SHIVAM~1\AppData\Local\Temp\ccYgXAp3.ltrans1.ltrans.o
 .progmem.data._ZZ20lay1cal_wait_preheatvE11preheat_cmd
                0x0000000000004430        0xa C:\Users\SHIVAM~1\AppData\Local\Temp\ccYgXAp3.ltrans1.ltrans.o
 .progmem.data._ZZ12lcd_commandsvE3__c_5
                0x000000000000443a        0x7 C:\Users\SHIVAM~1\AppData\Local\Temp\ccYgXAp3.ltrans1.ltrans.o
 .progmem.data._ZZ12lcd_commandsvE3__c_4
                0x0000000000004441       0x13 C:\Users\SHIVAM~1\AppData\Local\Temp\ccYgXAp3.ltrans1.ltrans.o
 .progmem.data._ZZ12lcd_commandsvE3__c_3
                0x0000000000004454        0xa C:\Users\SHIVAM~1\AppData\Local\Temp\ccYgXAp3.ltrans1.ltrans.o
 .progmem.data._ZZ12lcd_commandsvE3__c_2
                0x000000000000445e       0x16 C:\Users\SHIVAM~1\AppData\Local\Temp\ccYgXAp3.ltrans1.ltrans.o
 .progmem.data._ZZ12lcd_commandsvE3__c_1
                0x0000000000004474       0x30 C:\Users\SHIVAM~1\AppData\Local\Temp\ccYgXAp3.ltrans1.ltrans.o
 .progmem.data._ZZ12lcd_commandsvE3__c_0
                0x00000000000044a4       0x17 C:\Users\SHIVAM~1\AppData\Local\Temp\ccYgXAp3.ltrans1.ltrans.o
 .progmem.data._ZZ12lcd_commandsvE3__c
                0x00000000000044bb        0xd C:\Users\SHIVAM~1\AppData\Local\Temp\ccYgXAp3.ltrans1.ltrans.o
 .progmem.data._ZL15STR_REVISION_RC
                0x00000000000044c8        0x3 C:\Users\SHIVAM~1\AppData\Local\Temp\ccYgXAp3.ltrans1.ltrans.o
 .progmem.data._ZL16STR_REVISION_DEV
                0x00000000000044cb        0x4 C:\Users\SHIVAM~1\AppData\Local\Temp\ccYgXAp3.ltrans1.ltrans.o
 .progmem.data._ZL17STR_REVISION_BETA
                0x00000000000044cf        0x5 C:\Users\SHIVAM~1\AppData\Local\Temp\ccYgXAp3.ltrans1.ltrans.o
 .progmem.data._ZL18STR_REVISION_ALPHA
                0x00000000000044d4        0x6 C:\Users\SHIVAM~1\AppData\Local\Temp\ccYgXAp3.ltrans1.ltrans.o
 .progmem.data.port_to_mode_PGM
                0x00000000000044da       0x1a C:\Users\SHIVAM~1\AppData\Local\Temp\ccYgXAp3.ltrans1.ltrans.o
 .progmem.data.port_to_output_PGM
                0x00000000000044f4       0x1a C:\Users\SHIVAM~1\AppData\Local\Temp\ccYgXAp3.ltrans1.ltrans.o
 .progmem.data.port_to_input_PGM
                0x000000000000450e       0x1a C:\Users\SHIVAM~1\AppData\Local\Temp\ccYgXAp3.ltrans1.ltrans.o
 .progmem.data.digital_pin_to_port_PGM
                0x0000000000004528       0x56 C:\Users\SHIVAM~1\AppData\Local\Temp\ccYgXAp3.ltrans1.ltrans.o
 .progmem.data.digital_pin_to_bit_mask_PGM
                0x000000000000457e       0x56 C:\Users\SHIVAM~1\AppData\Local\Temp\ccYgXAp3.ltrans1.ltrans.o
 .progmem.data.digital_pin_to_timer_PGM
                0x00000000000045d4       0x56 C:\Users\SHIVAM~1\AppData\Local\Temp\ccYgXAp3.ltrans1.ltrans.o
 .progmem.data._ZZ10lcd_splashvE3__c_0
                0x000000000000462a        0x7 C:\Users\SHIVAM~1\AppData\Local\Temp\ccYgXAp3.ltrans1.ltrans.o
 .progmem.data._ZZ10lcd_splashvE3__c
                0x0000000000004631       0x2e C:\Users\SHIVAM~1\AppData\Local\Temp\ccYgXAp3.ltrans1.ltrans.o
 .progmem.data._ZZL12get_PRUSA_SNPcE3__c_0
                0x000000000000465f        0x5 C:\Users\SHIVAM~1\AppData\Local\Temp\ccYgXAp3.ltrans1.ltrans.o
 .progmem.data._ZZL12get_PRUSA_SNPcE3__c
                0x0000000000004664        0x3 C:\Users\SHIVAM~1\AppData\Local\Temp\ccYgXAp3.ltrans1.ltrans.o
 .progmem.data._ZZN9SpoolJoin9SpoolJoin19initSpoolJoinStatusEvE3__c
                0x0000000000004667        0xe C:\Users\SHIVAM~1\AppData\Local\Temp\ccYgXAp3.ltrans1.ltrans.o
 .progmem.data._ZZ8adc_initvE3__c
                0x0000000000004675        0x9 C:\Users\SHIVAM~1\AppData\Local\Temp\ccYgXAp3.ltrans1.ltrans.o
 .progmem.data._ZZ10reset_menuvE3__c_4
                0x000000000000467e        0x8 C:\Users\SHIVAM~1\AppData\Local\Temp\ccYgXAp3.ltrans1.ltrans.o
 .progmem.data._ZZ10reset_menuvE3__c_3
                0x0000000000004686        0x9 C:\Users\SHIVAM~1\AppData\Local\Temp\ccYgXAp3.ltrans1.ltrans.o
 .progmem.data._ZZ10reset_menuvE3__c_2
                0x000000000000468f        0xd C:\Users\SHIVAM~1\AppData\Local\Temp\ccYgXAp3.ltrans1.ltrans.o
 .progmem.data._ZZ10reset_menuvE3__c_1
                0x000000000000469c        0xe C:\Users\SHIVAM~1\AppData\Local\Temp\ccYgXAp3.ltrans1.ltrans.o
 .progmem.data._ZZ10reset_menuvE3__c_0
                0x00000000000046aa        0xb C:\Users\SHIVAM~1\AppData\Local\Temp\ccYgXAp3.ltrans1.ltrans.o
 .progmem.data._ZZ10reset_menuvE3__c
                0x00000000000046b5        0x9 C:\Users\SHIVAM~1\AppData\Local\Temp\ccYgXAp3.ltrans1.ltrans.o
 .progmem.data._ZZL13factory_resetcE3__c.lto_priv.498
                0x00000000000046be       0x11 C:\Users\SHIVAM~1\AppData\Local\Temp\ccYgXAp3.ltrans1.ltrans.o
                0x00000000000046be                _ZZL13factory_resetcE3__c.lto_priv.498
 .progmem.data._ZZ13factory_resetvE3__c
                0x00000000000046cf        0xe C:\Users\SHIVAM~1\AppData\Local\Temp\ccYgXAp3.ltrans1.ltrans.o
 .progmem.data._ZL20FW_PRUSA3D_MAGIC_STR
                0x00000000000046dd        0xa C:\Users\SHIVAM~1\AppData\Local\Temp\ccYgXAp3.ltrans1.ltrans.o
 .progmem.data._ZL8MSG_INT4.lto_priv.476
                0x00000000000046e7        0x5 C:\Users\SHIVAM~1\AppData\Local\Temp\ccYgXAp3.ltrans1.ltrans.o
                0x00000000000046e7                _ZL8MSG_INT4.lto_priv.476
 .progmem.data.FW_VERSION_NR
                0x00000000000046ec        0x8 C:\Users\SHIVAM~1\AppData\Local\Temp\ccYgXAp3.ltrans1.ltrans.o
                0x00000000000046ec                FW_VERSION_NR
 .progmem.data._ZZ5setupE8v3_2_0_4
                0x00000000000046f4        0x8 C:\Users\SHIVAM~1\AppData\Local\Temp\ccYgXAp3.ltrans1.ltrans.o
 .progmem.data._ZZ5setupE3__c_7
                0x00000000000046fc        0xf C:\Users\SHIVAM~1\AppData\Local\Temp\ccYgXAp3.ltrans1.ltrans.o
 .progmem.data._ZZ5setupE3__c_5
                0x000000000000470b       0x14 C:\Users\SHIVAM~1\AppData\Local\Temp\ccYgXAp3.ltrans1.ltrans.o
 .progmem.data._ZZ5setupE3__c_3
                0x000000000000471f       0x17 C:\Users\SHIVAM~1\AppData\Local\Temp\ccYgXAp3.ltrans1.ltrans.o
 .progmem.data._ZZ5setupE3__c_2
                0x0000000000004736        0x6 C:\Users\SHIVAM~1\AppData\Local\Temp\ccYgXAp3.ltrans1.ltrans.o
 .progmem.data._ZZ5setupE3__c_1
                0x000000000000473c       0x11 C:\Users\SHIVAM~1\AppData\Local\Temp\ccYgXAp3.ltrans1.ltrans.o
 .progmem.data._ZZ5setupE3__c_0
                0x000000000000474d        0xb C:\Users\SHIVAM~1\AppData\Local\Temp\ccYgXAp3.ltrans1.ltrans.o
 .progmem.data._ZZ5setupE3__c
                0x0000000000004758        0x5 C:\Users\SHIVAM~1\AppData\Local\Temp\ccYgXAp3.ltrans1.ltrans.o
 .progmem.data._ZZ4loopE3__c_2
                0x000000000000475d       0x11 C:\Users\SHIVAM~1\AppData\Local\Temp\ccYgXAp3.ltrans1.ltrans.o
 .progmem.data._ZZ4loopE3__c_1
                0x000000000000476e       0x10 C:\Users\SHIVAM~1\AppData\Local\Temp\ccYgXAp3.ltrans1.ltrans.o
 .progmem.data._ZZ4loopE3__c_0
                0x000000000000477e       0x10 C:\Users\SHIVAM~1\AppData\Local\Temp\ccYgXAp3.ltrans1.ltrans.o
 .progmem.data._ZZ4loopE3__c
                0x000000000000478e        0x4 C:\Users\SHIVAM~1\AppData\Local\Temp\ccYgXAp3.ltrans1.ltrans.o
 .progmem.data._ZZ26menu_format_sheet_select_ERK5SheetR17SheetFormatBufferE3__c
                0x0000000000004792        0x8 C:\Users\SHIVAM~1\AppData\Local\Temp\ccYgXAp3.ltrans1.ltrans.o
 .progmem.data._ZZN17thermal_model_calL8estimateEjPffffjhfE3__c_0
                0x000000000000479a       0x1f C:\Users\SHIVAM~1\AppData\Local\Temp\ccYgXAp3.ltrans1.ltrans.o
 .progmem.data._ZZN17thermal_model_calL8estimateEjPffffjhfE3__c
                0x00000000000047b9       0x1a C:\Users\SHIVAM~1\AppData\Local\Temp\ccYgXAp3.ltrans1.ltrans.o
 .progmem.data._ZZ13choose_menu_PPKcS0_S0_E3__c
                0x00000000000047d3        0x6 C:\Users\SHIVAM~1\AppData\Local\Temp\ccYgXAp3.ltrans1.ltrans.o
 .progmem.data._ZL23load_to_nozzle_sequence
                0x00000000000047d9       0x10 C:\Users\SHIVAM~1\AppData\Local\Temp\ccYgXAp3.ltrans1.ltrans.o
 .progmem.data._ZL9mmu2Magic
                0x00000000000047e9        0x6 C:\Users\SHIVAM~1\AppData\Local\Temp\ccYgXAp3.ltrans1.ltrans.o
 .progmem.data._ZL5m2bed
                0x00000000000047ef       0x12 C:\Users\SHIVAM~1\AppData\Local\Temp\ccYgXAp3.ltrans2.ltrans.o
 .progmem.data._ZL8m2hotend
                0x0000000000004801       0x15 C:\Users\SHIVAM~1\AppData\Local\Temp\ccYgXAp3.ltrans2.ltrans.o
 .progmem2      0x0000000000004816      0x1dc C:\Users\SHIVAM~1\AppData\Local\Temp\ccYgXAp3.ltrans2.ltrans.o
                0x00000000000048ba                MSG_M220
                0x00000000000048ee                G1_E_F2700
                0x0000000000004993                MSG_HOST_ACTION_PAUSED
 .progmem.data._ZZL39recover_machine_state_after_power_panicvE3__c
                0x00000000000049f2       0x32 C:\Users\SHIVAM~1\AppData\Local\Temp\ccYgXAp3.ltrans2.ltrans.o
 .progmem.data._ZZL25restore_print_from_eeprombE3__c__12_
                0x0000000000004a24        0xb C:\Users\SHIVAM~1\AppData\Local\Temp\ccYgXAp3.ltrans2.ltrans.o
 .progmem.data._ZZL25restore_print_from_eeprombE3__c__11_
                0x0000000000004a2f        0x6 C:\Users\SHIVAM~1\AppData\Local\Temp\ccYgXAp3.ltrans2.ltrans.o
 .progmem.data._ZZL25restore_print_from_eeprombE3__c__10_
                0x0000000000004a35        0xa C:\Users\SHIVAM~1\AppData\Local\Temp\ccYgXAp3.ltrans2.ltrans.o
 .progmem.data._ZZL25restore_print_from_eeprombE3__c_9
                0x0000000000004a3f        0x9 C:\Users\SHIVAM~1\AppData\Local\Temp\ccYgXAp3.ltrans2.ltrans.o
 .progmem.data._ZZL25restore_print_from_eeprombE3__c_8
                0x0000000000004a48        0x9 C:\Users\SHIVAM~1\AppData\Local\Temp\ccYgXAp3.ltrans2.ltrans.o
 .progmem.data._ZZL25restore_print_from_eeprombE3__c_7
                0x0000000000004a51        0x7 C:\Users\SHIVAM~1\AppData\Local\Temp\ccYgXAp3.ltrans2.ltrans.o
 .progmem.data._ZZL25restore_print_from_eeprombE3__c_6
                0x0000000000004a58        0x4 C:\Users\SHIVAM~1\AppData\Local\Temp\ccYgXAp3.ltrans2.ltrans.o
 .progmem.data._ZZL25restore_print_from_eeprombE3__c_5
                0x0000000000004a5c        0xb C:\Users\SHIVAM~1\AppData\Local\Temp\ccYgXAp3.ltrans2.ltrans.o
 .progmem.data._ZZL25restore_print_from_eeprombE3__c_4
                0x0000000000004a67       0x1a C:\Users\SHIVAM~1\AppData\Local\Temp\ccYgXAp3.ltrans2.ltrans.o
 .progmem.data._ZZL25restore_print_from_eeprombE3__c_3
                0x0000000000004a81        0xa C:\Users\SHIVAM~1\AppData\Local\Temp\ccYgXAp3.ltrans2.ltrans.o
 .progmem.data._ZZL25restore_print_from_eeprombE3__c_2
                0x0000000000004a8b        0xd C:\Users\SHIVAM~1\AppData\Local\Temp\ccYgXAp3.ltrans2.ltrans.o
 .progmem.data._ZZL25restore_print_from_eeprombE3__c_1
                0x0000000000004a98       0x17 C:\Users\SHIVAM~1\AppData\Local\Temp\ccYgXAp3.ltrans2.ltrans.o
 .progmem.data._ZZL25restore_print_from_eeprombE3__c_0
                0x0000000000004aaf       0x10 C:\Users\SHIVAM~1\AppData\Local\Temp\ccYgXAp3.ltrans2.ltrans.o
 .progmem.data._ZZL25restore_print_from_eeprombE3__c
                0x0000000000004abf        0xa C:\Users\SHIVAM~1\AppData\Local\Temp\ccYgXAp3.ltrans2.ltrans.o
 .progmem.data._ZZ13recover_printhE3__c_4
                0x0000000000004ac9        0xb C:\Users\SHIVAM~1\AppData\Local\Temp\ccYgXAp3.ltrans2.ltrans.o
 .progmem.data._ZZ13recover_printhE3__c_3
                0x0000000000004ad4        0x9 C:\Users\SHIVAM~1\AppData\Local\Temp\ccYgXAp3.ltrans2.ltrans.o
 .progmem.data._ZZ13recover_printhE3__c_2
                0x0000000000004add        0x9 C:\Users\SHIVAM~1\AppData\Local\Temp\ccYgXAp3.ltrans2.ltrans.o
 .progmem.data._ZZ13recover_printhE3__c_1
                0x0000000000004ae6        0x9 C:\Users\SHIVAM~1\AppData\Local\Temp\ccYgXAp3.ltrans2.ltrans.o
 .progmem.data._ZZ13recover_printhE3__c_0
                0x0000000000004aef        0x8 C:\Users\SHIVAM~1\AppData\Local\Temp\ccYgXAp3.ltrans2.ltrans.o
 .progmem.data._ZZ13recover_printhE3__c
                0x0000000000004af7        0xe C:\Users\SHIVAM~1\AppData\Local\Temp\ccYgXAp3.ltrans2.ltrans.o
 .progmem1      0x0000000000004b05      0x29e C:\Users\SHIVAM~1\AppData\Local\Temp\ccYgXAp3.ltrans2.ltrans.o
                0x0000000000004b54                MSG_CALIBRATE_Z_AUTO
                0x0000000000004b62                MSG_BED_DONE
                0x0000000000004b6b                MSG_BED_HEATING
                0x0000000000004b77                MSG_HEATING_COMPLETE
                0x0000000000004b85                MSG_HEATING
                0x0000000000004d29                MSG_EJECT
 .progmem.data._ZZL20prusa_statistics_errcE3__c
                0x0000000000004da3        0x7 C:\Users\SHIVAM~1\AppData\Local\Temp\ccYgXAp3.ltrans2.ltrans.o
 .progmem.data._ZL14FW_VERSION_STR.lto_priv.501
                0x0000000000004daa        0x7 C:\Users\SHIVAM~1\AppData\Local\Temp\ccYgXAp3.ltrans2.ltrans.o
                0x0000000000004daa                _ZL14FW_VERSION_STR.lto_priv.501
 .progmem.data._ZZL20prusa_stat_printinfovE3__c_4
                0x0000000000004db1        0x7 C:\Users\SHIVAM~1\AppData\Local\Temp\ccYgXAp3.ltrans2.ltrans.o
 .progmem.data._ZZL20prusa_stat_printinfovE3__c_3
                0x0000000000004db8        0x7 C:\Users\SHIVAM~1\AppData\Local\Temp\ccYgXAp3.ltrans2.ltrans.o
 .progmem.data._ZZL20prusa_stat_printinfovE3__c_2
                0x0000000000004dbf        0x7 C:\Users\SHIVAM~1\AppData\Local\Temp\ccYgXAp3.ltrans2.ltrans.o
 .progmem.data._ZZL20prusa_stat_printinfovE3__c_1
                0x0000000000004dc6        0x7 C:\Users\SHIVAM~1\AppData\Local\Temp\ccYgXAp3.ltrans2.ltrans.o
 .progmem.data._ZZL20prusa_stat_printinfovE3__c_0
                0x0000000000004dcd        0x7 C:\Users\SHIVAM~1\AppData\Local\Temp\ccYgXAp3.ltrans2.ltrans.o
 .progmem.data._ZZL20prusa_stat_printinfovE3__c
                0x0000000000004dd4        0x6 C:\Users\SHIVAM~1\AppData\Local\Temp\ccYgXAp3.ltrans2.ltrans.o
 .progmem.data._ZZL24prusa_stat_printerstatushE3__c
                0x0000000000004dda        0x6 C:\Users\SHIVAM~1\AppData\Local\Temp\ccYgXAp3.ltrans2.ltrans.o
 .progmem.data._ZZL22prusa_stat_farm_numbervE3__c
                0x0000000000004de0        0x8 C:\Users\SHIVAM~1\AppData\Local\Temp\ccYgXAp3.ltrans2.ltrans.o
 .progmem.data._ZZL19prusa_stat_diametervE3__c
                0x0000000000004de8        0x6 C:\Users\SHIVAM~1\AppData\Local\Temp\ccYgXAp3.ltrans2.ltrans.o
 .progmem.data._ZZL23prusa_stat_temperaturesvE3__c_2
                0x0000000000004dee        0x7 C:\Users\SHIVAM~1\AppData\Local\Temp\ccYgXAp3.ltrans2.ltrans.o
 .progmem.data._ZZL23prusa_stat_temperaturesvE3__c_1
                0x0000000000004df5        0x7 C:\Users\SHIVAM~1\AppData\Local\Temp\ccYgXAp3.ltrans2.ltrans.o
 .progmem.data._ZZL23prusa_stat_temperaturesvE3__c_0
                0x0000000000004dfc        0x7 C:\Users\SHIVAM~1\AppData\Local\Temp\ccYgXAp3.ltrans2.ltrans.o
 .progmem.data._ZZL23prusa_stat_temperaturesvE3__c
                0x0000000000004e03        0x6 C:\Users\SHIVAM~1\AppData\Local\Temp\ccYgXAp3.ltrans2.ltrans.o
 .progmem.data._ZZ16prusa_statisticshE3__c_4
                0x0000000000004e09        0x9 C:\Users\SHIVAM~1\AppData\Local\Temp\ccYgXAp3.ltrans2.ltrans.o
 .progmem.data._ZZ16prusa_statisticshE3__c_3
                0x0000000000004e12        0x9 C:\Users\SHIVAM~1\AppData\Local\Temp\ccYgXAp3.ltrans2.ltrans.o
 .progmem.data._ZZ16prusa_statisticshE3__c_2
                0x0000000000004e1b        0x9 C:\Users\SHIVAM~1\AppData\Local\Temp\ccYgXAp3.ltrans2.ltrans.o
 .progmem.data._ZZ16prusa_statisticshE3__c_1
                0x0000000000004e24        0x9 C:\Users\SHIVAM~1\AppData\Local\Temp\ccYgXAp3.ltrans2.ltrans.o
 .progmem.data._ZZ16prusa_statisticshE3__c_0
                0x0000000000004e2d        0xe C:\Users\SHIVAM~1\AppData\Local\Temp\ccYgXAp3.ltrans2.ltrans.o
 .progmem.data._ZZ16prusa_statisticshE3__c
                0x0000000000004e3b        0xe C:\Users\SHIVAM~1\AppData\Local\Temp\ccYgXAp3.ltrans2.ltrans.o
 .progmem.data._ZL6crctab
                0x0000000000004e49      0x200 C:\Users\SHIVAM~1\AppData\Local\Temp\ccYgXAp3.ltrans2.ltrans.o
 .progmem.data._ZZN10SdBaseFile10make83NameEPKcPhPS1_E3__c
                0x0000000000005049        0x9 C:\Users\SHIVAM~1\AppData\Local\Temp\ccYgXAp3.ltrans2.ltrans.o
 .progmem.data.speed_lookuptable_slow
                0x0000000000005052      0x400 C:\Users\SHIVAM~1\AppData\Local\Temp\ccYgXAp3.ltrans2.ltrans.o
 .progmem.data.speed_lookuptable_fast
                0x0000000000005452      0x400 C:\Users\SHIVAM~1\AppData\Local\Temp\ccYgXAp3.ltrans2.ltrans.o
 .progmem.data._ZZ12PID_autotunefiiE3__c__16_
                0x0000000000005852       0x5c C:\Users\SHIVAM~1\AppData\Local\Temp\ccYgXAp3.ltrans2.ltrans.o
 .progmem.data._ZZ12PID_autotunefiiE3__c__15_
                0x00000000000058ae       0x1d C:\Users\SHIVAM~1\AppData\Local\Temp\ccYgXAp3.ltrans2.ltrans.o
 .progmem.data._ZZ12PID_autotunefiiE3__c__14_
                0x00000000000058cb        0x4 C:\Users\SHIVAM~1\AppData\Local\Temp\ccYgXAp3.ltrans2.ltrans.o
 .progmem.data._ZZ12PID_autotunefiiE3__c__13_
                0x00000000000058cf        0x3 C:\Users\SHIVAM~1\AppData\Local\Temp\ccYgXAp3.ltrans2.ltrans.o
 .progmem.data._ZZ12PID_autotunefiiE3__c__12_
                0x00000000000058d2        0x3 C:\Users\SHIVAM~1\AppData\Local\Temp\ccYgXAp3.ltrans2.ltrans.o
 .progmem.data._ZZ12PID_autotunefiiE3__c__11_
                0x00000000000058d5       0x2a C:\Users\SHIVAM~1\AppData\Local\Temp\ccYgXAp3.ltrans2.ltrans.o
 .progmem.data._ZZ12PID_autotunefiiE3__c__10_
                0x00000000000058ff        0x6 C:\Users\SHIVAM~1\AppData\Local\Temp\ccYgXAp3.ltrans2.ltrans.o
 .progmem.data._ZZ12PID_autotunefiiE3__c_9
                0x0000000000005905        0x6 C:\Users\SHIVAM~1\AppData\Local\Temp\ccYgXAp3.ltrans2.ltrans.o
 .progmem.data._ZZ12PID_autotunefiiE3__c_8
                0x000000000000590b        0x6 C:\Users\SHIVAM~1\AppData\Local\Temp\ccYgXAp3.ltrans2.ltrans.o
 .progmem.data._ZZ12PID_autotunefiiE3__c_7
                0x0000000000005911        0xe C:\Users\SHIVAM~1\AppData\Local\Temp\ccYgXAp3.ltrans2.ltrans.o
 .progmem.data._ZZ12PID_autotunefiiE3__c_6
                0x000000000000591f        0x6 C:\Users\SHIVAM~1\AppData\Local\Temp\ccYgXAp3.ltrans2.ltrans.o
 .progmem.data._ZZ12PID_autotunefiiE3__c_5
                0x0000000000005925        0x6 C:\Users\SHIVAM~1\AppData\Local\Temp\ccYgXAp3.ltrans2.ltrans.o
 .progmem.data._ZZ12PID_autotunefiiE3__c_4
                0x000000000000592b        0x7 C:\Users\SHIVAM~1\AppData\Local\Temp\ccYgXAp3.ltrans2.ltrans.o
 .progmem.data._ZZ12PID_autotunefiiE3__c_3
                0x0000000000005932        0x7 C:\Users\SHIVAM~1\AppData\Local\Temp\ccYgXAp3.ltrans2.ltrans.o
 .progmem.data._ZZ12PID_autotunefiiE3__c_2
                0x0000000000005939        0x5 C:\Users\SHIVAM~1\AppData\Local\Temp\ccYgXAp3.ltrans2.ltrans.o
 .progmem.data._ZZ12PID_autotunefiiE3__c_1
                0x000000000000593e        0x8 C:\Users\SHIVAM~1\AppData\Local\Temp\ccYgXAp3.ltrans2.ltrans.o
 .progmem.data._ZZ12PID_autotunefiiE3__c_0
                0x0000000000005946       0x13 C:\Users\SHIVAM~1\AppData\Local\Temp\ccYgXAp3.ltrans2.ltrans.o
 .progmem.data._ZZ12PID_autotunefiiE3__c
                0x0000000000005959       0x2a C:\Users\SHIVAM~1\AppData\Local\Temp\ccYgXAp3.ltrans2.ltrans.o
 .progmem.data._ZZN13thermal_modelL7log_usrEvE3__c
                0x0000000000005983       0x16 C:\Users\SHIVAM~1\AppData\Local\Temp\ccYgXAp3.ltrans2.ltrans.o
 .progmem.data._ZZL14min_temp_errorhE3err
                0x0000000000005999        0x8 C:\Users\SHIVAM~1\AppData\Local\Temp\ccYgXAp3.ltrans2.ltrans.o
 .progmem.data._ZZL18bed_min_temp_errorvE3err
                0x00000000000059a1        0xc C:\Users\SHIVAM~1\AppData\Local\Temp\ccYgXAp3.ltrans2.ltrans.o
 .progmem.data._ZZL22ambient_min_temp_errorvE3__c
                0x00000000000059ad        0xc C:\Users\SHIVAM~1\AppData\Local\Temp\ccYgXAp3.ltrans2.ltrans.o
 .progmem.data._ZZL14max_temp_errorhE3__c
                0x00000000000059b9        0x8 C:\Users\SHIVAM~1\AppData\Local\Temp\ccYgXAp3.ltrans2.ltrans.o
 .progmem.data._ZZL18bed_max_temp_errorvE3__c
                0x00000000000059c1        0xc C:\Users\SHIVAM~1\AppData\Local\Temp\ccYgXAp3.ltrans2.ltrans.o
 .progmem.data._ZZL22ambient_max_temp_errorvE3__c
                0x00000000000059cd        0xc C:\Users\SHIVAM~1\AppData\Local\Temp\ccYgXAp3.ltrans2.ltrans.o
 .progmem.data._ZZ17handle_temp_errorvE3__c_0
                0x00000000000059d9       0x12 C:\Users\SHIVAM~1\AppData\Local\Temp\ccYgXAp3.ltrans2.ltrans.o
 .progmem.data._ZZ17handle_temp_errorvE3__c
                0x00000000000059eb       0x15 C:\Users\SHIVAM~1\AppData\Local\Temp\ccYgXAp3.ltrans2.ltrans.o
 .progmem.data._ZZN13thermal_modelL14handle_warningEvE3__c
                0x0000000000005a00       0x13 C:\Users\SHIVAM~1\AppData\Local\Temp\ccYgXAp3.ltrans2.ltrans.o
 .progmem.data._ZL11temptable_1
                0x0000000000005a13       0xf4 C:\Users\SHIVAM~1\AppData\Local\Temp\ccYgXAp3.ltrans2.ltrans.o
 .progmem.data._ZL14temptable_2000
                0x0000000000005b07       0x88 C:\Users\SHIVAM~1\AppData\Local\Temp\ccYgXAp3.ltrans2.ltrans.o
 .progmem.data._ZZL17temp_runaway_stopbbE3__c_6
                0x0000000000005b8f       0x18 C:\Users\SHIVAM~1\AppData\Local\Temp\ccYgXAp3.ltrans2.ltrans.o
 .progmem.data._ZZL17temp_runaway_stopbbE3__c_5
                0x0000000000005ba7       0x19 C:\Users\SHIVAM~1\AppData\Local\Temp\ccYgXAp3.ltrans2.ltrans.o
 .progmem.data._ZZL17temp_runaway_stopbbE3__c_4
                0x0000000000005bc0       0x10 C:\Users\SHIVAM~1\AppData\Local\Temp\ccYgXAp3.ltrans2.ltrans.o
 .progmem.data._ZZL17temp_runaway_stopbbE3__c_3
                0x0000000000005bd0       0x14 C:\Users\SHIVAM~1\AppData\Local\Temp\ccYgXAp3.ltrans2.ltrans.o
 .progmem.data._ZZL17temp_runaway_stopbbE3__c_2
                0x0000000000005be4       0x22 C:\Users\SHIVAM~1\AppData\Local\Temp\ccYgXAp3.ltrans2.ltrans.o
 .progmem.data._ZZL17temp_runaway_stopbbE3__c_1
                0x0000000000005c06       0x23 C:\Users\SHIVAM~1\AppData\Local\Temp\ccYgXAp3.ltrans2.ltrans.o
 .progmem.data._ZZL17temp_runaway_stopbbE3__c_0
                0x0000000000005c29        0xe C:\Users\SHIVAM~1\AppData\Local\Temp\ccYgXAp3.ltrans2.ltrans.o
 .progmem.data._ZZL17temp_runaway_stopbbE3__c
                0x0000000000005c37       0x12 C:\Users\SHIVAM~1\AppData\Local\Temp\ccYgXAp3.ltrans2.ltrans.o
 .progmem.data._ZZL21temp_error_messagepgmPKchE3__c_2
                0x0000000000005c49        0xc C:\Users\SHIVAM~1\AppData\Local\Temp\ccYgXAp3.ltrans2.ltrans.o
 .progmem.data._ZZL21temp_error_messagepgmPKchE3__c_1
                0x0000000000005c55       0x17 C:\Users\SHIVAM~1\AppData\Local\Temp\ccYgXAp3.ltrans2.ltrans.o
 .progmem.data._ZZL21temp_error_messagepgmPKchE3__c_0
                0x0000000000005c6c        0x3 C:\Users\SHIVAM~1\AppData\Local\Temp\ccYgXAp3.ltrans2.ltrans.o
 .progmem.data._ZZL21temp_error_messagepgmPKchE3__c
                0x0000000000005c6f        0x6 C:\Users\SHIVAM~1\AppData\Local\Temp\ccYgXAp3.ltrans2.ltrans.o
 .progmem.data._ZZ18lcd_buttons_updatevE12encrot_table
                0x0000000000005c75       0x10 C:\Users\SHIVAM~1\AppData\Local\Temp\ccYgXAp3.ltrans2.ltrans.o
 .progmem.data._ZZN23alert_automaton_mintemp4stepEffE2m1
                0x0000000000005c85        0xf C:\Users\SHIVAM~1\AppData\Local\Temp\ccYgXAp3.ltrans2.ltrans.o
 .progmem.data._ZZ25thermal_model_set_enabledbE3__c
                0x0000000000005c94       0x26 C:\Users\SHIVAM~1\AppData\Local\Temp\ccYgXAp3.ltrans2.ltrans.o
 .progmem.data._ZZ29thermal_model_report_settingsvE3__c_1
                0x0000000000005cba       0x46 C:\Users\SHIVAM~1\AppData\Local\Temp\ccYgXAp3.ltrans2.ltrans.o
 .progmem.data._ZZ29thermal_model_report_settingsvE3__c_0
                0x0000000000005d00       0x14 C:\Users\SHIVAM~1\AppData\Local\Temp\ccYgXAp3.ltrans2.ltrans.o
 .progmem.data._ZZ29thermal_model_report_settingsvE3__c
                0x0000000000005d14       0x18 C:\Users\SHIVAM~1\AppData\Local\Temp\ccYgXAp3.ltrans2.ltrans.o
 .progmem.data._ZL23THERMAL_MODEL_R_DEFAULT
                0x0000000000005d2c       0x40 C:\Users\SHIVAM~1\AppData\Local\Temp\ccYgXAp3.ltrans2.ltrans.o
 .progmem.data.eMotorCurrentScalingEnabled
                0x0000000000005d6c       0x20 C:\Users\SHIVAM~1\AppData\Local\Temp\ccYgXAp3.ltrans2.ltrans.o
                0x0000000000005d6c                eMotorCurrentScalingEnabled
 .progmem.data._ZL17homing_currents_P
                0x0000000000005d8c        0xc C:\Users\SHIVAM~1\AppData\Local\Temp\ccYgXAp3.ltrans2.ltrans.o
 .progmem.data._ZZ18tmc2130_home_enterhE3__c
                0x0000000000005d98       0x26 C:\Users\SHIVAM~1\AppData\Local\Temp\ccYgXAp3.ltrans2.ltrans.o
 .progmem.data._ZZ17tmc2130_home_exitvE3__c
                0x0000000000005dbe       0x36 C:\Users\SHIVAM~1\AppData\Local\Temp\ccYgXAp3.ltrans2.ltrans.o
 .progmem.data._ZZ22tmc2130_home_calibratehE3__c_3
                0x0000000000005df4       0x12 C:\Users\SHIVAM~1\AppData\Local\Temp\ccYgXAp3.ltrans2.ltrans.o
 .progmem.data._ZZ22tmc2130_home_calibratehE3__c_2
                0x0000000000005e06       0x18 C:\Users\SHIVAM~1\AppData\Local\Temp\ccYgXAp3.ltrans2.ltrans.o
 .progmem.data._ZZ22tmc2130_home_calibratehE3__c_1
                0x0000000000005e1e        0xa C:\Users\SHIVAM~1\AppData\Local\Temp\ccYgXAp3.ltrans2.ltrans.o
 .progmem.data._ZZ22tmc2130_home_calibratehE3__c_0
                0x0000000000005e28       0x11 C:\Users\SHIVAM~1\AppData\Local\Temp\ccYgXAp3.ltrans2.ltrans.o
 .progmem.data._ZZ22tmc2130_home_calibratehE3__c
                0x0000000000005e39       0x10 C:\Users\SHIVAM~1\AppData\Local\Temp\ccYgXAp3.ltrans2.ltrans.o
 .progmem.data._ZZ11__vector_51E3__c
                0x0000000000005e49       0x12 C:\Users\SHIVAM~1\AppData\Local\Temp\ccYgXAp3.ltrans2.ltrans.o
 .progmem.data._ZZ23lcdui_print_status_linevE3__c_2
                0x0000000000005e5b        0x3 C:\Users\SHIVAM~1\AppData\Local\Temp\ccYgXAp3.ltrans2.ltrans.o
 .progmem.data._ZZ23lcdui_print_status_linevE3__c_1
                0x0000000000005e5e        0xe C:\Users\SHIVAM~1\AppData\Local\Temp\ccYgXAp3.ltrans2.ltrans.o
 .progmem.data._ZZ23lcdui_print_status_linevE3__c_0
                0x0000000000005e6c        0x9 C:\Users\SHIVAM~1\AppData\Local\Temp\ccYgXAp3.ltrans2.ltrans.o
 .progmem.data._ZZ23lcdui_print_status_linevE3__c
                0x0000000000005e75        0x4 C:\Users\SHIVAM~1\AppData\Local\Temp\ccYgXAp3.ltrans2.ltrans.o
 .progmem.data._ZZ24lcdui_print_percent_donevE3__c_3
                0x0000000000005e79        0x4 C:\Users\SHIVAM~1\AppData\Local\Temp\ccYgXAp3.ltrans2.ltrans.o
 .progmem.data._ZZ24lcdui_print_percent_donevE3__c_2
                0x0000000000005e7d        0x5 C:\Users\SHIVAM~1\AppData\Local\Temp\ccYgXAp3.ltrans2.ltrans.o
 .progmem.data._ZZ16lcdui_print_timevE3__c_1
                0x0000000000005e82        0xa C:\Users\SHIVAM~1\AppData\Local\Temp\ccYgXAp3.ltrans2.ltrans.o
 .progmem.data._ZZ22lcd_menu_extruder_infovE3__c
                0x0000000000005e8c       0x1b C:\Users\SHIVAM~1\AppData\Local\Temp\ccYgXAp3.ltrans2.ltrans.o
 .progmem.data._ZZL30lcd_menu_fails_stats_mmu_printvE3__c
                0x0000000000005ea7       0x1f C:\Users\SHIVAM~1\AppData\Local\Temp\ccYgXAp3.ltrans2.ltrans.o
 .progmem.data._ZZL30lcd_menu_fails_stats_mmu_totalvE3__c
                0x0000000000005ec6       0x2d C:\Users\SHIVAM~1\AppData\Local\Temp\ccYgXAp3.ltrans2.ltrans.o
 .progmem.data._ZL12failStatsFmt
                0x0000000000005ef3       0x35 C:\Users\SHIVAM~1\AppData\Local\Temp\ccYgXAp3.ltrans2.ltrans.o
 .progmem.data._ZZL26lcd_menu_temperatures_linePKciE3__c
                0x0000000000005f28        0xa C:\Users\SHIVAM~1\AppData\Local\Temp\ccYgXAp3.ltrans2.ltrans.o
 .progmem.data._ZZL17lcd_menu_voltagesvE3__c
                0x0000000000005f32       0x24 C:\Users\SHIVAM~1\AppData\Local\Temp\ccYgXAp3.ltrans2.ltrans.o
 .progmem.data._ZZL20lcd_menu_belt_statusvE3__c
                0x0000000000005f56        0xf C:\Users\SHIVAM~1\AppData\Local\Temp\ccYgXAp3.ltrans2.ltrans.o
 .progmem.data._ZZ10ip4_to_strPcPhE3__c
                0x0000000000005f65        0xc C:\Users\SHIVAM~1\AppData\Local\Temp\ccYgXAp3.ltrans2.ltrans.o
 .progmem.data._ZZL16lcd_support_menuvE3__c__15_
                0x0000000000005f71        0x2 C:\Users\SHIVAM~1\AppData\Local\Temp\ccYgXAp3.ltrans2.ltrans.o
 .progmem.data._ZZL16lcd_support_menuvE3__c__14_
                0x0000000000005f73        0x2 C:\Users\SHIVAM~1\AppData\Local\Temp\ccYgXAp3.ltrans2.ltrans.o
 .progmem.data._ZZL16lcd_support_menuvE3__c__13_
                0x0000000000005f75       0x12 C:\Users\SHIVAM~1\AppData\Local\Temp\ccYgXAp3.ltrans2.ltrans.o
 .progmem.data._ZZL16lcd_support_menuvE3__c__12_
                0x0000000000005f87        0xf C:\Users\SHIVAM~1\AppData\Local\Temp\ccYgXAp3.ltrans2.ltrans.o
 .progmem.data._ZZL16lcd_support_menuvE3__c__11_
                0x0000000000005f96        0x9 C:\Users\SHIVAM~1\AppData\Local\Temp\ccYgXAp3.ltrans2.ltrans.o
 .progmem.data._ZZL16lcd_support_menuvE3__c__10_
                0x0000000000005f9f        0x5 C:\Users\SHIVAM~1\AppData\Local\Temp\ccYgXAp3.ltrans2.ltrans.o
 .progmem.data._ZZL16lcd_support_menuvE3__c_9
                0x0000000000005fa4        0xb C:\Users\SHIVAM~1\AppData\Local\Temp\ccYgXAp3.ltrans2.ltrans.o
 .progmem.data._ZZL16lcd_support_menuvE3__c_8
                0x0000000000005faf        0xf C:\Users\SHIVAM~1\AppData\Local\Temp\ccYgXAp3.ltrans2.ltrans.o
 .progmem.data._ZZL16lcd_support_menuvE3__c_7
                0x0000000000005fbe        0xa C:\Users\SHIVAM~1\AppData\Local\Temp\ccYgXAp3.ltrans2.ltrans.o
 .progmem.data._ZZL16lcd_support_menuvE3__c_6
                0x0000000000005fc8        0xb C:\Users\SHIVAM~1\AppData\Local\Temp\ccYgXAp3.ltrans2.ltrans.o
 .progmem.data._ZZL16lcd_support_menuvE3__c_2
                0x0000000000005fd3       0x10 C:\Users\SHIVAM~1\AppData\Local\Temp\ccYgXAp3.ltrans2.ltrans.o
 .progmem.data._ZZL16lcd_support_menuvE3__c_1
                0x0000000000005fe3       0x15 C:\Users\SHIVAM~1\AppData\Local\Temp\ccYgXAp3.ltrans2.ltrans.o
 .progmem.data._ZZL16lcd_support_menuvE3__c_0
                0x0000000000005ff8        0xd C:\Users\SHIVAM~1\AppData\Local\Temp\ccYgXAp3.ltrans2.ltrans.o
 .progmem.data._ZZL16lcd_support_menuvE3__c
                0x0000000000006005        0xa C:\Users\SHIVAM~1\AppData\Local\Temp\ccYgXAp3.ltrans2.ltrans.o
 .progmem.data._ZZ13mFilamentItemjjE3__c
                0x000000000000600f        0x2 C:\Users\SHIVAM~1\AppData\Local\Temp\ccYgXAp3.ltrans2.ltrans.o
 .progmem.data._ZZ24lcd_generic_preheat_menuvE3__c__20_
                0x0000000000006011        0xf C:\Users\SHIVAM~1\AppData\Local\Temp\ccYgXAp3.ltrans2.ltrans.o
 .progmem.data._ZZ24lcd_generic_preheat_menuvE3__c__19_
                0x0000000000006020        0xc C:\Users\SHIVAM~1\AppData\Local\Temp\ccYgXAp3.ltrans2.ltrans.o
 .progmem.data._ZZ24lcd_generic_preheat_menuvE3__c__18_
                0x000000000000602c       0x10 C:\Users\SHIVAM~1\AppData\Local\Temp\ccYgXAp3.ltrans2.ltrans.o
 .progmem.data._ZZ24lcd_generic_preheat_menuvE3__c__17_
                0x000000000000603c        0xc C:\Users\SHIVAM~1\AppData\Local\Temp\ccYgXAp3.ltrans2.ltrans.o
 .progmem.data._ZZ24lcd_generic_preheat_menuvE3__c__16_
                0x0000000000006048       0x10 C:\Users\SHIVAM~1\AppData\Local\Temp\ccYgXAp3.ltrans2.ltrans.o
 .progmem.data._ZZ24lcd_generic_preheat_menuvE3__c__15_
                0x0000000000006058        0xc C:\Users\SHIVAM~1\AppData\Local\Temp\ccYgXAp3.ltrans2.ltrans.o
 .progmem.data._ZZ24lcd_generic_preheat_menuvE3__c__14_
                0x0000000000006064       0x10 C:\Users\SHIVAM~1\AppData\Local\Temp\ccYgXAp3.ltrans2.ltrans.o
 .progmem.data._ZZ24lcd_generic_preheat_menuvE3__c__13_
                0x0000000000006074        0xc C:\Users\SHIVAM~1\AppData\Local\Temp\ccYgXAp3.ltrans2.ltrans.o
 .progmem.data._ZZ24lcd_generic_preheat_menuvE3__c__12_
                0x0000000000006080        0xf C:\Users\SHIVAM~1\AppData\Local\Temp\ccYgXAp3.ltrans2.ltrans.o
 .progmem.data._ZZ24lcd_generic_preheat_menuvE3__c__11_
                0x000000000000608f        0xc C:\Users\SHIVAM~1\AppData\Local\Temp\ccYgXAp3.ltrans2.ltrans.o
 .progmem.data._ZZ24lcd_generic_preheat_menuvE3__c__10_
                0x000000000000609b        0xf C:\Users\SHIVAM~1\AppData\Local\Temp\ccYgXAp3.ltrans2.ltrans.o
 .progmem.data._ZZ24lcd_generic_preheat_menuvE3__c_9
                0x00000000000060aa        0xc C:\Users\SHIVAM~1\AppData\Local\Temp\ccYgXAp3.ltrans2.ltrans.o
 .progmem.data._ZZ24lcd_generic_preheat_menuvE3__c_8
                0x00000000000060b6       0x10 C:\Users\SHIVAM~1\AppData\Local\Temp\ccYgXAp3.ltrans2.ltrans.o
 .progmem.data._ZZ24lcd_generic_preheat_menuvE3__c_7
                0x00000000000060c6        0xc C:\Users\SHIVAM~1\AppData\Local\Temp\ccYgXAp3.ltrans2.ltrans.o
 .progmem.data._ZZ24lcd_generic_preheat_menuvE3__c_6
                0x00000000000060d2       0x10 C:\Users\SHIVAM~1\AppData\Local\Temp\ccYgXAp3.ltrans2.ltrans.o
 .progmem.data._ZZ24lcd_generic_preheat_menuvE3__c_5
                0x00000000000060e2        0xc C:\Users\SHIVAM~1\AppData\Local\Temp\ccYgXAp3.ltrans2.ltrans.o
 .progmem.data._ZZ24lcd_generic_preheat_menuvE3__c_4
                0x00000000000060ee        0xf C:\Users\SHIVAM~1\AppData\Local\Temp\ccYgXAp3.ltrans2.ltrans.o
 .progmem.data._ZZ24lcd_generic_preheat_menuvE3__c_3
                0x00000000000060fd        0xc C:\Users\SHIVAM~1\AppData\Local\Temp\ccYgXAp3.ltrans2.ltrans.o
 .progmem.data._ZZ24lcd_generic_preheat_menuvE3__c_2
                0x0000000000006109        0xf C:\Users\SHIVAM~1\AppData\Local\Temp\ccYgXAp3.ltrans2.ltrans.o
 .progmem.data._ZZ24lcd_generic_preheat_menuvE3__c_1
                0x0000000000006118        0xc C:\Users\SHIVAM~1\AppData\Local\Temp\ccYgXAp3.ltrans2.ltrans.o
 .progmem.data._ZZ24lcd_generic_preheat_menuvE3__c_0
                0x0000000000006124       0x10 C:\Users\SHIVAM~1\AppData\Local\Temp\ccYgXAp3.ltrans2.ltrans.o
 .progmem.data._ZZ24lcd_generic_preheat_menuvE3__c
                0x0000000000006134       0x11 C:\Users\SHIVAM~1\AppData\Local\Temp\ccYgXAp3.ltrans2.ltrans.o
 .progmem.data._ZL11temptable_5
                0x0000000000006145       0x80 C:\Users\SHIVAM~1\AppData\Local\Temp\ccYgXAp3.ltrans3.ltrans.o
 .progmem1      0x00000000000061c5      0xa22 C:\Users\SHIVAM~1\AppData\Local\Temp\ccYgXAp3.ltrans3.ltrans.o
                0x0000000000006341                MSG_UNLOADING_FILAMENT
                0x0000000000006394                MSG_FINISHING_MOVEMENTS
                0x0000000000006439                _ZN4MMU2L23MSG_TITLE_UNKNOWN_ERRORE.lto_priv.549
                0x0000000000006447                _ZN4MMU2L25MSG_TITLE_FILAMENT_CHANGEE.lto_priv.548
                0x0000000000006457                _ZN4MMU2L26MSG_TITLE_FILAMENT_EJECTEDE.lto_priv.547
                0x0000000000006468                _ZN4MMU2L25MSG_TITLE_UNLOAD_MANUALLYE.lto_priv.546
                0x0000000000006478                _ZN4MMU2L26MSG_TITLE_FW_RUNTIME_ERRORE.lto_priv.545
                0x0000000000006489                _ZN4MMU2L26MSG_TITLE_FW_UPDATE_NEEDEDE.lto_priv.544
                0x000000000000649e                _ZN4MMU2L20MSG_TITLE_QUEUE_FULLE.lto_priv.543
                0x00000000000064a9                _ZN4MMU2L22MSG_TITLE_INVALID_TOOLE.lto_priv.542
                0x00000000000064b6                _ZN4MMU2L33MSG_TITLE_FILAMENT_ALREADY_LOADEDE.lto_priv.541
                0x00000000000064ca                _ZN4MMU2L29MSG_TITLE_COMMUNICATION_ERRORE.lto_priv.540
                0x00000000000064de                _ZN4MMU2L28MSG_TITLE_MMU_NOT_RESPONDINGE.lto_priv.539
                0x00000000000064f1                _ZN4MMU2L23MSG_TITLE_MMU_MCU_ERRORE.lto_priv.538
                0x00000000000064ff                _ZN4MMU2L25MSG_TITLE_SELFTEST_FAILEDE.lto_priv.537
                0x0000000000006513                _ZN4MMU2L28MSG_TITLE_TMC_DRIVER_SHORTEDE.lto_priv.536
                0x0000000000006526                _ZN4MMU2L32MSG_TITLE_TMC_UNDERVOLTAGE_ERRORE.lto_priv.535
                0x000000000000653b                _ZN4MMU2L26MSG_TITLE_TMC_DRIVER_RESETE.lto_priv.534
                0x000000000000654c                _ZN4MMU2L26MSG_TITLE_TMC_DRIVER_ERRORE.lto_priv.533
                0x000000000000655d                _ZN4MMU2L28MSG_TITLE_TMC_OVERHEAT_ERRORE.lto_priv.532
                0x0000000000006570                _ZN4MMU2L33MSG_TITLE_TMC_WARNING_TMC_TOO_HOTE.lto_priv.531
                0x0000000000006584                _ZN4MMU2L27MSG_TITLE_IDLER_CANNOT_MOVEE.lto_priv.530
                0x0000000000006596                _ZN4MMU2L27MSG_TITLE_IDLER_CANNOT_HOMEE.lto_priv.529
                0x00000000000065a8                _ZN4MMU2L30MSG_TITLE_SELECTOR_CANNOT_MOVEE.lto_priv.528
                0x00000000000065bd                _ZN4MMU2L30MSG_TITLE_SELECTOR_CANNOT_HOMEE.lto_priv.527
                0x00000000000065d2                _ZN4MMU2L33MSG_TITLE_LOAD_TO_EXTRUDER_FAILEDE.lto_priv.526
                0x00000000000065e7                _ZN4MMU2L23MSG_TITLE_INSPECT_FINDAE.lto_priv.525
                0x00000000000065f5                _ZN4MMU2L27MSG_TITLE_FSENSOR_TOO_EARLYE.lto_priv.524
                0x0000000000006607                _ZN4MMU2L28MSG_TITLE_PULLEY_CANNOT_MOVEE.lto_priv.523
                0x000000000000661a                _ZN4MMU2L32MSG_TITLE_FSENSOR_FILAMENT_STUCKE.lto_priv.522
                0x000000000000662d                _ZN4MMU2L31MSG_TITLE_FSENSOR_DIDNT_TRIGGERE.lto_priv.521
                0x0000000000006642                _ZN4MMU2L30MSG_TITLE_FINDA_FILAMENT_STUCKE.lto_priv.520
                0x0000000000006655                _ZN4MMU2L29MSG_TITLE_FINDA_DIDNT_TRIGGERE.lto_priv.519
                0x000000000000667f                MSG_SELFTEST_FAN
                0x0000000000006688                MSG_SELFTEST_FAILED
                0x0000000000006698                MSG_SELFTEST_FILAMENT_SENSOR
                0x0000000000006901                MSG_REMOVE_STEEL_SHEET
                0x000000000000694e                MSG_STEEL_SHEET_CHECK
                0x0000000000006969                MSG_BABYSTEP_Z_NOT_SET
                0x0000000000006abc                MSG_MEASURE_BED_REFERENCE_HEIGHT_LINE1
                0x0000000000006b26                MSG_AUTO_HOME
                0x0000000000006b30                MSG_CUT_FILAMENT
                0x0000000000006b3d                MSG_EJECT_FROM_MMU
                0x0000000000006b4c                MSG_LOADING_FILAMENT
                0x0000000000006be0                MSG_OFF
                0x0000000000006be4                MSG_ON
 .progmem2      0x0000000000006be7      0x10a C:\Users\SHIVAM~1\AppData\Local\Temp\ccYgXAp3.ltrans3.ltrans.o
                0x0000000000006c68                MSG_WELCOME
                0x0000000000006ce1                MSG_M600
                0x0000000000006ce6                MSG_M24
                0x0000000000006cea                MSG_M23
 .progmem.data._ZZ20xyzcal_measure_entervE3__c_0
                0x0000000000006cf1       0x11 C:\Users\SHIVAM~1\AppData\Local\Temp\ccYgXAp3.ltrans3.ltrans.o