Archive member included to satisfy reference by file (symbol)

c:/prusa-firmware/.dependencies/avr-gcc-7.3.0/bin/../lib/gcc/avr/7.3.0/../../../../avr/lib/avr6\libprintf_flt.a(vfprintf_flt.o)
                              (vfprintf)
libavr_core.a(wiring_digital.c.obj)
                              build_gen/MK3S-E3DREVO_HF_60W/CMakeFiles/MK3S-E3DREVO_HF_60W_ENGLISH.dir/__/__/Firmware/Marlin_main.cpp.obj (symbol from plugin) (pinMode)
libavr_core.a(hooks.c.obj)    build_gen/MK3S-E3DREVO_HF_60W/CMakeFiles/MK3S-E3DREVO_HF_60W_ENGLISH.dir/__/__/Firmware/timer02.c.obj (symbol from plugin) (yield)
libavr_core.a(wiring.c.obj)   build_gen/MK3S-E3DREVO_HF_60W/CMakeFiles/MK3S-E3DREVO_HF_60W_ENGLISH.dir/__/__/Firmware/lcd.cpp.obj (symbol from plugin) (delayMicroseconds)
libavr_core.a(wiring_analog.c.obj)
                              build_gen/MK3S-E3DREVO_HF_60W/CMakeFiles/MK3S-E3DREVO_HF_60W_ENGLISH.dir/__/__/Firmware/backlight.cpp.obj (symbol from plugin) (analogWrite)
libavr_core.a(main.cpp.obj)   c:/prusa-firmware/.dependencies/avr-gcc-7.3.0/bin/../lib/gcc/avr/7.3.0/../../../../avr/lib/avr6/crtatmega2560.o (main)
c:/prusa-firmware/.dependencies/avr-gcc-7.3.0/bin/../lib/gcc/avr/7.3.0/avr6\libgcc.a(_exit.o)
                              c:/prusa-firmware/.dependencies/avr-gcc-7.3.0/bin/../lib/gcc/avr/7.3.0/../../../../avr/lib/avr6/crtatmega2560.o (exit)
c:/prusa-firmware/.dependencies/avr-gcc-7.3.0/bin/../lib/gcc/avr/7.3.0/../../../../avr/lib/avr6\libm.a(floatsisf.o)
                              build_gen/MK3S-E3DREVO_HF_60W/CMakeFiles/MK3S-E3DREVO_HF_60W_ENGLISH.dir/__/__/Firmware/strtod.c.obj (symbol from plugin) (__floatunsisf)
c:/prusa-firmware/.dependencies/avr-gcc-7.3.0/bin/../lib/gcc/avr/7.3.0/../../../../avr/lib/avr6\libm.a(square.o)
                              build_gen/MK3S-E3DREVO_HF_60W/CMakeFiles/MK3S-E3DREVO_HF_60W_ENGLISH.dir/__/__/Firmware/planner.cpp.obj (symbol from plugin) (square)
c:/prusa-firmware/.dependencies/avr-gcc-7.3.0/bin/../lib/gcc/avr/7.3.0/../../../../avr/lib/avr6\libm.a(mulsf3.o)
                              c:/prusa-firmware/.dependencies/avr-gcc-7.3.0/bin/../lib/gcc/avr/7.3.0/../../../../avr/lib/avr6\libm.a(square.o) (__mulsf3)
c:/prusa-firmware/.dependencies/avr-gcc-7.3.0/bin/../lib/gcc/avr/7.3.0/../../../../avr/lib/avr6\libm.a(mulsf3x.o)
                              c:/prusa-firmware/.dependencies/avr-gcc-7.3.0/bin/../lib/gcc/avr/7.3.0/../../../../avr/lib/avr6\libm.a(mulsf3.o) (__mulsf3x)
c:/prusa-firmware/.dependencies/avr-gcc-7.3.0/bin/../lib/gcc/avr/7.3.0/../../../../avr/lib/avr6\libm.a(fp_inf.o)
                              c:/prusa-firmware/.dependencies/avr-gcc-7.3.0/bin/../lib/gcc/avr/7.3.0/../../../../avr/lib/avr6\libm.a(mulsf3x.o) (__fp_inf)
c:/prusa-firmware/.dependencies/avr-gcc-7.3.0/bin/../lib/gcc/avr/7.3.0/../../../../avr/lib/avr6\libm.a(fp_nan.o)
                              c:/prusa-firmware/.dependencies/avr-gcc-7.3.0/bin/../lib/gcc/avr/7.3.0/../../../../avr/lib/avr6\libm.a(mulsf3x.o) (__fp_nan)
c:/prusa-firmware/.dependencies/avr-gcc-7.3.0/bin/../lib/gcc/avr/7.3.0/../../../../avr/lib/avr6\libm.a(fp_pscA.o)
                              c:/prusa-firmware/.dependencies/avr-gcc-7.3.0/bin/../lib/gcc/avr/7.3.0/../../../../avr/lib/avr6\libm.a(mulsf3x.o) (__fp_pscA)
c:/prusa-firmware/.dependencies/avr-gcc-7.3.0/bin/../lib/gcc/avr/7.3.0/../../../../avr/lib/avr6\libm.a(fp_pscB.o)
                              c:/prusa-firmware/.dependencies/avr-gcc-7.3.0/bin/../lib/gcc/avr/7.3.0/../../../../avr/lib/avr6\libm.a(mulsf3x.o) (__fp_pscB)
c:/prusa-firmware/.dependencies/avr-gcc-7.3.0/bin/../lib/gcc/avr/7.3.0/../../../../avr/lib/avr6\libm.a(fp_round.o)
                              c:/prusa-firmware/.dependencies/avr-gcc-7.3.0/bin/../lib/gcc/avr/7.3.0/../../../../avr/lib/avr6\libm.a(mulsf3.o) (__fp_round)
c:/prusa-firmware/.dependencies/avr-gcc-7.3.0/bin/../lib/gcc/avr/7.3.0/../../../../avr/lib/avr6\libm.a(fp_split3.o)
                              c:/prusa-firmware/.dependencies/avr-gcc-7.3.0/bin/../lib/gcc/avr/7.3.0/../../../../avr/lib/avr6\libm.a(mulsf3x.o) (__fp_split3)
c:/prusa-firmware/.dependencies/avr-gcc-7.3.0/bin/../lib/gcc/avr/7.3.0/../../../../avr/lib/avr6\libm.a(fp_zero.o)
                              c:/prusa-firmware/.dependencies/avr-gcc-7.3.0/bin/../lib/gcc/avr/7.3.0/../../../../avr/lib/avr6\libm.a(mulsf3x.o) (__fp_szero)
c:/prusa-firmware/.dependencies/avr-gcc-7.3.0/bin/../lib/gcc/avr/7.3.0/../../../../avr/lib/avr6\libc.a(errno.o)
                              build_gen/MK3S-E3DREVO_HF_60W/CMakeFiles/MK3S-E3DREVO_HF_60W_ENGLISH.dir/__/__/Firmware/strtod.c.obj (symbol from plugin) (errno)
c:/prusa-firmware/.dependencies/avr-gcc-7.3.0/bin/../lib/gcc/avr/7.3.0/../../../../avr/lib/avr6\libc.a(malloc.o)
                              build_gen/MK3S-E3DREVO_HF_60W/CMakeFiles/MK3S-E3DREVO_HF_60W_ENGLISH.dir/__/__/Firmware/SdFatUtil.cpp.obj (symbol from plugin) (__brkval)
[...]
Memory Configuration

Name             Origin             Length             Attributes
text             0x0000000000000000 0x000000000003e000 xr
data             0x0000000000800200 0x0000000000002000 rw !x
eeprom           0x0000000000810000 0x0000000000001000 rw !x
fuse             0x0000000000820000 0x0000000000000003 rw !x
lock             0x0000000000830000 0x0000000000000400 rw !x
signature        0x0000000000840000 0x0000000000000400 rw !x
user_signatures  0x0000000000850000 0x0000000000000400 rw !x
*default*        0x0000000000000000 0xffffffffffffffff

Linker script and memory map

Address of section .data set to 0x800200
LOAD c:/prusa-firmware/.dependencies/avr-gcc-7.3.0/bin/../lib/gcc/avr/7.3.0/../../../../avr/lib/avr6/crtatmega2560.o
LOAD c:/prusa-firmware/.dependencies/avr-gcc-7.3.0/bin/../lib/gcc/avr/7.3.0/../../../../avr/lib/avr6\libprintf_flt.a
                [0x000000000003e000]                __TEXT_REGION_LENGTH__ = DEFINED (__TEXT_REGION_LENGTH__)?__TEXT_REGION_LENGTH__:0x100000
                [0x0000000000002000]                __DATA_REGION_LENGTH__ = DEFINED (__DATA_REGION_LENGTH__)?__DATA_REGION_LENGTH__:0xfe00
                [0x0000000000001000]                __EEPROM_REGION_LENGTH__ = DEFINED (__EEPROM_REGION_LENGTH__)?__EEPROM_REGION_LENGTH__:0x10000
                [0x0000000000000003]                __FUSE_REGION_LENGTH__ = DEFINED (__FUSE_REGION_LENGTH__)?__FUSE_REGION_LENGTH__:0x400
                0x0000000000000400                __LOCK_REGION_LENGTH__ = DEFINED (__LOCK_REGION_LENGTH__)?__LOCK_REGION_LENGTH__:0x400
                0x0000000000000400                __SIGNATURE_REGION_LENGTH__ = DEFINED (__SIGNATURE_REGION_LENGTH__)?__SIGNATURE_REGION_LENGTH__:0x400
                0x0000000000000400                __USER_SIGNATURE_REGION_LENGTH__ = DEFINED (__USER_SIGNATURE_REGION_LENGTH__)?__USER_SIGNATURE_REGION_LENGTH__:0x400
                [0x0000000000800200]                __DATA_REGION_ORIGIN__ = DEFINED (__DATA_REGION_ORIGIN__)?__DATA_REGION_ORIGIN__:0x800200

.hash
 *(.hash)

.dynsym
 *(.dynsym)

.dynstr
 *(.dynstr)

.gnu.version
 *(.gnu.version)

.gnu.version_d
 *(.gnu.version_d)

.gnu.version_r
 *(.gnu.version_r)

.rel.init
 *(.rel.init)

.rela.init
 *(.rela.init)

.rel.text
 *(.rel.text)
 *(.rel.text.*)
 *(.rel.gnu.linkonce.t*)

.rela.text
 *(.rela.text)
 *(.rela.text.*)
 *(.rela.gnu.linkonce.t*)

.rel.fini
 *(.rel.fini)

.rela.fini
 *(.rela.fini)

.rel.rodata
 *(.rel.rodata)
 *(.rel.rodata.*)
 *(.rel.gnu.linkonce.r*)

.rela.rodata
 *(.rela.rodata)
 *(.rela.rodata.*)
 *(.rela.gnu.linkonce.r*)

.rel.data
 *(.rel.data)
 *(.rel.data.*)
 *(.rel.gnu.linkonce.d*)

.rela.data
 *(.rela.data)
 *(.rela.data.*)
 *(.rela.gnu.linkonce.d*)

.rel.ctors
 *(.rel.ctors)

.rela.ctors
 *(.rela.ctors)

.rel.dtors
 *(.rel.dtors)

.rela.dtors
 *(.rela.dtors)

.rel.got
 *(.rel.got)

.rela.got
 *(.rela.got)

.rel.bss
 *(.rel.bss)

.rela.bss
 *(.rela.bss)

.rel.plt
 *(.rel.plt)

.rela.plt
 *(.rela.plt)

.text           0x0000000000000000    0x3858a
 *(.vectors)
 .vectors       0x0000000000000000       0xe4 c:/prusa-firmware/.dependencies/avr-gcc-7.3.0/bin/../lib/gcc/avr/7.3.0/../../../../avr/lib/avr6/crtatmega2560.o
                0x0000000000000000                __vectors
 *(.vectors)
                0x00000000000000e4                __loc_sec_start = .
 *(.loc_sec)
 *(.loc_sec)
                0x00000000000000e4                __loc_sec_end = .
                0x00000000000000e4                __loc_pri_start = .
 *(.loc_pri)
 *(.loc_pri)
                0x00000000000000e4                __loc_pri_end = .
                0x00000000000000e4                __noloc_start = .
 *(.noloc)
 *(.noloc)
                0x00000000000000e4                __noloc_end = .
 *(.progmem.gcc*)
 .progmem.gcc_fplib
                0x00000000000000e4       0x2d c:/prusa-firmware/.dependencies/avr-gcc-7.3.0/bin/../lib/gcc/avr/7.3.0/../../../../avr/lib/avr6\libm.a(atan.o)
 .progmem.gcc_fplib
                0x0000000000000111       0x1e c:/prusa-firmware/.dependencies/avr-gcc-7.3.0/bin/../lib/gcc/avr/7.3.0/../../../../avr/lib/avr6\libm.a(fp_sinus.o)
 .progmem.gcc_fplib
                0x000000000000012f       0x28 c:/prusa-firmware/.dependencies/avr-gcc-7.3.0/bin/../lib/gcc/avr/7.3.0/../../../../avr/lib/avr6\libm.a(exp.o)
 .progmem.gcc_fplib
                0x0000000000000157       0x5a c:/prusa-firmware/.dependencies/avr-gcc-7.3.0/bin/../lib/gcc/avr/7.3.0/../../../../avr/lib/avr6\libm.a(log.o)
                0x00000000000001b2                . = ALIGN (0x2)
 *fill*         0x00000000000001b1        0x1 
                0x00000000000001b2                __trampolines_start = .
 *(.trampolines)
 .trampolines   0x00000000000001b2      0x438 linker stubs
 *(.trampolines*)
                0x00000000000005ea                __trampolines_end = .
 *libprintf_flt.a:*(.progmem.data)
 .progmem.data  0x00000000000005ea        0x8 c:/prusa-firmware/.dependencies/avr-gcc-7.3.0/bin/../lib/gcc/avr/7.3.0/../../../../avr/lib/avr6\libprintf_flt.a(vfprintf_flt.o)
 *libc.a:*(.progmem.data)
 .progmem.data  0x00000000000005f2       0xfa c:/prusa-firmware/.dependencies/avr-gcc-7.3.0/bin/../lib/gcc/avr/7.3.0/../../../../avr/lib/avr6\libc.a(ftoa_engine.o)
 *(.progmem*)
 .progmem.data._ZZ12enquecommandPKcbE3__c
                0x00000000000006ec        0x2 C:\Users\SHIVAM~1\AppData\Local\Temp\ccmb3aD5.ltrans0.ltrans.o
 .progmem2      0x00000000000006ee      0x530 C:\Users\SHIVAM~1\AppData\Local\Temp\ccmb3aD5.ltrans0.ltrans.o
 .progmem.data._ZZ20mp_echo_config_statevE3__c_5
                0x0000000000000c1e        0x1 C:\Users\SHIVAM~1\AppData\Local\Temp\ccmb3aD5.ltrans0.ltrans.o
 .progmem.data._ZZ20mp_echo_config_statevE3__c_4
                0x0000000000000c1f        0x5 C:\Users\SHIVAM~1\AppData\Local\Temp\ccmb3aD5.ltrans0.ltrans.o
 .progmem.data._ZZ20mp_echo_config_statevE3__c_3
                0x0000000000000c24        0x5 C:\Users\SHIVAM~1\AppData\Local\Temp\ccmb3aD5.ltrans0.ltrans.o
 .progmem.data._ZZ20mp_echo_config_statevE3__c_2
                0x0000000000000c29        0x5 C:\Users\SHIVAM~1\AppData\Local\Temp\ccmb3aD5.ltrans0.ltrans.o
 .progmem.data._ZZ20mp_echo_config_statevE3__c_1
                0x0000000000000c2e        0x4 C:\Users\SHIVAM~1\AppData\Local\Temp\ccmb3aD5.ltrans0.ltrans.o
 .progmem.data._ZZ20mp_echo_config_statevE3__c_0
                0x0000000000000c32        0x5 C:\Users\SHIVAM~1\AppData\Local\Temp\ccmb3aD5.ltrans0.ltrans.o
 .progmem.data._ZZ20mp_echo_config_statevE3__c
                0x0000000000000c37        0x7 C:\Users\SHIVAM~1\AppData\Local\Temp\ccmb3aD5.ltrans0.ltrans.o
 .progmem.data._ZZ11get_commandvE3__c_9
                0x0000000000000c3e       0x14 C:\Users\SHIVAM~1\AppData\Local\Temp\ccmb3aD5.ltrans0.ltrans.o
 .progmem.data._ZZ11get_commandvE3__c_7
                0x0000000000000c52        0xb C:\Users\SHIVAM~1\AppData\Local\Temp\ccmb3aD5.ltrans0.ltrans.o
 .progmem.data._ZZ11get_commandvE3__c_6
                0x0000000000000c5d        0x5 C:\Users\SHIVAM~1\AppData\Local\Temp\ccmb3aD5.ltrans0.ltrans.o
 .progmem.data._ZZ11get_commandvE3__c_5
                0x0000000000000c62        0x5 C:\Users\SHIVAM~1\AppData\Local\Temp\ccmb3aD5.ltrans0.ltrans.o
 .progmem.data._ZZ11get_commandvE3__c_0
                0x0000000000000c67        0x5 C:\Users\SHIVAM~1\AppData\Local\Temp\ccmb3aD5.ltrans0.ltrans.o
 .progmem.data._ZZ11get_commandvE3__c
                0x0000000000000c6c        0xf C:\Users\SHIVAM~1\AppData\Local\Temp\ccmb3aD5.ltrans0.ltrans.o
 .progmem.data._ZZ20Config_StoreSettingsvE3__c
                0x0000000000000c7b       0x10 C:\Users\SHIVAM~1\AppData\Local\Temp\ccmb3aD5.ltrans0.ltrans.o
 .progmem.data._ZZ27thermal_model_load_settingsvE3__c
                0x0000000000000c8b       0x2a C:\Users\SHIVAM~1\AppData\Local\Temp\ccmb3aD5.ltrans0.ltrans.o
 .progmem.data._ZZ23Config_RetrieveSettingsvE3__c
                0x0000000000000cb5       0x1a C:\Users\SHIVAM~1\AppData\Local\Temp\ccmb3aD5.ltrans0.ltrans.o
 .progmem.data._ZZ19Config_ResetDefaultvE3__c
                0x0000000000000ccf       0x22 C:\Users\SHIVAM~1\AppData\Local\Temp\ccmb3aD5.ltrans0.ltrans.o
 .progmem.data._ZL12default_conf
                0x0000000000000cf1       0xd1 C:\Users\SHIVAM~1\AppData\Local\Temp\ccmb3aD5.ltrans0.ltrans.o
 .progmem.data._ZZ25eeprom_default_sheet_namehR9SheetNameE3__c_3
                0x0000000000000dc2        0x7 C:\Users\SHIVAM~1\AppData\Local\Temp\ccmb3aD5.ltrans0.ltrans.o
 .progmem.data._ZZ25eeprom_default_sheet_namehR9SheetNameE3__c_2
                0x0000000000000dc9        0x8 C:\Users\SHIVAM~1\AppData\Local\Temp\ccmb3aD5.ltrans0.ltrans.o
 .progmem.data._ZZ25eeprom_default_sheet_namehR9SheetNameE3__c_1
                0x0000000000000dd1        0x8 C:\Users\SHIVAM~1\AppData\Local\Temp\ccmb3aD5.ltrans0.ltrans.o
 .progmem.data._ZZ25eeprom_default_sheet_namehR9SheetNameE3__c_0
                0x0000000000000dd9        0x7 C:\Users\SHIVAM~1\AppData\Local\Temp\ccmb3aD5.ltrans0.ltrans.o
 .progmem.data._ZZ25eeprom_default_sheet_namehR9SheetNameE3__c
                0x0000000000000de0        0x7 C:\Users\SHIVAM~1\AppData\Local\Temp\ccmb3aD5.ltrans0.ltrans.o
 .progmem.data._ZZ13fanSpeedErrorhE3__c
                0x0000000000000de7       0x28 C:\Users\SHIVAM~1\AppData\Local\Temp\ccmb3aD5.ltrans0.ltrans.o
 .progmem.data._ZZ13fanSpeedErrorhE3__c_0
                0x0000000000000e0f       0x27 C:\Users\SHIVAM~1\AppData\Local\Temp\ccmb3aD5.ltrans0.ltrans.o
 .progmem.data._ZZ17la10c_mode_change10LA10C_MODEE3__c_2
                0x0000000000000e36        0x4 C:\Users\SHIVAM~1\AppData\Local\Temp\ccmb3aD5.ltrans0.ltrans.o
 .progmem.data._ZZ17la10c_mode_change10LA10C_MODEE3__c_1
                0x0000000000000e3a        0x4 C:\Users\SHIVAM~1\AppData\Local\Temp\ccmb3aD5.ltrans0.ltrans.o
 .progmem.data._ZZ17la10c_mode_change10LA10C_MODEE3__c_0
                0x0000000000000e3e        0x8 C:\Users\SHIVAM~1\AppData\Local\Temp\ccmb3aD5.ltrans0.ltrans.o
 .progmem.data._ZZ17la10c_mode_change10LA10C_MODEE3__c
                0x0000000000000e46       0x1d C:\Users\SHIVAM~1\AppData\Local\Temp\ccmb3aD5.ltrans0.ltrans.o
 .progmem.data._ZZ10la10c_jerkfE3__c
                0x0000000000000e63       0x19 C:\Users\SHIVAM~1\AppData\Local\Temp\ccmb3aD5.ltrans0.ltrans.o
 .progmem.data._ZL4Font
                0x0000000000000e7c      0x1bc C:\Users\SHIVAM~1\AppData\Local\Temp\ccmb3aD5.ltrans0.ltrans.o
 .progmem.data._ZL11row_offsets
                0x0000000000001038        0x4 C:\Users\SHIVAM~1\AppData\Local\Temp\ccmb3aD5.ltrans0.ltrans.o
 .progmem.data.pwr_m10
                0x000000000000103c       0x18 C:\Users\SHIVAM~1\AppData\Local\Temp\ccmb3aD5.ltrans0.ltrans.o
 .progmem.data.pwr_p10
                0x0000000000001054       0x18 C:\Users\SHIVAM~1\AppData\Local\Temp\ccmb3aD5.ltrans0.ltrans.o
 .progmem.data.pstr_nan
                0x000000000000106c        0x3 C:\Users\SHIVAM~1\AppData\Local\Temp\ccmb3aD5.ltrans0.ltrans.o
 .progmem.data.pstr_inf
                0x000000000000106f        0x3 C:\Users\SHIVAM~1\AppData\Local\Temp\ccmb3aD5.ltrans0.ltrans.o
 .progmem1      0x0000000000001072      0x3f4 C:\Users\SHIVAM~1\AppData\Local\Temp\ccmb3aD5.ltrans0.ltrans.o
 .progmem.data._ZZ14host_keepalivevE3__c_1
                0x0000000000001466       0x17 C:\Users\SHIVAM~1\AppData\Local\Temp\ccmb3aD5.ltrans0.ltrans.o
 .progmem.data._ZZ14host_keepalivevE3__c_0
                0x000000000000147d       0x16 C:\Users\SHIVAM~1\AppData\Local\Temp\ccmb3aD5.ltrans0.ltrans.o
 .progmem.data._ZZ14host_keepalivevE3__c
                0x0000000000001493       0x11 C:\Users\SHIVAM~1\AppData\Local\Temp\ccmb3aD5.ltrans0.ltrans.o
 .progmem.data._ZL14base_max_pos_P
                0x00000000000014a4        0xc C:\Users\SHIVAM~1\AppData\Local\Temp\ccmb3aD5.ltrans0.ltrans.o
 .progmem.data._ZL14base_min_pos_P
                0x00000000000014b0        0xc C:\Users\SHIVAM~1\AppData\Local\Temp\ccmb3aD5.ltrans0.ltrans.o
 .progmem.data._ZL15base_home_pos_P
                0x00000000000014bc        0xc C:\Users\SHIVAM~1\AppData\Local\Temp\ccmb3aD5.ltrans0.ltrans.o
 .progmem.data._ZL17home_retract_mm_P
                0x00000000000014c8        0xc C:\Users\SHIVAM~1\AppData\Local\Temp\ccmb3aD5.ltrans0.ltrans.o
 .progmem.data._ZZ8homeaxishhPhE3__c
                0x00000000000014d4       0x18 C:\Users\SHIVAM~1\AppData\Local\Temp\ccmb3aD5.ltrans0.ltrans.o
 .progmem.data._ZL12max_length_P
                0x00000000000014ec        0xc C:\Users\SHIVAM~1\AppData\Local\Temp\ccmb3aD5.ltrans0.ltrans.o
 .progmem.data._ZL10home_dir_P
                0x00000000000014f8        0x3 C:\Users\SHIVAM~1\AppData\Local\Temp\ccmb3aD5.ltrans0.ltrans.o
 .progmem.data._ZZL10gcode_M105vE3__c_8
                0x00000000000014fb        0x4 C:\Users\SHIVAM~1\AppData\Local\Temp\ccmb3aD5.ltrans0.ltrans.o
 .progmem.data._ZZL10gcode_M105vE3__c_7
                0x00000000000014ff        0x4 C:\Users\SHIVAM~1\AppData\Local\Temp\ccmb3aD5.ltrans0.ltrans.o
 .progmem.data._ZZL10gcode_M105vE3__c_6
                0x0000000000001503        0x5 C:\Users\SHIVAM~1\AppData\Local\Temp\ccmb3aD5.ltrans0.ltrans.o
 .progmem.data._ZZL10gcode_M105vE3__c_5
                0x0000000000001508        0x4 C:\Users\SHIVAM~1\AppData\Local\Temp\ccmb3aD5.ltrans0.ltrans.o
 .progmem.data._ZZL10gcode_M105vE3__c_4
                0x000000000000150c        0x3 C:\Users\SHIVAM~1\AppData\Local\Temp\ccmb3aD5.ltrans0.ltrans.o
 .progmem.data._ZZL10gcode_M105vE3__c_3
                0x000000000000150f        0x5 C:\Users\SHIVAM~1\AppData\Local\Temp\ccmb3aD5.ltrans0.ltrans.o
 .progmem.data._ZZL10gcode_M105vE3__c_2
                0x0000000000001514        0x3 C:\Users\SHIVAM~1\AppData\Local\Temp\ccmb3aD5.ltrans0.ltrans.o
 .progmem.data._ZZL10gcode_M105vE3__c_1
                0x0000000000001517        0x4 C:\Users\SHIVAM~1\AppData\Local\Temp\ccmb3aD5.ltrans0.ltrans.o
 .progmem.data._ZZL10gcode_M105vE3__c_0
                0x000000000000151b        0x3 C:\Users\SHIVAM~1\AppData\Local\Temp\ccmb3aD5.ltrans0.ltrans.o
 .progmem.data._ZZL10gcode_M105vE3__c
                0x000000000000151e        0x3 C:\Users\SHIVAM~1\AppData\Local\Temp\ccmb3aD5.ltrans0.ltrans.o
 .progmem.data._ZZZL9gcode_G80vENKUlcPhE_clEcS_E3__c
                0x0000000000001521       0x31 C:\Users\SHIVAM~1\AppData\Local\Temp\ccmb3aD5.ltrans0.ltrans.o
 .progmem.data._ZZL9gcode_G80vE3__c_0
                0x0000000000001552       0x39 C:\Users\SHIVAM~1\AppData\Local\Temp\ccmb3aD5.ltrans0.ltrans.o
 .progmem.data._ZZL9gcode_G80vE3__c
                0x000000000000158b       0x2f C:\Users\SHIVAM~1\AppData\Local\Temp\ccmb3aD5.ltrans0.ltrans.o
 .progmem.data._ZZN17mesh_bed_leveling5printEvE3__c_2
                0x00000000000015ba        0x3 C:\Users\SHIVAM~1\AppData\Local\Temp\ccmb3aD5.ltrans0.ltrans.o
 .progmem.data._ZZN17mesh_bed_leveling5printEvE3__c_1
                0x00000000000015bd       0x11 C:\Users\SHIVAM~1\AppData\Local\Temp\ccmb3aD5.ltrans0.ltrans.o
 .progmem.data._ZZN17mesh_bed_leveling5printEvE3__c_0
                0x00000000000015ce       0x16 C:\Users\SHIVAM~1\AppData\Local\Temp\ccmb3aD5.ltrans0.ltrans.o
 .progmem.data._ZZN17mesh_bed_leveling5printEvE3__c
                0x00000000000015e4        0xd C:\Users\SHIVAM~1\AppData\Local\Temp\ccmb3aD5.ltrans0.ltrans.o
 .progmem.data._ZZL14gcode_G81_M420vE3__c
                0x00000000000015f1       0x1e C:\Users\SHIVAM~1\AppData\Local\Temp\ccmb3aD5.ltrans0.ltrans.o
 .progmem.data._ZZ10gcode_M114vE3__c_6
                0x000000000000160f        0x4 C:\Users\SHIVAM~1\AppData\Local\Temp\ccmb3aD5.ltrans0.ltrans.o
 .progmem.data._ZZ10gcode_M114vE3__c_5
                0x0000000000001613        0x4 C:\Users\SHIVAM~1\AppData\Local\Temp\ccmb3aD5.ltrans0.ltrans.o
 .progmem.data._ZZ10gcode_M114vE3__c_4
                0x0000000000001617        0x4 C:\Users\SHIVAM~1\AppData\Local\Temp\ccmb3aD5.ltrans0.ltrans.o
 .progmem.data._ZZ10gcode_M114vE3__c_2
                0x000000000000161b        0x4 C:\Users\SHIVAM~1\AppData\Local\Temp\ccmb3aD5.ltrans0.ltrans.o
 .progmem.data._ZZ10gcode_M114vE3__c_1
                0x000000000000161f        0x4 C:\Users\SHIVAM~1\AppData\Local\Temp\ccmb3aD5.ltrans0.ltrans.o
 .progmem.data._ZZ10gcode_M114vE3__c_0
                0x0000000000001623        0x4 C:\Users\SHIVAM~1\AppData\Local\Temp\ccmb3aD5.ltrans0.ltrans.o
 .progmem.data._ZZ10gcode_M114vE3__c
                0x0000000000001627        0x3 C:\Users\SHIVAM~1\AppData\Local\Temp\ccmb3aD5.ltrans0.ltrans.o
 .progmem.data._ZZN9SpoolJoin9SpoolJoin8nextSlotEvE3__c_0
                0x000000000000162a        0x5 C:\Users\SHIVAM~1\AppData\Local\Temp\ccmb3aD5.ltrans0.ltrans.o
 .progmem.data._ZZN9SpoolJoin9SpoolJoin8nextSlotEvE3__c
                0x000000000000162f        0xc C:\Users\SHIVAM~1\AppData\Local\Temp\ccmb3aD5.ltrans0.ltrans.o
 .progmem.data._ZZL33gcode_M861_print_pinda_cal_eepromvE9comma_sep
                0x000000000000163b        0x3 C:\Users\SHIVAM~1\AppData\Local\Temp\ccmb3aD5.ltrans0.ltrans.o
 .progmem.data._ZZN16IR_sensor_analog12checkVoltageEjE3__c_0
                0x000000000000163e       0x31 C:\Users\SHIVAM~1\AppData\Local\Temp\ccmb3aD5.ltrans0.ltrans.o
 .progmem.data._ZZN16IR_sensor_analog12checkVoltageEjE3__c
                0x000000000000166f       0x31 C:\Users\SHIVAM~1\AppData\Local\Temp\ccmb3aD5.ltrans0.ltrans.o
 .progmem.data._ZZ17manage_inactivitybE3__c
                0x00000000000016a0       0x14 C:\Users\SHIVAM~1\AppData\Local\Temp\ccmb3aD5.ltrans0.ltrans.o
 .progmem.data._ZZ4killPKcE3__c_0
                0x00000000000016b4        0x8 C:\Users\SHIVAM~1\AppData\Local\Temp\ccmb3aD5.ltrans0.ltrans.o
 .progmem.data._ZZ4killPKcE3__c
                0x00000000000016bc       0x1f C:\Users\SHIVAM~1\AppData\Local\Temp\ccmb3aD5.ltrans0.ltrans.o
 .progmem.data._ZZ14check_babystepvE3__c_0
                0x00000000000016db       0x3d C:\Users\SHIVAM~1\AppData\Local\Temp\ccmb3aD5.ltrans0.ltrans.o
 .progmem.data._ZZ14check_babystepvE3__c
                0x0000000000001718       0x29 C:\Users\SHIVAM~1\AppData\Local\Temp\ccmb3aD5.ltrans0.ltrans.o
 .progmem.data._ZZ23serialecho_temperaturesvE3__c_0
                0x0000000000001741        0x8 C:\Users\SHIVAM~1\AppData\Local\Temp\ccmb3aD5.ltrans0.ltrans.o
 .progmem.data._ZZ23serialecho_temperaturesvE3__c
                0x0000000000001749        0x3 C:\Users\SHIVAM~1\AppData\Local\Temp\ccmb3aD5.ltrans0.ltrans.o
 .progmem.data._ZZ26stop_and_save_print_to_ramffE3__c
                0x000000000000174c       0x11 C:\Users\SHIVAM~1\AppData\Local\Temp\ccmb3aD5.ltrans0.ltrans.o
 .progmem.data._ZZ12TCodeInvalidvE3__c
                0x000000000000175d       0x10 C:\Users\SHIVAM~1\AppData\Local\Temp\ccmb3aD5.ltrans0.ltrans.o
 .progmem.data._ZL23duplicate_Tcode_ignored
                0x000000000000176d       0x1a C:\Users\SHIVAM~1\AppData\Local\Temp\ccmb3aD5.ltrans0.ltrans.o
 .progmem.data._ZZ10gcode_M900vE3__c_0
                0x0000000000001787        0xb C:\Users\SHIVAM~1\AppData\Local\Temp\ccmb3aD5.ltrans0.ltrans.o
 .progmem.data._ZZ10gcode_M900vE3__c
                0x0000000000001792       0x18 C:\Users\SHIVAM~1\AppData\Local\Temp\ccmb3aD5.ltrans0.ltrans.o
 .progmem.data._sPrinterName
                0x00000000000017aa        0x5 C:\Users\SHIVAM~1\AppData\Local\Temp\ccmb3aD5.ltrans0.ltrans.o
 .progmem.data._sPrinterMmuName
                0x00000000000017af        0x9 C:\Users\SHIVAM~1\AppData\Local\Temp\ccmb3aD5.ltrans0.ltrans.o
 .progmem.data._nPrinterMmuType
                0x00000000000017b8        0x2 C:\Users\SHIVAM~1\AppData\Local\Temp\ccmb3aD5.ltrans0.ltrans.o
 .progmem.data._nPrinterType
                0x00000000000017ba        0x2 C:\Users\SHIVAM~1\AppData\Local\Temp\ccmb3aD5.ltrans0.ltrans.o
 .progmem.data._ZZ19lcd_wait_for_heatervE3__c
                0x00000000000017bc        0x8 C:\Users\SHIVAM~1\AppData\Local\Temp\ccmb3aD5.ltrans0.ltrans.o
 .progmem.data._ZZ18M600_wait_for_uservE3__c
                0x00000000000017c4        0x4 C:\Users\SHIVAM~1\AppData\Local\Temp\ccmb3aD5.ltrans0.ltrans.o
 .progmem.data._ZZ11lcd_alrightvE3__c
                0x00000000000017c8        0x8 C:\Users\SHIVAM~1\AppData\Local\Temp\ccmb3aD5.ltrans0.ltrans.o
 .progmem.data._ZZ20Config_PrintSettingshE3__c_7
                0x00000000000017d0       0x21 C:\Users\SHIVAM~1\AppData\Local\Temp\ccmb3aD5.ltrans0.ltrans.o
 .progmem.data._ZZ20Config_PrintSettingshE3__c_6
                0x00000000000017f1       0x82 C:\Users\SHIVAM~1\AppData\Local\Temp\ccmb3aD5.ltrans0.ltrans.o
 .progmem.data._ZZ20Config_PrintSettingshE3__c_4
                0x0000000000001873       0x1f C:\Users\SHIVAM~1\AppData\Local\Temp\ccmb3aD5.ltrans0.ltrans.o
 .progmem.data._ZZ20Config_PrintSettingshE3__c_3
                0x0000000000001892       0x26 C:\Users\SHIVAM~1\AppData\Local\Temp\ccmb3aD5.ltrans0.ltrans.o
 .progmem.data._ZZ20Config_PrintSettingshE3__c_2
                0x00000000000018b8      0x101 C:\Users\SHIVAM~1\AppData\Local\Temp\ccmb3aD5.ltrans0.ltrans.o
 .progmem.data._ZZ20Config_PrintSettingshE3__c_1
                0x00000000000019b9       0x35 C:\Users\SHIVAM~1\AppData\Local\Temp\ccmb3aD5.ltrans0.ltrans.o
 .progmem.data._ZZ20Config_PrintSettingshE3__c_0
                0x00000000000019ee       0x2d C:\Users\SHIVAM~1\AppData\Local\Temp\ccmb3aD5.ltrans0.ltrans.o
 .progmem.data._ZZ20Config_PrintSettingshE3__c
                0x0000000000001a1b      0x2d8 C:\Users\SHIVAM~1\AppData\Local\Temp\ccmb3aD5.ltrans0.ltrans.o
 .progmem.data._ZZN17thermal_model_calL8autotuneEiE3__c_4
                0x0000000000001cf3       0x14 C:\Users\SHIVAM~1\AppData\Local\Temp\ccmb3aD5.ltrans0.ltrans.o
 .progmem.data._ZZN17thermal_model_calL8autotuneEiE3__c_3
                0x0000000000001d07        0xd C:\Users\SHIVAM~1\AppData\Local\Temp\ccmb3aD5.ltrans0.ltrans.o
 .progmem.data._ZZN17thermal_model_calL8autotuneEiE3__c_2
                0x0000000000001d14        0xe C:\Users\SHIVAM~1\AppData\Local\Temp\ccmb3aD5.ltrans0.ltrans.o
 .progmem.data._ZZN17thermal_model_calL8autotuneEiE3__c_1
                0x0000000000001d22       0x13 C:\Users\SHIVAM~1\AppData\Local\Temp\ccmb3aD5.ltrans0.ltrans.o
 .progmem.data._ZZN17thermal_model_calL8autotuneEiE3__c_0
                0x0000000000001d35        0x7 C:\Users\SHIVAM~1\AppData\Local\Temp\ccmb3aD5.ltrans0.ltrans.o
 .progmem.data._ZZN17thermal_model_calL8autotuneEiE3__c
                0x0000000000001d3c        0x8 C:\Users\SHIVAM~1\AppData\Local\Temp\ccmb3aD5.ltrans0.ltrans.o
 .progmem.data._ZZ22thermal_model_autotuneibE3__c_1
                0x0000000000001d44       0x14 C:\Users\SHIVAM~1\AppData\Local\Temp\ccmb3aD5.ltrans0.ltrans.o
 .progmem.data._ZZ22thermal_model_autotuneibE3__c_0
                0x0000000000001d58       0x16 C:\Users\SHIVAM~1\AppData\Local\Temp\ccmb3aD5.ltrans0.ltrans.o
 .progmem.data._ZZ22thermal_model_autotuneibE3__c
                0x0000000000001d6e       0x12 C:\Users\SHIVAM~1\AppData\Local\Temp\ccmb3aD5.ltrans0.ltrans.o
 .progmem.data._ZZL8cap_linePKcbE3__c
                0x0000000000001d80        0xb C:\Users\SHIVAM~1\AppData\Local\Temp\ccmb3aD5.ltrans0.ltrans.o
 .progmem.data._ZZL28extended_capabilities_reportvE3__c_3
                0x0000000000001d8b        0xb C:\Users\SHIVAM~1\AppData\Local\Temp\ccmb3aD5.ltrans0.ltrans.o
 .progmem.data._ZZL28extended_capabilities_reportvE3__c_2
                0x0000000000001d96        0xd C:\Users\SHIVAM~1\AppData\Local\Temp\ccmb3aD5.ltrans0.ltrans.o
 .progmem.data._ZZL28extended_capabilities_reportvE3__c_1
                0x0000000000001da3       0x14 C:\Users\SHIVAM~1\AppData\Local\Temp\ccmb3aD5.ltrans0.ltrans.o
 .progmem.data._ZZL28extended_capabilities_reportvE3__c_0
                0x0000000000001db7       0x10 C:\Users\SHIVAM~1\AppData\Local\Temp\ccmb3aD5.ltrans0.ltrans.o
 .progmem.data._ZZL28extended_capabilities_reportvE3__c
                0x0000000000001dc7       0x10 C:\Users\SHIVAM~1\AppData\Local\Temp\ccmb3aD5.ltrans0.ltrans.o
 .progmem.data._ZZ36show_upgrade_dialog_if_version_newerPKcE3__c
                0x0000000000001dd7        0x1 C:\Users\SHIVAM~1\AppData\Local\Temp\ccmb3aD5.ltrans0.ltrans.o
 .progmem.data._ZZN10CardReader10removeFileEPKcE3__c_0
                0x0000000000001dd8       0x18 C:\Users\SHIVAM~1\AppData\Local\Temp\ccmb3aD5.ltrans0.ltrans.o
 .progmem.data._ZZN10CardReader10removeFileEPKcE3__c
                0x0000000000001df0        0xe C:\Users\SHIVAM~1\AppData\Local\Temp\ccmb3aD5.ltrans0.ltrans.o
 .progmem.data._ZZN10CardReader9getStatusEbE3__c_2
                0x0000000000001dfe       0x10 C:\Users\SHIVAM~1\AppData\Local\Temp\ccmb3aD5.ltrans0.ltrans.o
 .progmem.data._ZZN10CardReader9getStatusEbE3__c_0
                0x0000000000001e0e        0xc C:\Users\SHIVAM~1\AppData\Local\Temp\ccmb3aD5.ltrans0.ltrans.o
 .progmem.data._ZZN10CardReader9getStatusEbE3__c
                0x0000000000001e1a       0x10 C:\Users\SHIVAM~1\AppData\Local\Temp\ccmb3aD5.ltrans0.ltrans.o
 .progmem.data._ZZ18lcd_wait_for_pindafE3__c
                0x0000000000001e2a        0x8 C:\Users\SHIVAM~1\AppData\Local\Temp\ccmb3aD5.ltrans0.ltrans.o
 .progmem.data._ZZL27gcode_PRUSA_BadRAMBoFanTestvE3__c_1
                0x0000000000001e32        0x3 C:\Users\SHIVAM~1\AppData\Local\Temp\ccmb3aD5.ltrans0.ltrans.o
 .progmem.data._ZZL27gcode_PRUSA_BadRAMBoFanTestvE3__c_0
                0x0000000000001e35        0x4 C:\Users\SHIVAM~1\AppData\Local\Temp\ccmb3aD5.ltrans0.ltrans.o
 .progmem.data._ZZL27gcode_PRUSA_BadRAMBoFanTestvE3__c
                0x0000000000001e39        0xb C:\Users\SHIVAM~1\AppData\Local\Temp\ccmb3aD5.ltrans0.ltrans.o
 .progmem.data._ZZ20farm_prusa_code_seenvE3__c_2
                0x0000000000001e44        0x3 C:\Users\SHIVAM~1\AppData\Local\Temp\ccmb3aD5.ltrans0.ltrans.o
 .progmem.data._ZZ20farm_prusa_code_seenvE3__c_1
                0x0000000000001e47        0x4 C:\Users\SHIVAM~1\AppData\Local\Temp\ccmb3aD5.ltrans0.ltrans.o
 .progmem.data._ZZ20farm_prusa_code_seenvE3__c
                0x0000000000001e4b        0x4 C:\Users\SHIVAM~1\AppData\Local\Temp\ccmb3aD5.ltrans0.ltrans.o
 .progmem.data._ZZ17crashdet_detectedhE3__c_1
                0x0000000000001e4f        0xd C:\Users\SHIVAM~1\AppData\Local\Temp\ccmb3aD5.ltrans0.ltrans.o
 .progmem.data._ZZ17crashdet_detectedhE3__c_0
                0x0000000000001e5c        0xe C:\Users\SHIVAM~1\AppData\Local\Temp\ccmb3aD5.ltrans0.ltrans.o
 .progmem.data._ZZ17crashdet_detectedhE3__c
                0x0000000000001e6a        0xe C:\Users\SHIVAM~1\AppData\Local\Temp\ccmb3aD5.ltrans0.ltrans.o
 .progmem.data._ZZ16process_commandsvE3__c__97_
                0x0000000000001e78        0x5 C:\Users\SHIVAM~1\AppData\Local\Temp\ccmb3aD5.ltrans0.ltrans.o
 .progmem.data._ZZ16process_commandsvE3__c__96_
                0x0000000000001e7d        0x8 C:\Users\SHIVAM~1\AppData\Local\Temp\ccmb3aD5.ltrans0.ltrans.o
 .progmem.data._ZZ16process_commandsvE3__c__95_
                0x0000000000001e85       0x11 C:\Users\SHIVAM~1\AppData\Local\Temp\ccmb3aD5.ltrans0.ltrans.o
 .progmem.data._ZZ16process_commandsvE3__c__94_
                0x0000000000001e96       0x11 C:\Users\SHIVAM~1\AppData\Local\Temp\ccmb3aD5.ltrans0.ltrans.o
 .progmem.data._ZZ16process_commandsvE3__c__93_
                0x0000000000001ea7        0xa C:\Users\SHIVAM~1\AppData\Local\Temp\ccmb3aD5.ltrans0.ltrans.o
 .progmem.data._ZZ16process_commandsvE3__c__92_
                0x0000000000001eb1       0x11 C:\Users\SHIVAM~1\AppData\Local\Temp\ccmb3aD5.ltrans0.ltrans.o
 .progmem.data._ZZ16process_commandsvE3__c__90_
                0x0000000000001ec2       0x17 C:\Users\SHIVAM~1\AppData\Local\Temp\ccmb3aD5.ltrans0.ltrans.o
 .progmem.data._ZZ16process_commandsvE3__c__91_
                0x0000000000001ed9       0x13 C:\Users\SHIVAM~1\AppData\Local\Temp\ccmb3aD5.ltrans0.ltrans.o
 .progmem.data._ZZ16process_commandsvE3__c__89_
                0x0000000000001eec        0x3 C:\Users\SHIVAM~1\AppData\Local\Temp\ccmb3aD5.ltrans0.ltrans.o
 .progmem.data._ZZ16process_commandsvE3__c__88_
                0x0000000000001eef       0x23 C:\Users\SHIVAM~1\AppData\Local\Temp\ccmb3aD5.ltrans0.ltrans.o
 .progmem.data._ZZ16process_commandsvE3__c__87_
                0x0000000000001f12        0x3 C:\Users\SHIVAM~1\AppData\Local\Temp\ccmb3aD5.ltrans0.ltrans.o
 .progmem.data._ZZ16process_commandsvE3__c__86_
                0x0000000000001f15        0x3 C:\Users\SHIVAM~1\AppData\Local\Temp\ccmb3aD5.ltrans0.ltrans.o
 .progmem.data._ZZ16process_commandsvE3__c__85_
                0x0000000000001f18        0x3 C:\Users\SHIVAM~1\AppData\Local\Temp\ccmb3aD5.ltrans0.ltrans.o
 .progmem.data._ZZ16process_commandsvE3__c__84_
                0x0000000000001f1b        0x3 C:\Users\SHIVAM~1\AppData\Local\Temp\ccmb3aD5.ltrans0.ltrans.o
 .progmem.data._ZZ16process_commandsvE3__c__83_
                0x0000000000001f1e        0x3 C:\Users\SHIVAM~1\AppData\Local\Temp\ccmb3aD5.ltrans0.ltrans.o
 .progmem.data._ZZ16process_commandsvE3__c__82_
                0x0000000000001f21        0x3 C:\Users\SHIVAM~1\AppData\Local\Temp\ccmb3aD5.ltrans0.ltrans.o
 .progmem.data._ZZ16process_commandsvE3__c__81_
                0x0000000000001f24       0x11 C:\Users\SHIVAM~1\AppData\Local\Temp\ccmb3aD5.ltrans0.ltrans.o
 .progmem.data._ZZ16process_commandsvE3__c__80_
                0x0000000000001f35        0x7 C:\Users\SHIVAM~1\AppData\Local\Temp\ccmb3aD5.ltrans0.ltrans.o
 .progmem.data._ZZ16process_commandsvE3__c__79_
                0x0000000000001f3c       0x16 C:\Users\SHIVAM~1\AppData\Local\Temp\ccmb3aD5.ltrans0.ltrans.o
 .progmem.data._ZZ16process_commandsvE3__c__78_
                0x0000000000001f52       0x1f C:\Users\SHIVAM~1\AppData\Local\Temp\ccmb3aD5.ltrans0.ltrans.o
 .progmem.data._ZZ16process_commandsvE3__c__77_
                0x0000000000001f71        0x5 C:\Users\SHIVAM~1\AppData\Local\Temp\ccmb3aD5.ltrans0.ltrans.o
 .progmem.data._ZZ16process_commandsvE3__c__76_
                0x0000000000001f76       0x10 C:\Users\SHIVAM~1\AppData\Local\Temp\ccmb3aD5.ltrans0.ltrans.o
 .progmem.data._ZZ16process_commandsvE3__c__75_
                0x0000000000001f86       0x16 C:\Users\SHIVAM~1\AppData\Local\Temp\ccmb3aD5.ltrans0.ltrans.o
 .progmem.data._ZZ16process_commandsvE3__c__74_
                0x0000000000001f9c        0x4 C:\Users\SHIVAM~1\AppData\Local\Temp\ccmb3aD5.ltrans0.ltrans.o
 .progmem.data._ZZ16process_commandsvE3__c__73_
                0x0000000000001fa0        0x4 C:\Users\SHIVAM~1\AppData\Local\Temp\ccmb3aD5.ltrans0.ltrans.o
 .progmem.data._ZZ16process_commandsvE3__c__72_
                0x0000000000001fa4        0x4 C:\Users\SHIVAM~1\AppData\Local\Temp\ccmb3aD5.ltrans0.ltrans.o
 .progmem.data._ZZ16process_commandsvE3__c__71_
                0x0000000000001fa8        0x4 C:\Users\SHIVAM~1\AppData\Local\Temp\ccmb3aD5.ltrans0.ltrans.o
 .progmem.data._ZZ16process_commandsvE3__c__70_
                0x0000000000001fac        0x4 C:\Users\SHIVAM~1\AppData\Local\Temp\ccmb3aD5.ltrans0.ltrans.o
 .progmem.data._ZZ16process_commandsvE3__c__69_
                0x0000000000001fb0        0x4 C:\Users\SHIVAM~1\AppData\Local\Temp\ccmb3aD5.ltrans0.ltrans.o
 .progmem.data._ZZ16process_commandsvE3__c__68_
                0x0000000000001fb4        0x6 C:\Users\SHIVAM~1\AppData\Local\Temp\ccmb3aD5.ltrans0.ltrans.o
 .progmem.data._ZZ16process_commandsvE3__c__67_
                0x0000000000001fba        0x6 C:\Users\SHIVAM~1\AppData\Local\Temp\ccmb3aD5.ltrans0.ltrans.o
 .progmem.data._ZZ16process_commandsvE3__c__66_
                0x0000000000001fc0        0x5 C:\Users\SHIVAM~1\AppData\Local\Temp\ccmb3aD5.ltrans0.ltrans.o
 .progmem.data._ZZ16process_commandsvE3__c__59_
                0x0000000000001fc5        0x3 C:\Users\SHIVAM~1\AppData\Local\Temp\ccmb3aD5.ltrans0.ltrans.o
 .progmem.data._ZZ16process_commandsvE3__c__58_
                0x0000000000001fc8        0x1 C:\Users\SHIVAM~1\AppData\Local\Temp\ccmb3aD5.ltrans0.ltrans.o
 .progmem.data._ZZ16process_commandsvE3__c__57_
                0x0000000000001fc9       0x12 C:\Users\SHIVAM~1\AppData\Local\Temp\ccmb3aD5.ltrans0.ltrans.o
 .progmem.data._ZZ16process_commandsvE3__c__56_
                0x0000000000001fdb        0xf C:\Users\SHIVAM~1\AppData\Local\Temp\ccmb3aD5.ltrans0.ltrans.o
 .progmem.data._ZZ16process_commandsvE3__c__55_
                0x0000000000001fea        0x4 C:\Users\SHIVAM~1\AppData\Local\Temp\ccmb3aD5.ltrans0.ltrans.o
 .progmem.data._ZZ16process_commandsvE3__c__54_
                0x0000000000001fee       0x5a C:\Users\SHIVAM~1\AppData\Local\Temp\ccmb3aD5.ltrans0.ltrans.o
 .progmem.data._ZZ16process_commandsvE3__c__53_
                0x0000000000002048        0xa C:\Users\SHIVAM~1\AppData\Local\Temp\ccmb3aD5.ltrans0.ltrans.o
 .progmem.data._ZZ16process_commandsvE3__c__52_
                0x0000000000002052        0x2 C:\Users\SHIVAM~1\AppData\Local\Temp\ccmb3aD5.ltrans0.ltrans.o
 .progmem.data._ZZ16process_commandsvE3__c__51_
                0x0000000000002054        0x5 C:\Users\SHIVAM~1\AppData\Local\Temp\ccmb3aD5.ltrans0.ltrans.o
 .progmem.data._ZZ16process_commandsvE3__c__50_
                0x0000000000002059        0x2 C:\Users\SHIVAM~1\AppData\Local\Temp\ccmb3aD5.ltrans0.ltrans.o
 .progmem.data._ZZ16process_commandsvE3__c__49_
                0x000000000000205b       0x1e C:\Users\SHIVAM~1\AppData\Local\Temp\ccmb3aD5.ltrans0.ltrans.o
 .progmem.data._ZZ16process_commandsvE3__c__48_
                0x0000000000002079        0x7 C:\Users\SHIVAM~1\AppData\Local\Temp\ccmb3aD5.ltrans0.ltrans.o
 .progmem.data._ZZ16process_commandsvE3__c__47_
                0x0000000000002080        0x4 C:\Users\SHIVAM~1\AppData\Local\Temp\ccmb3aD5.ltrans0.ltrans.o
 .progmem.data._ZZ16process_commandsvE3__c__41_
                0x0000000000002084        0x4 C:\Users\SHIVAM~1\AppData\Local\Temp\ccmb3aD5.ltrans0.ltrans.o
 .progmem.data._ZZ16process_commandsvE3__c__40_
                0x0000000000002088       0x20 C:\Users\SHIVAM~1\AppData\Local\Temp\ccmb3aD5.ltrans0.ltrans.o
 .progmem.data._ZL14sensitive_pins
                0x00000000000020a8       0x1c C:\Users\SHIVAM~1\AppData\Local\Temp\ccmb3aD5.ltrans0.ltrans.o
 .progmem.data._ZZ16process_commandsvE3__c__39_
                0x00000000000020c4        0xf C:\Users\SHIVAM~1\AppData\Local\Temp\ccmb3aD5.ltrans0.ltrans.o
 .progmem.data._ZZ16process_commandsvE3__c__36_
                0x00000000000020d3       0x14 C:\Users\SHIVAM~1\AppData\Local\Temp\ccmb3aD5.ltrans0.ltrans.o
 .progmem.data._ZZ16process_commandsvE3__c__30_
                0x00000000000020e7       0x1e C:\Users\SHIVAM~1\AppData\Local\Temp\ccmb3aD5.ltrans0.ltrans.o
 .progmem.data._ZZ16process_commandsvE3__c__29_
                0x0000000000002105       0x14 C:\Users\SHIVAM~1\AppData\Local\Temp\ccmb3aD5.ltrans0.ltrans.o
 .progmem.data._ZZ16process_commandsvE3__c__25_
                0x0000000000002119        0x4 C:\Users\SHIVAM~1\AppData\Local\Temp\ccmb3aD5.ltrans0.ltrans.o
 .progmem.data._ZZ16process_commandsvE3__c__24_
                0x000000000000211d        0x7 C:\Users\SHIVAM~1\AppData\Local\Temp\ccmb3aD5.ltrans0.ltrans.o
 .progmem.data._ZZ16process_commandsvE3__c__23_
                0x0000000000002124        0x4 C:\Users\SHIVAM~1\AppData\Local\Temp\ccmb3aD5.ltrans0.ltrans.o
 .progmem.data._ZZ16process_commandsvE3__c__22_
                0x0000000000002128        0x3 C:\Users\SHIVAM~1\AppData\Local\Temp\ccmb3aD5.ltrans0.ltrans.o
 .progmem.data._ZZ16process_commandsvE3__c__21_
                0x000000000000212b        0x3 C:\Users\SHIVAM~1\AppData\Local\Temp\ccmb3aD5.ltrans0.ltrans.o
 .progmem.data._ZZ16process_commandsvE3__c__20_
                0x000000000000212e        0x5 C:\Users\SHIVAM~1\AppData\Local\Temp\ccmb3aD5.ltrans0.ltrans.o
 .progmem.data._ZZ16process_commandsvE3__c__19_
                0x0000000000002133       0x25 C:\Users\SHIVAM~1\AppData\Local\Temp\ccmb3aD5.ltrans0.ltrans.o
 .progmem.data._ZZ16process_commandsvE3__c__18_
                0x0000000000002158        0x4 C:\Users\SHIVAM~1\AppData\Local\Temp\ccmb3aD5.ltrans0.ltrans.o
 .progmem.data._ZZ16process_commandsvE3__c__17_
                0x000000000000215c        0xc C:\Users\SHIVAM~1\AppData\Local\Temp\ccmb3aD5.ltrans0.ltrans.o
 .progmem.data._ZZ16process_commandsvE3__c__16_
                0x0000000000002168        0x4 C:\Users\SHIVAM~1\AppData\Local\Temp\ccmb3aD5.ltrans0.ltrans.o
 .progmem.data._ZZ16process_commandsvE3__c__15_
                0x000000000000216c        0xb C:\Users\SHIVAM~1\AppData\Local\Temp\ccmb3aD5.ltrans0.ltrans.o
 .progmem.data._ZZ16process_commandsvE3__c__14_
                0x0000000000002177        0x3 C:\Users\SHIVAM~1\AppData\Local\Temp\ccmb3aD5.ltrans0.ltrans.o
 .progmem.data._ZZ16process_commandsvE3__c__13_
                0x000000000000217a        0x6 C:\Users\SHIVAM~1\AppData\Local\Temp\ccmb3aD5.ltrans0.ltrans.o
 .progmem.data._ZZ16process_commandsvE3__c__12_
                0x0000000000002180        0x7 C:\Users\SHIVAM~1\AppData\Local\Temp\ccmb3aD5.ltrans0.ltrans.o
 .progmem.data._ZZ16process_commandsvE3__c__11_
                0x0000000000002187        0x5 C:\Users\SHIVAM~1\AppData\Local\Temp\ccmb3aD5.ltrans0.ltrans.o
 .progmem.data._ZZ16process_commandsvE3__c_9
                0x000000000000218c        0x4 C:\Users\SHIVAM~1\AppData\Local\Temp\ccmb3aD5.ltrans0.ltrans.o
 .progmem.data._ZZ16process_commandsvE3__c_8
                0x0000000000002190        0xa C:\Users\SHIVAM~1\AppData\Local\Temp\ccmb3aD5.ltrans0.ltrans.o
 .progmem.data._ZZ16process_commandsvE3__c_7
                0x000000000000219a        0x6 C:\Users\SHIVAM~1\AppData\Local\Temp\ccmb3aD5.ltrans0.ltrans.o
 .progmem.data._ZZ16process_commandsvE3__c_6
                0x00000000000021a0        0xa C:\Users\SHIVAM~1\AppData\Local\Temp\ccmb3aD5.ltrans0.ltrans.o
 .progmem.data._ZZ16process_commandsvE3__c_5
                0x00000000000021aa        0xa C:\Users\SHIVAM~1\AppData\Local\Temp\ccmb3aD5.ltrans0.ltrans.o
 .progmem.data._ZZ16process_commandsvE3__c_4
                0x00000000000021b4        0xa C:\Users\SHIVAM~1\AppData\Local\Temp\ccmb3aD5.ltrans0.ltrans.o
 .progmem.data._ZZ16process_commandsvE3__c_3
                0x00000000000021be        0x5 C:\Users\SHIVAM~1\AppData\Local\Temp\ccmb3aD5.ltrans0.ltrans.o
 .progmem.data._ZZ16process_commandsvE3__c_2
                0x00000000000021c3        0xd C:\Users\SHIVAM~1\AppData\Local\Temp\ccmb3aD5.ltrans0.ltrans.o
 .progmem.data._ZZ16process_commandsvE3__c_1
                0x00000000000021d0        0xe C:\Users\SHIVAM~1\AppData\Local\Temp\ccmb3aD5.ltrans0.ltrans.o
 .progmem.data._ZZ16process_commandsvE3__c_0
                0x00000000000021de        0xf C:\Users\SHIVAM~1\AppData\Local\Temp\ccmb3aD5.ltrans0.ltrans.o
 .progmem.data._ZZ16process_commandsvE3__c
                0x00000000000021ed        0x7 C:\Users\SHIVAM~1\AppData\Local\Temp\ccmb3aD5.ltrans0.ltrans.o
 .progmem.data._ZZ14lay1cal_finishvE16cmd_cal_finish_8
                0x00000000000021f4        0x7 C:\Users\SHIVAM~1\AppData\Local\Temp\ccmb3aD5.ltrans1.ltrans.o
 .progmem.data._ZZ14lay1cal_finishvE16cmd_cal_finish_6
                0x00000000000021fb        0xf C:\Users\SHIVAM~1\AppData\Local\Temp\ccmb3aD5.ltrans1.ltrans.o
 .progmem.data._ZZ14lay1cal_finishvE16cmd_cal_finish_5
                0x000000000000220a        0xb C:\Users\SHIVAM~1\AppData\Local\Temp\ccmb3aD5.ltrans1.ltrans.o
 .progmem.data._ZZ14lay1cal_finishvE16cmd_cal_finish_4
                0x0000000000002215        0x7 C:\Users\SHIVAM~1\AppData\Local\Temp\ccmb3aD5.ltrans1.ltrans.o
 .progmem.data._ZZ14lay1cal_finishvE16cmd_cal_finish_3
                0x000000000000221c        0xf C:\Users\SHIVAM~1\AppData\Local\Temp\ccmb3aD5.ltrans1.ltrans.o
 .progmem.data._ZZ22lay1cal_before_meandervE17cmd_pre_meander_6
                0x000000000000222b        0xa C:\Users\SHIVAM~1\AppData\Local\Temp\ccmb3aD5.ltrans1.ltrans.o
 .progmem.data._ZZ22lay1cal_before_meandervE17cmd_pre_meander_5
                0x0000000000002235        0xa C:\Users\SHIVAM~1\AppData\Local\Temp\ccmb3aD5.ltrans1.ltrans.o
 .progmem.data._ZZ22lay1cal_before_meandervE17cmd_pre_meander_4
                0x000000000000223f        0xd C:\Users\SHIVAM~1\AppData\Local\Temp\ccmb3aD5.ltrans1.ltrans.o
 .progmem2      0x000000000000224c      0x3ce C:\Users\SHIVAM~1\AppData\Local\Temp\ccmb3aD5.ltrans1.ltrans.o
                0x000000000000227e                MSG_FANCHECK_PRINT
                0x0000000000002292                MSG_FANCHECK_HOTEND
                0x00000000000022a7                MSG_HOST_ACTION_RESUMED
                0x000000000000234c                _ZZN10CardReader7releaseEvE3__c.lto_priv.549
                0x000000000000239b                MSG_M702
                0x00000000000023a0                MSG_M83
                0x00000000000023a4                G28W
                0x000000000000258d                MSG_OK
                0x0000000000002590                MSG_FILAMENT
 .progmem.data._ZZ18lay1cal_intro_linebffE16cmd_intro_mmu_11
                0x000000000000261a        0x7 C:\Users\SHIVAM~1\AppData\Local\Temp\ccmb3aD5.ltrans1.ltrans.o
 .progmem.data._ZZ18lay1cal_intro_linebffE16cmd_intro_mmu_10
                0x0000000000002621       0x10 C:\Users\SHIVAM~1\AppData\Local\Temp\ccmb3aD5.ltrans1.ltrans.o
 .progmem.data._ZZ18lay1cal_intro_linebffE15cmd_intro_mmu_9
                0x0000000000002631        0xb C:\Users\SHIVAM~1\AppData\Local\Temp\ccmb3aD5.ltrans1.ltrans.o
 .progmem.data._ZZ18lay1cal_intro_linebffE15cmd_intro_mmu_8
                0x000000000000263c        0xf C:\Users\SHIVAM~1\AppData\Local\Temp\ccmb3aD5.ltrans1.ltrans.o
 .progmem.data._ZZ18lay1cal_intro_linebffE15cmd_intro_mmu_6
                0x000000000000264b        0xc C:\Users\SHIVAM~1\AppData\Local\Temp\ccmb3aD5.ltrans1.ltrans.o
 .progmem.data._ZZ18lay1cal_intro_linebffE15cmd_intro_mmu_5
                0x0000000000002657        0xd C:\Users\SHIVAM~1\AppData\Local\Temp\ccmb3aD5.ltrans1.ltrans.o
 .progmem.data._ZZ18lay1cal_intro_linebffE15cmd_intro_mmu_4
                0x0000000000002664        0xd C:\Users\SHIVAM~1\AppData\Local\Temp\ccmb3aD5.ltrans1.ltrans.o
 .progmem.data._ZZ18lay1cal_intro_linebffE15cmd_intro_mmu_3
                0x0000000000002671        0xe C:\Users\SHIVAM~1\AppData\Local\Temp\ccmb3aD5.ltrans1.ltrans.o
 .progmem.data._ZL14zero_extrusion
                0x000000000000267f        0x6 C:\Users\SHIVAM~1\AppData\Local\Temp\ccmb3aD5.ltrans1.ltrans.o
 .progmem.data._ZZ20lay1cal_wait_preheatvE13preheat_cmd_4
                0x0000000000002685        0x4 C:\Users\SHIVAM~1\AppData\Local\Temp\ccmb3aD5.ltrans1.ltrans.o
 .progmem.data._ZZ20lay1cal_wait_preheatvE13preheat_cmd_3
                0x0000000000002689        0x5 C:\Users\SHIVAM~1\AppData\Local\Temp\ccmb3aD5.ltrans1.ltrans.o
 .progmem.data._ZZ20lay1cal_wait_preheatvE13preheat_cmd_2
                0x000000000000268e        0x5 C:\Users\SHIVAM~1\AppData\Local\Temp\ccmb3aD5.ltrans1.ltrans.o
 .progmem.data._ZL11temptable_5
                0x0000000000002693       0x80 C:\Users\SHIVAM~1\AppData\Local\Temp\ccmb3aD5.ltrans1.ltrans.o
 .progmem1      0x0000000000002713      0xee7 C:\Users\SHIVAM~1\AppData\Local\Temp\ccmb3aD5.ltrans1.ltrans.o
                0x0000000000002821                MSG_HW_SETUP
                0x000000000000285e                MSG_PINDA_CALIBRATION
                0x0000000000002911                MSG_RESET
                0x000000000000299c                MSG_UNLOAD_FILAMENT
                0x00000000000029fc                MSG_RESUME_PRINT
                0x0000000000002a35                MSG_TUNE
                0x0000000000002a6e                MSG_SILENT
                0x0000000000002a85                MSG_FSENSOR
                0x0000000000002aac                MSG_NA
                0x0000000000002b01                MSG_SETTINGS
                0x0000000000002b0a                MSG_YES
                0x0000000000002b0e                MSG_NO
                0x0000000000002b44                MSG_MAIN
                0x0000000000002cb7                MSG_PRINT_FAN_SPEED
                0x0000000000002cc2                MSG_HOTEND_FAN_SPEED
                0x0000000000002d68                MSG_BACK
                0x0000000000002d6d                MSG_STEALTH
                0x0000000000002d80                MSG_NORMAL
                0x0000000000002d87                MSG_MODE
                0x0000000000002dea                MSG_PRINT_PAUSED
                0x0000000000002e05                MSG_CANCEL
                0x0000000000002e0c                MSG_CONTINUE_SHORT
                0x00000000000030f9                MSG_SHEET
                0x0000000000003236                MSG_SELECT_FILAMENT
                0x00000000000033cb                MSG_REMOVE_STEEL_SHEET
                0x0000000000003418                MSG_STEEL_SHEET_CHECK
                0x0000000000003586                MSG_MEASURE_BED_REFERENCE_HEIGHT_LINE1
 .progmem.data._ZZ17lcd_hw_setup_menuvE3__c_4
                0x00000000000035fa        0xd C:\Users\SHIVAM~1\AppData\Local\Temp\ccmb3aD5.ltrans1.ltrans.o
 .progmem.data._ZZ17lcd_hw_setup_menuvE3__c_3
                0x0000000000003607       0x12 C:\Users\SHIVAM~1\AppData\Local\Temp\ccmb3aD5.ltrans1.ltrans.o
 .progmem.data._ZZ17lcd_hw_setup_menuvE3__c_2
                0x0000000000003619        0x5 C:\Users\SHIVAM~1\AppData\Local\Temp\ccmb3aD5.ltrans1.ltrans.o
 .progmem.data._ZZ17lcd_hw_setup_menuvE3__c_1
                0x000000000000361e        0x5 C:\Users\SHIVAM~1\AppData\Local\Temp\ccmb3aD5.ltrans1.ltrans.o
 .progmem.data._ZZ17lcd_hw_setup_menuvE3__c_0
                0x0000000000003623        0x5 C:\Users\SHIVAM~1\AppData\Local\Temp\ccmb3aD5.ltrans1.ltrans.o
 .progmem.data._ZZ17lcd_hw_setup_menuvE3__c
                0x0000000000003628        0x5 C:\Users\SHIVAM~1\AppData\Local\Temp\ccmb3aD5.ltrans1.ltrans.o
 .progmem.data._ZZL17lcd_settings_menuvE3__c_2
                0x000000000000362d       0x12 C:\Users\SHIVAM~1\AppData\Local\Temp\ccmb3aD5.ltrans1.ltrans.o
 .progmem.data._ZZL17lcd_settings_menuvE3__c_0
                0x000000000000363f        0xa C:\Users\SHIVAM~1\AppData\Local\Temp\ccmb3aD5.ltrans1.ltrans.o
 .progmem.data._ZZL17lcd_settings_menuvE3__c
                0x0000000000003649        0x4 C:\Users\SHIVAM~1\AppData\Local\Temp\ccmb3aD5.ltrans1.ltrans.o
 .progmem.data._ZZL20lcd_calibration_menuvE3__c
                0x000000000000364d        0x4 C:\Users\SHIVAM~1\AppData\Local\Temp\ccmb3aD5.ltrans1.ltrans.o
 .progmem.data._ZZL21lcd_disable_farm_modevE3__c_0
                0x0000000000003651        0x4 C:\Users\SHIVAM~1\AppData\Local\Temp\ccmb3aD5.ltrans1.ltrans.o
 .progmem.data._ZZL21lcd_disable_farm_modevE3__c
                0x0000000000003655       0x13 C:\Users\SHIVAM~1\AppData\Local\Temp\ccmb3aD5.ltrans1.ltrans.o
 .progmem.data._ZZL13lcd_main_menuvE3__c_2
                0x0000000000003668        0x5 C:\Users\SHIVAM~1\AppData\Local\Temp\ccmb3aD5.ltrans1.ltrans.o
 .progmem.data._ZZL13lcd_main_menuvE3__c_1
                0x000000000000366d        0x5 C:\Users\SHIVAM~1\AppData\Local\Temp\ccmb3aD5.ltrans1.ltrans.o
 .progmem.data._ZZL13lcd_main_menuvE3__c_0
                0x0000000000003672        0x5 C:\Users\SHIVAM~1\AppData\Local\Temp\ccmb3aD5.ltrans1.ltrans.o
 .progmem.data._ZZL13lcd_main_menuvE3__c
                0x0000000000003677        0x5 C:\Users\SHIVAM~1\AppData\Local\Temp\ccmb3aD5.ltrans1.ltrans.o
 .progmem.data._ZZL13lcd_tune_menuvE3__c
                0x000000000000367c        0x7 C:\Users\SHIVAM~1\AppData\Local\Temp\ccmb3aD5.ltrans1.ltrans.o
 .progmem.data._ZZ14check_commandsvE3__c
                0x0000000000003683        0x5 C:\Users\SHIVAM~1\AppData\Local\Temp\ccmb3aD5.ltrans1.ltrans.o
 .progmem.data._ZZL15lcd_sdcard_menuvE3__c
                0x0000000000003688        0x4 C:\Users\SHIVAM~1\AppData\Local\Temp\ccmb3aD5.ltrans1.ltrans.o
 .progmem.data._ZZ12lcd_belttestvE3__c_0
                0x000000000000368c        0xd C:\Users\SHIVAM~1\AppData\Local\Temp\ccmb3aD5.ltrans1.ltrans.o
 .progmem.data._ZZ12lcd_belttestvE3__c
                0x0000000000003699        0xd C:\Users\SHIVAM~1\AppData\Local\Temp\ccmb3aD5.ltrans1.ltrans.o
 .progmem.data._ZZ32printf_IRSensorAnalogBoardChangevE3__c
                0x00000000000036a6       0x33 C:\Users\SHIVAM~1\AppData\Local\Temp\ccmb3aD5.ltrans1.ltrans.o
 .progmem.data._ZZL21lcd_selftest_IRsensorbE3__c_0
                0x00000000000036d9       0x2c C:\Users\SHIVAM~1\AppData\Local\Temp\ccmb3aD5.ltrans1.ltrans.o
 .progmem.data._ZZL21lcd_selftest_IRsensorbE3__c
                0x0000000000003705       0x2d C:\Users\SHIVAM~1\AppData\Local\Temp\ccmb3aD5.ltrans1.ltrans.o
 .progmem.data._ZZ22lcd_wait_for_cool_downvE3__c_0
                0x0000000000003732        0x6 C:\Users\SHIVAM~1\AppData\Local\Temp\ccmb3aD5.ltrans1.ltrans.o
 .progmem.data._ZZ22lcd_wait_for_cool_downvE3__c
                0x0000000000003738        0x6 C:\Users\SHIVAM~1\AppData\Local\Temp\ccmb3aD5.ltrans1.ltrans.o
 .progmem.data._ZZL21lcd_selfcheck_axis_sghE3__c
                0x000000000000373e       0x10 C:\Users\SHIVAM~1\AppData\Local\Temp\ccmb3aD5.ltrans1.ltrans.o
 .progmem.data._ZZL19lcd_selftest_screen10TestScreenhhbjE3__c_3
                0x000000000000374e        0x7 C:\Users\SHIVAM~1\AppData\Local\Temp\ccmb3aD5.ltrans1.ltrans.o
 .progmem.data._ZZL19lcd_selftest_screen10TestScreenhhbjE3__c_2
                0x0000000000003755        0x4 C:\Users\SHIVAM~1\AppData\Local\Temp\ccmb3aD5.ltrans1.ltrans.o
 .progmem.data._ZZL19lcd_selftest_screen10TestScreenhhbjE3__c_1
                0x0000000000003759        0x2 C:\Users\SHIVAM~1\AppData\Local\Temp\ccmb3aD5.ltrans1.ltrans.o
 .progmem.data._ZZL19lcd_selftest_screen10TestScreenhhbjE3__c_0
                0x000000000000375b        0x2 C:\Users\SHIVAM~1\AppData\Local\Temp\ccmb3aD5.ltrans1.ltrans.o
 .progmem.data._ZZL19lcd_selftest_screen10TestScreenhhbjE3__c
                0x000000000000375d        0x2 C:\Users\SHIVAM~1\AppData\Local\Temp\ccmb3aD5.ltrans1.ltrans.o
 .progmem.data._ZL13STR_SEPARATOR.lto_priv.449
                0x000000000000375f       0x15 C:\Users\SHIVAM~1\AppData\Local\Temp\ccmb3aD5.ltrans1.ltrans.o
                0x000000000000375f                _ZL13STR_SEPARATOR.lto_priv.449
 .progmem.data._ZZ17WorkaroundPrusaSNvE3__c
                0x0000000000003774       0x14 C:\Users\SHIVAM~1\AppData\Local\Temp\ccmb3aD5.ltrans1.ltrans.o
 .progmem.data._ZZL20SETTINGS_SILENT_MODEvE3__c_0
                0x0000000000003788        0x5 C:\Users\SHIVAM~1\AppData\Local\Temp\ccmb3aD5.ltrans1.ltrans.o
 .progmem.data._ZZL20SETTINGS_SILENT_MODEvE3__c
                0x000000000000378d        0x5 C:\Users\SHIVAM~1\AppData\Local\Temp\ccmb3aD5.ltrans1.ltrans.o
 .progmem.data._ZZ14lay1cal_finishvE14cmd_cal_finish
                0x0000000000003792       0x12 C:\Users\SHIVAM~1\AppData\Local\Temp\ccmb3aD5.ltrans1.ltrans.o
 .progmem.data._ZL13extrude_fmt_Y
                0x00000000000037a4        0xd C:\Users\SHIVAM~1\AppData\Local\Temp\ccmb3aD5.ltrans1.ltrans.o
 .progmem.data._ZZ21lay1cal_meander_startffE4fmt1
                0x00000000000037b1        0x8 C:\Users\SHIVAM~1\AppData\Local\Temp\ccmb3aD5.ltrans1.ltrans.o
 .progmem.data._ZZ21lay1cal_meander_startffE3__c
                0x00000000000037b9        0xa C:\Users\SHIVAM~1\AppData\Local\Temp\ccmb3aD5.ltrans1.ltrans.o
 .progmem.data._ZZ22lay1cal_before_meandervE15cmd_pre_meander
                0x00000000000037c3        0xc C:\Users\SHIVAM~1\AppData\Local\Temp\ccmb3aD5.ltrans1.ltrans.o
 .progmem.data._ZL13extrude_fmt_X
                0x00000000000037cf        0xd C:\Users\SHIVAM~1\AppData\Local\Temp\ccmb3aD5.ltrans1.ltrans.o
 .progmem.data._ZL14feedrate_F1080
                0x00000000000037dc        0x8 C:\Users\SHIVAM~1\AppData\Local\Temp\ccmb3aD5.ltrans1.ltrans.o
 .progmem.data._ZZ18lay1cal_intro_linebffE13cmd_intro_mmu
                0x00000000000037e4       0x12 C:\Users\SHIVAM~1\AppData\Local\Temp\ccmb3aD5.ltrans1.ltrans.o
 .progmem.data._ZZ21lay1cal_load_filamenthE3__c_1
                0x00000000000037f6        0x4 C:\Users\SHIVAM~1\AppData\Local\Temp\ccmb3aD5.ltrans1.ltrans.o
 .progmem.data._ZZ21lay1cal_load_filamenthE3__c_0
                0x00000000000037fa        0x7 C:\Users\SHIVAM~1\AppData\Local\Temp\ccmb3aD5.ltrans1.ltrans.o
 .progmem.data._ZZ21lay1cal_load_filamenthE3__c
                0x0000000000003801        0xb C:\Users\SHIVAM~1\AppData\Local\Temp\ccmb3aD5.ltrans1.ltrans.o
 .progmem.data._ZZ20lay1cal_wait_preheatvE11preheat_cmd
                0x000000000000380c        0xa C:\Users\SHIVAM~1\AppData\Local\Temp\ccmb3aD5.ltrans1.ltrans.o
 .progmem.data._ZZ12lcd_commandsvE3__c_5
                0x0000000000003816        0x7 C:\Users\SHIVAM~1\AppData\Local\Temp\ccmb3aD5.ltrans1.ltrans.o
 .progmem.data._ZZ12lcd_commandsvE3__c_4
                0x000000000000381d       0x13 C:\Users\SHIVAM~1\AppData\Local\Temp\ccmb3aD5.ltrans1.ltrans.o
 .progmem.data._ZZ12lcd_commandsvE3__c_3
                0x0000000000003830        0xa C:\Users\SHIVAM~1\AppData\Local\Temp\ccmb3aD5.ltrans1.ltrans.o
 .progmem.data._ZZ12lcd_commandsvE3__c_2
                0x000000000000383a       0x16 C:\Users\SHIVAM~1\AppData\Local\Temp\ccmb3aD5.ltrans1.ltrans.o
 .progmem.data._ZZ12lcd_commandsvE3__c_1
                0x0000000000003850       0x30 C:\Users\SHIVAM~1\AppData\Local\Temp\ccmb3aD5.ltrans1.ltrans.o
 .progmem.data._ZZ12lcd_commandsvE3__c_0
                0x0000000000003880       0x17 C:\Users\SHIVAM~1\AppData\Local\Temp\ccmb3aD5.ltrans1.ltrans.o
 .progmem.data._ZZ12lcd_commandsvE3__c
                0x0000000000003897        0xd C:\Users\SHIVAM~1\AppData\Local\Temp\ccmb3aD5.ltrans1.ltrans.o
 .progmem.data._ZL15STR_REVISION_RC
                0x00000000000038a4        0x3 C:\Users\SHIVAM~1\AppData\Local\Temp\ccmb3aD5.ltrans1.ltrans.o
 .progmem.data._ZL16STR_REVISION_DEV
                0x00000000000038a7        0x4 C:\Users\SHIVAM~1\AppData\Local\Temp\ccmb3aD5.ltrans1.ltrans.o
 .progmem.data._ZL17STR_REVISION_BETA
                0x00000000000038ab        0x5 C:\Users\SHIVAM~1\AppData\Local\Temp\ccmb3aD5.ltrans1.ltrans.o
 .progmem.data._ZL18STR_REVISION_ALPHA
                0x00000000000038b0        0x6 C:\Users\SHIVAM~1\AppData\Local\Temp\ccmb3aD5.ltrans1.ltrans.o
 .progmem.data.port_to_mode_PGM
                0x00000000000038b6       0x1a C:\Users\SHIVAM~1\AppData\Local\Temp\ccmb3aD5.ltrans1.ltrans.o
 .progmem.data.port_to_output_PGM
                0x00000000000038d0       0x1a C:\Users\SHIVAM~1\AppData\Local\Temp\ccmb3aD5.ltrans1.ltrans.o
 .progmem.data.port_to_input_PGM
                0x00000000000038ea       0x1a C:\Users\SHIVAM~1\AppData\Local\Temp\ccmb3aD5.ltrans1.ltrans.o
 .progmem.data.digital_pin_to_port_PGM
                0x0000000000003904       0x56 C:\Users\SHIVAM~1\AppData\Local\Temp\ccmb3aD5.ltrans1.ltrans.o
 .progmem.data.digital_pin_to_bit_mask_PGM
                0x000000000000395a       0x56 C:\Users\SHIVAM~1\AppData\Local\Temp\ccmb3aD5.ltrans1.ltrans.o
 .progmem.data.digital_pin_to_timer_PGM
                0x00000000000039b0       0x56 C:\Users\SHIVAM~1\AppData\Local\Temp\ccmb3aD5.ltrans1.ltrans.o
 .progmem.data._ZZ10lcd_splashvE3__c_0
                0x0000000000003a06        0x7 C:\Users\SHIVAM~1\AppData\Local\Temp\ccmb3aD5.ltrans1.ltrans.o
 .progmem.data._ZZ10lcd_splashvE3__c
                0x0000000000003a0d       0x2e C:\Users\SHIVAM~1\AppData\Local\Temp\ccmb3aD5.ltrans1.ltrans.o
 .progmem.data._ZZL12get_PRUSA_SNPcE3__c_0
                0x0000000000003a3b        0x5 C:\Users\SHIVAM~1\AppData\Local\Temp\ccmb3aD5.ltrans1.ltrans.o
 .progmem.data._ZZL12get_PRUSA_SNPcE3__c
                0x0000000000003a40        0x3 C:\Users\SHIVAM~1\AppData\Local\Temp\ccmb3aD5.ltrans1.ltrans.o
 .progmem.data._ZZN9SpoolJoin9SpoolJoin19initSpoolJoinStatusEvE3__c
                0x0000000000003a43        0xe C:\Users\SHIVAM~1\AppData\Local\Temp\ccmb3aD5.ltrans1.ltrans.o
 .progmem.data._ZZ8adc_initvE3__c
                0x0000000000003a51        0x9 C:\Users\SHIVAM~1\AppData\Local\Temp\ccmb3aD5.ltrans1.ltrans.o
 .progmem.data._ZZ10reset_menuvE3__c_4
                0x0000000000003a5a        0x8 C:\Users\SHIVAM~1\AppData\Local\Temp\ccmb3aD5.ltrans1.ltrans.o
 .progmem.data._ZZ10reset_menuvE3__c_3
                0x0000000000003a62        0x9 C:\Users\SHIVAM~1\AppData\Local\Temp\ccmb3aD5.ltrans1.ltrans.o
 .progmem.data._ZZ10reset_menuvE3__c_2
                0x0000000000003a6b        0xd C:\Users\SHIVAM~1\AppData\Local\Temp\ccmb3aD5.ltrans1.ltrans.o
 .progmem.data._ZZ10reset_menuvE3__c_1
                0x0000000000003a78        0xe C:\Users\SHIVAM~1\AppData\Local\Temp\ccmb3aD5.ltrans1.ltrans.o
 .progmem.data._ZZ10reset_menuvE3__c_0
                0x0000000000003a86        0xb C:\Users\SHIVAM~1\AppData\Local\Temp\ccmb3aD5.ltrans1.ltrans.o
 .progmem.data._ZZ10reset_menuvE3__c
                0x0000000000003a91        0x9 C:\Users\SHIVAM~1\AppData\Local\Temp\ccmb3aD5.ltrans1.ltrans.o
 .progmem.data._ZZL13factory_resetcE3__c.lto_priv.548
                0x0000000000003a9a       0x11 C:\Users\SHIVAM~1\AppData\Local\Temp\ccmb3aD5.ltrans1.ltrans.o
                0x0000000000003a9a                _ZZL13factory_resetcE3__c.lto_priv.548
 .progmem.data._ZZ13factory_resetvE3__c
                0x0000000000003aab        0xe C:\Users\SHIVAM~1\AppData\Local\Temp\ccmb3aD5.ltrans1.ltrans.o
 .progmem.data._ZL20FW_PRUSA3D_MAGIC_STR
                0x0000000000003ab9        0xa C:\Users\SHIVAM~1\AppData\Local\Temp\ccmb3aD5.ltrans1.ltrans.o
 .progmem.data._ZL8MSG_INT4.lto_priv.496
                0x0000000000003ac3        0x5 C:\Users\SHIVAM~1\AppData\Local\Temp\ccmb3aD5.ltrans1.ltrans.o
                0x0000000000003ac3                _ZL8MSG_INT4.lto_priv.496
 .progmem.data.FW_VERSION_NR
                0x0000000000003ac8        0x8 C:\Users\SHIVAM~1\AppData\Local\Temp\ccmb3aD5.ltrans1.ltrans.o
                0x0000000000003ac8                FW_VERSION_NR
 .progmem.data._ZZ5setupE8v3_2_0_4
                0x0000000000003ad0        0x8 C:\Users\SHIVAM~1\AppData\Local\Temp\ccmb3aD5.ltrans1.ltrans.o
 .progmem.data._ZZ5setupE3__c__12_
                0x0000000000003ad8        0x7 C:\Users\SHIVAM~1\AppData\Local\Temp\ccmb3aD5.ltrans1.ltrans.o
 .progmem.data._ZZ5setupE3__c__11_
                0x0000000000003adf        0x7 C:\Users\SHIVAM~1\AppData\Local\Temp\ccmb3aD5.ltrans1.ltrans.o
 .progmem.data._ZZ5setupE3__c_7
                0x0000000000003ae6        0xf C:\Users\SHIVAM~1\AppData\Local\Temp\ccmb3aD5.ltrans1.ltrans.o
 .progmem.data._ZZ5setupE3__c_5
                0x0000000000003af5       0x14 C:\Users\SHIVAM~1\AppData\Local\Temp\ccmb3aD5.ltrans1.ltrans.o
 .progmem.data._ZZ5setupE3__c_3
                0x0000000000003b09       0x17 C:\Users\SHIVAM~1\AppData\Local\Temp\ccmb3aD5.ltrans1.ltrans.o
 .progmem.data._ZZ5setupE3__c_2
                0x0000000000003b20        0x6 C:\Users\SHIVAM~1\AppData\Local\Temp\ccmb3aD5.ltrans1.ltrans.o
 .progmem.data._ZZ5setupE3__c_1
                0x0000000000003b26       0x11 C:\Users\SHIVAM~1\AppData\Local\Temp\ccmb3aD5.ltrans1.ltrans.o
 .progmem.data._ZZ5setupE3__c_0
                0x0000000000003b37        0xb C:\Users\SHIVAM~1\AppData\Local\Temp\ccmb3aD5.ltrans1.ltrans.o
 .progmem.data._ZZ5setupE3__c
                0x0000000000003b42        0x5 C:\Users\SHIVAM~1\AppData\Local\Temp\ccmb3aD5.ltrans1.ltrans.o
 .progmem.data._ZZ4loopE3__c_2
                0x0000000000003b47       0x11 C:\Users\SHIVAM~1\AppData\Local\Temp\ccmb3aD5.ltrans1.ltrans.o
 .progmem.data._ZZ4loopE3__c_1
                0x0000000000003b58       0x10 C:\Users\SHIVAM~1\AppData\Local\Temp\ccmb3aD5.ltrans1.ltrans.o
 .progmem.data._ZZ4loopE3__c_0
                0x0000000000003b68       0x10 C:\Users\SHIVAM~1\AppData\Local\Temp\ccmb3aD5.ltrans1.ltrans.o
 .progmem.data._ZZ4loopE3__c
                0x0000000000003b78        0x4 C:\Users\SHIVAM~1\AppData\Local\Temp\ccmb3aD5.ltrans1.ltrans.o
 .progmem.data._ZZ26menu_format_sheet_select_ERK5SheetR17SheetFormatBufferE3__c
                0x0000000000003b7c        0x8 C:\Users\SHIVAM~1\AppData\Local\Temp\ccmb3aD5.ltrans1.ltrans.o
 .progmem.data._ZZN17thermal_model_calL8estimateEjPffffjhfE3__c_0
                0x0000000000003b84       0x1f C:\Users\SHIVAM~1\AppData\Local\Temp\ccmb3aD5.ltrans1.ltrans.o
 .progmem.data._ZZN17thermal_model_calL8estimateEjPffffjhfE3__c
                0x0000000000003ba3       0x1a C:\Users\SHIVAM~1\AppData\Local\Temp\ccmb3aD5.ltrans1.ltrans.o
 .progmem.data._ZL23load_to_nozzle_sequence
                0x0000000000003bbd       0x10 C:\Users\SHIVAM~1\AppData\Local\Temp\ccmb3aD5.ltrans1.ltrans.o
 .progmem.data._ZZ13choose_menu_PPKcS0_S0_E3__c
                0x0000000000003bcd        0x6 C:\Users\SHIVAM~1\AppData\Local\Temp\ccmb3aD5.ltrans1.ltrans.o
 .progmem.data._ZL9mmu2Magic
                0x0000000000003bd3        0x6 C:\Users\SHIVAM~1\AppData\Local\Temp\ccmb3aD5.ltrans1.ltrans.o
 .progmem.data._ZZ20xyzcal_measure_entervE3__c_0
                0x0000000000003bd9       0x11 C:\Users\SHIVAM~1\AppData\Local\Temp\ccmb3aD5.ltrans1.ltrans.o
 .progmem.data._ZZ20xyzcal_measure_entervE3__c
                0x0000000000003bea       0x16 C:\Users\SHIVAM~1\AppData\Local\Temp\ccmb3aD5.ltrans1.ltrans.o
 .progmem.data._ZZ14xyzcal_spiral8iiiiijaPjE3__c
                0x0000000000003c00       0x38 C:\Users\SHIVAM~1\AppData\Local\Temp\ccmb3aD5.ltrans1.ltrans.o
 .progmem.data._ZZ14xyzcal_searchZvE3__c_1
                0x0000000000003c38       0x2d C:\Users\SHIVAM~1\AppData\Local\Temp\ccmb3aD5.ltrans1.ltrans.o
 .progmem.data._ZZ14xyzcal_searchZvE3__c_0
                0x0000000000003c65       0x24 C:\Users\SHIVAM~1\AppData\Local\Temp\ccmb3aD5.ltrans1.ltrans.o
 .progmem.data._ZZ14xyzcal_searchZvE3__c
                0x0000000000003c89       0x22 C:\Users\SHIVAM~1\AppData\Local\Temp\ccmb3aD5.ltrans1.ltrans.o
 .progmem.data._ZZ11print_imagePKhE3__c
                0x0000000000003cab        0x5 C:\Users\SHIVAM~1\AppData\Local\Temp\ccmb3aD5.ltrans1.ltrans.o
 .progmem.data._ZZ23xyzcal_scan_and_processvE3__c_0
                0x0000000000003cb0       0x1c C:\Users\SHIVAM~1\AppData\Local\Temp\ccmb3aD5.ltrans1.ltrans.o
 .progmem.data._ZZ23xyzcal_scan_and_processvE3__c
                0x0000000000003ccc       0x1c C:\Users\SHIVAM~1\AppData\Local\Temp\ccmb3aD5.ltrans1.ltrans.o
 .progmem.data._ZL23xyzcal_point_pattern_10
                0x0000000000003ce8       0x18 C:\Users\SHIVAM~1\AppData\Local\Temp\ccmb3aD5.ltrans1.ltrans.o
 .progmem.data._ZL23xyzcal_point_pattern_08
                0x0000000000003d00       0x18 C:\Users\SHIVAM~1\AppData\Local\Temp\ccmb3aD5.ltrans1.ltrans.o
 .progmem.data._ZZ20xyzcal_measure_leavevE3__c
                0x0000000000003d18       0x16 C:\Users\SHIVAM~1\AppData\Local\Temp\ccmb3aD5.ltrans1.ltrans.o
 .progmem.data._ZZ24find_bed_offset_and_skewaRhE3__c_5
                0x0000000000003d2e        0x4 C:\Users\SHIVAM~1\AppData\Local\Temp\ccmb3aD5.ltrans1.ltrans.o
 .progmem.data._ZZ24find_bed_offset_and_skewaRhE3__c_4
                0x0000000000003d32       0x32 C:\Users\SHIVAM~1\AppData\Local\Temp\ccmb3aD5.ltrans1.ltrans.o
 .progmem.data._ZZ24find_bed_offset_and_skewaRhE3__c_3
                0x0000000000003d64        0x1 C:\Users\SHIVAM~1\AppData\Local\Temp\ccmb3aD5.ltrans1.ltrans.o
 .progmem.data.bed_ref_points_4
                0x0000000000003d65       0x20 C:\Users\SHIVAM~1\AppData\Local\Temp\ccmb3aD5.ltrans1.ltrans.o
                0x0000000000003d65                bed_ref_points_4
 .progmem.data._ZZ24find_bed_offset_and_skewaRhE3__c_0
                0x0000000000003d85        0x5 C:\Users\SHIVAM~1\AppData\Local\Temp\ccmb3aD5.ltrans1.ltrans.o
 .progmem.data._ZZ24find_bed_offset_and_skewaRhE3__c
                0x0000000000003d8a        0xc C:\Users\SHIVAM~1\AppData\Local\Temp\ccmb3aD5.ltrans1.ltrans.o
 .progmem.data._ZZ9gcode_M45baE3__c_2
                0x0000000000003d96       0x32 C:\Users\SHIVAM~1\AppData\Local\Temp\ccmb3aD5.ltrans1.ltrans.o
 .progmem.data._ZL5m2bed
                0x0000000000003dc8       0x12 C:\Users\SHIVAM~1\AppData\Local\Temp\ccmb3aD5.ltrans2.ltrans.o
 .progmem.data._ZL8m2hotend
                0x0000000000003dda       0x15 C:\Users\SHIVAM~1\AppData\Local\Temp\ccmb3aD5.ltrans2.ltrans.o
 .progmem.data.speed_lookuptable_slow
                0x0000000000003def      0x400 C:\Users\SHIVAM~1\AppData\Local\Temp\ccmb3aD5.ltrans2.ltrans.o
 .progmem.data.speed_lookuptable_fast
                0x00000000000041ef      0x400 C:\Users\SHIVAM~1\AppData\Local\Temp\ccmb3aD5.ltrans2.ltrans.o
 .progmem.data._ZZ12PID_autotunefiiE3__c__16_
                0x00000000000045ef       0x5c C:\Users\SHIVAM~1\AppData\Local\Temp\ccmb3aD5.ltrans2.ltrans.o
 .progmem.data._ZZ12PID_autotunefiiE3__c__15_
                0x000000000000464b       0x1d C:\Users\SHIVAM~1\AppData\Local\Temp\ccmb3aD5.ltrans2.ltrans.o
 .progmem.data._ZZ12PID_autotunefiiE3__c__14_
                0x0000000000004668        0x4 C:\Users\SHIVAM~1\AppData\Local\Temp\ccmb3aD5.ltrans2.ltrans.o
 .progmem.data._ZZ12PID_autotunefiiE3__c__13_
                0x000000000000466c        0x3 C:\Users\SHIVAM~1\AppData\Local\Temp\ccmb3aD5.ltrans2.ltrans.o
 .progmem.data._ZZ12PID_autotunefiiE3__c__12_
                0x000000000000466f        0x3 C:\Users\SHIVAM~1\AppData\Local\Temp\ccmb3aD5.ltrans2.ltrans.o
 .progmem.data._ZZ12PID_autotunefiiE3__c__11_
                0x0000000000004672       0x2a C:\Users\SHIVAM~1\AppData\Local\Temp\ccmb3aD5.ltrans2.ltrans.o
 .progmem.data._ZZ12PID_autotunefiiE3__c__10_
                0x000000000000469c        0x6 C:\Users\SHIVAM~1\AppData\Local\Temp\ccmb3aD5.ltrans2.ltrans.o
 .progmem.data._ZZ12PID_autotunefiiE3__c_9
                0x00000000000046a2        0x6 C:\Users\SHIVAM~1\AppData\Local\Temp\ccmb3aD5.ltrans2.ltrans.o
 .progmem.data._ZZ12PID_autotunefiiE3__c_8
                0x00000000000046a8        0x6 C:\Users\SHIVAM~1\AppData\Local\Temp\ccmb3aD5.ltrans2.ltrans.o
 .progmem.data._ZZ12PID_autotunefiiE3__c_7
                0x00000000000046ae        0xe C:\Users\SHIVAM~1\AppData\Local\Temp\ccmb3aD5.ltrans2.ltrans.o
 .progmem.data._ZZ12PID_autotunefiiE3__c_6
                0x00000000000046bc        0x6 C:\Users\SHIVAM~1\AppData\Local\Temp\ccmb3aD5.ltrans2.ltrans.o
 .progmem.data._ZZ12PID_autotunefiiE3__c_5
                0x00000000000046c2        0x6 C:\Users\SHIVAM~1\AppData\Local\Temp\ccmb3aD5.ltrans2.ltrans.o
 .progmem.data._ZZ12PID_autotunefiiE3__c_4
                0x00000000000046c8        0x7 C:\Users\SHIVAM~1\AppData\Local\Temp\ccmb3aD5.ltrans2.ltrans.o
 .progmem.data._ZZ12PID_autotunefiiE3__c_3
                0x00000000000046cf        0x7 C:\Users\SHIVAM~1\AppData\Local\Temp\ccmb3aD5.ltrans2.ltrans.o
 .progmem.data._ZZ12PID_autotunefiiE3__c_2
                0x00000000000046d6        0x5 C:\Users\SHIVAM~1\AppData\Local\Temp\ccmb3aD5.ltrans2.ltrans.o
 .progmem.data._ZZ12PID_autotunefiiE3__c_1
                0x00000000000046db        0x8 C:\Users\SHIVAM~1\AppData\Local\Temp\ccmb3aD5.ltrans2.ltrans.o
 .progmem.data._ZZ12PID_autotunefiiE3__c_0
                0x00000000000046e3       0x13 C:\Users\SHIVAM~1\AppData\Local\Temp\ccmb3aD5.ltrans2.ltrans.o
 .progmem.data._ZZ12PID_autotunefiiE3__c
                0x00000000000046f6       0x2a C:\Users\SHIVAM~1\AppData\Local\Temp\ccmb3aD5.ltrans2.ltrans.o
 .progmem.data._ZZN13thermal_modelL7log_usrEvE3__c
                0x0000000000004720       0x16 C:\Users\SHIVAM~1\AppData\Local\Temp\ccmb3aD5.ltrans2.ltrans.o
 .progmem.data._ZZL14min_temp_errorhE3err
                0x0000000000004736        0x8 C:\Users\SHIVAM~1\AppData\Local\Temp\ccmb3aD5.ltrans2.ltrans.o
 .progmem.data._ZZL18bed_min_temp_errorvE3err
                0x000000000000473e        0xc C:\Users\SHIVAM~1\AppData\Local\Temp\ccmb3aD5.ltrans2.ltrans.o
 .progmem.data._ZZL22ambient_min_temp_errorvE3__c
                0x000000000000474a        0xc C:\Users\SHIVAM~1\AppData\Local\Temp\ccmb3aD5.ltrans2.ltrans.o
 .progmem.data._ZZL14max_temp_errorhE3__c
                0x0000000000004756        0x8 C:\Users\SHIVAM~1\AppData\Local\Temp\ccmb3aD5.ltrans2.ltrans.o
 .progmem.data._ZZL18bed_max_temp_errorvE3__c
                0x000000000000475e        0xc C:\Users\SHIVAM~1\AppData\Local\Temp\ccmb3aD5.ltrans2.ltrans.o
 .progmem.data._ZZL22ambient_max_temp_errorvE3__c
                0x000000000000476a        0xc C:\Users\SHIVAM~1\AppData\Local\Temp\ccmb3aD5.ltrans2.ltrans.o
 .progmem.data._ZZ17handle_temp_errorvE3__c_0
                0x0000000000004776       0x12 C:\Users\SHIVAM~1\AppData\Local\Temp\ccmb3aD5.ltrans2.ltrans.o
 .progmem.data._ZZ17handle_temp_errorvE3__c
                0x0000000000004788       0x15 C:\Users\SHIVAM~1\AppData\Local\Temp\ccmb3aD5.ltrans2.ltrans.o
 .progmem1      0x000000000000479d      0xc6f C:\Users\SHIVAM~1\AppData\Local\Temp\ccmb3aD5.ltrans2.ltrans.o
                0x00000000000047db                MSG_CALIBRATE_Z_AUTO
                0x00000000000047e9                MSG_BED_DONE
                0x00000000000047f2                MSG_BED_HEATING
                0x00000000000047fe                MSG_HEATING_COMPLETE
                0x000000000000480c                MSG_HEATING
                0x00000000000049b0                MSG_EJECT
                0x0000000000004a2a                MSG_PRINT_TIME
                0x0000000000004a35                MSG_FILAMENT_USED
                0x0000000000004a43                MSG_TOTAL_PRINT_TIME
                0x0000000000004a54                MSG_TOTAL_FILAMENT
                0x0000000000004ce4                MSG_WIZARD_HEATING
                0x00000000000053f0                MSG_BED
 .progmem.data._ZZN13thermal_modelL14handle_warningEvE3__c
                0x000000000000540c       0x13 C:\Users\SHIVAM~1\AppData\Local\Temp\ccmb3aD5.ltrans2.ltrans.o
 .progmem.data._ZL11temptable_1
                0x000000000000541f       0xf4 C:\Users\SHIVAM~1\AppData\Local\Temp\ccmb3aD5.ltrans2.ltrans.o
 .progmem.data._ZL14temptable_2000
                0x0000000000005513       0x88 C:\Users\SHIVAM~1\AppData\Local\Temp\ccmb3aD5.ltrans2.ltrans.o
 .progmem.data._ZZL17temp_runaway_stopbbE3__c_6
                0x000000000000559b       0x18 C:\Users\SHIVAM~1\AppData\Local\Temp\ccmb3aD5.ltrans2.ltrans.o
 .progmem.data._ZZL17temp_runaway_stopbbE3__c_5
                0x00000000000055b3       0x19 C:\Users\SHIVAM~1\AppData\Local\Temp\ccmb3aD5.ltrans2.ltrans.o
 .progmem.data._ZZL17temp_runaway_stopbbE3__c_4
                0x00000000000055cc       0x10 C:\Users\SHIVAM~1\AppData\Local\Temp\ccmb3aD5.ltrans2.ltrans.o
 .progmem.data._ZZL17temp_runaway_stopbbE3__c_3
                0x00000000000055dc       0x14 C:\Users\SHIVAM~1\AppData\Local\Temp\ccmb3aD5.ltrans2.ltrans.o
 .progmem.data._ZZL17temp_runaway_stopbbE3__c_2
                0x00000000000055f0       0x22 C:\Users\SHIVAM~1\AppData\Local\Temp\ccmb3aD5.ltrans2.ltrans.o
 .progmem.data._ZZL17temp_runaway_stopbbE3__c_1
                0x0000000000005612       0x23 C:\Users\SHIVAM~1\AppData\Local\Temp\ccmb3aD5.ltrans2.ltrans.o
 .progmem.data._ZZL17temp_runaway_stopbbE3__c_0
                0x0000000000005635        0xe C:\Users\SHIVAM~1\AppData\Local\Temp\ccmb3aD5.ltrans2.ltrans.o
 .progmem.data._ZZL17temp_runaway_stopbbE3__c
                0x0000000000005643       0x12 C:\Users\SHIVAM~1\AppData\Local\Temp\ccmb3aD5.ltrans2.ltrans.o
 .progmem.data._ZZL21temp_error_messagepgmPKchE3__c_2
                0x0000000000005655        0xc C:\Users\SHIVAM~1\AppData\Local\Temp\ccmb3aD5.ltrans2.ltrans.o
 .progmem.data._ZZL21temp_error_messagepgmPKchE3__c_1
                0x0000000000005661       0x17 C:\Users\SHIVAM~1\AppData\Local\Temp\ccmb3aD5.ltrans2.ltrans.o
 .progmem.data._ZZL21temp_error_messagepgmPKchE3__c_0
                0x0000000000005678        0x3 C:\Users\SHIVAM~1\AppData\Local\Temp\ccmb3aD5.ltrans2.ltrans.o
 .progmem.data._ZZL21temp_error_messagepgmPKchE3__c
                0x000000000000567b        0x6 C:\Users\SHIVAM~1\AppData\Local\Temp\ccmb3aD5.ltrans2.ltrans.o
 .progmem.data._ZZ18lcd_buttons_updatevE12encrot_table
                0x0000000000005681       0x10 C:\Users\SHIVAM~1\AppData\Local\Temp\ccmb3aD5.ltrans2.ltrans.o
 .progmem.data._ZZN23alert_automaton_mintemp4stepEffE2m1
                0x0000000000005691        0xf C:\Users\SHIVAM~1\AppData\Local\Temp\ccmb3aD5.ltrans2.ltrans.o
 .progmem.data._ZZ25thermal_model_set_enabledbE3__c
                0x00000000000056a0       0x26 C:\Users\SHIVAM~1\AppData\Local\Temp\ccmb3aD5.ltrans2.ltrans.o
 .progmem.data._ZZ29thermal_model_report_settingsvE3__c_1
                0x00000000000056c6       0x46 C:\Users\SHIVAM~1\AppData\Local\Temp\ccmb3aD5.ltrans2.ltrans.o
 .progmem.data._ZZ29thermal_model_report_settingsvE3__c_0
                0x000000000000570c       0x14 C:\Users\SHIVAM~1\AppData\Local\Temp\ccmb3aD5.ltrans2.ltrans.o
 .progmem.data._ZZ29thermal_model_report_settingsvE3__c
                0x0000000000005720       0x18 C:\Users\SHIVAM~1\AppData\Local\Temp\ccmb3aD5.ltrans2.ltrans.o
 .progmem.data._ZL23THERMAL_MODEL_R_DEFAULT
                0x0000000000005738       0x40 C:\Users\SHIVAM~1\AppData\Local\Temp\ccmb3aD5.ltrans2.ltrans.o
 .progmem.data.eMotorCurrentScalingEnabled
                0x0000000000005778       0x20 C:\Users\SHIVAM~1\AppData\Local\Temp\ccmb3aD5.ltrans2.ltrans.o
                0x0000000000005778                eMotorCurrentScalingEnabled
 .progmem.data._ZL17homing_currents_P
                0x0000000000005798        0xc C:\Users\SHIVAM~1\AppData\Local\Temp\ccmb3aD5.ltrans2.ltrans.o
 .progmem.data._ZZ18tmc2130_home_enterhE3__c
                0x00000000000057a4       0x26 C:\Users\SHIVAM~1\AppData\Local\Temp\ccmb3aD5.ltrans2.ltrans.o
 .progmem.data._ZZ17tmc2130_home_exitvE3__c
                0x00000000000057ca       0x36 C:\Users\SHIVAM~1\AppData\Local\Temp\ccmb3aD5.ltrans2.ltrans.o
 .progmem2      0x0000000000005800      0x1c3 C:\Users\SHIVAM~1\AppData\Local\Temp\ccmb3aD5.ltrans2.ltrans.o
                0x0000000000005895                MSG_HOST_ACTION_PAUSED
 .progmem.data._ZZ22tmc2130_home_calibratehE3__c_3
                0x00000000000059c3       0x12 C:\Users\SHIVAM~1\AppData\Local\Temp\ccmb3aD5.ltrans2.ltrans.o
 .progmem.data._ZZ22tmc2130_home_calibratehE3__c_2
                0x00000000000059d5       0x18 C:\Users\SHIVAM~1\AppData\Local\Temp\ccmb3aD5.ltrans2.ltrans.o
 .progmem.data._ZZ22tmc2130_home_calibratehE3__c_1
                0x00000000000059ed        0xa C:\Users\SHIVAM~1\AppData\Local\Temp\ccmb3aD5.ltrans2.ltrans.o
 .progmem.data._ZZ22tmc2130_home_calibratehE3__c_0
                0x00000000000059f7       0x11 C:\Users\SHIVAM~1\AppData\Local\Temp\ccmb3aD5.ltrans2.ltrans.o
 .progmem.data._ZZ22tmc2130_home_calibratehE3__c
                0x0000000000005a08       0x10 C:\Users\SHIVAM~1\AppData\Local\Temp\ccmb3aD5.ltrans2.ltrans.o
 .progmem.data._ZZ11__vector_51E3__c
                0x0000000000005a18       0x12 C:\Users\SHIVAM~1\AppData\Local\Temp\ccmb3aD5.ltrans2.ltrans.o
 .progmem.data._ZZ23lcdui_print_status_linevE3__c_2
                0x0000000000005a2a        0x3 C:\Users\SHIVAM~1\AppData\Local\Temp\ccmb3aD5.ltrans2.ltrans.o
 .progmem.data._ZZ23lcdui_print_status_linevE3__c_1
                0x0000000000005a2d        0xe C:\Users\SHIVAM~1\AppData\Local\Temp\ccmb3aD5.ltrans2.ltrans.o
 .progmem.data._ZZ23lcdui_print_status_linevE3__c_0
                0x0000000000005a3b        0x9 C:\Users\SHIVAM~1\AppData\Local\Temp\ccmb3aD5.ltrans2.ltrans.o
 .progmem.data._ZZ23lcdui_print_status_linevE3__c
                0x0000000000005a44        0x4 C:\Users\SHIVAM~1\AppData\Local\Temp\ccmb3aD5.ltrans2.ltrans.o
 .progmem.data._ZZ24lcdui_print_percent_donevE3__c_3
                0x0000000000005a48        0x4 C:\Users\SHIVAM~1\AppData\Local\Temp\ccmb3aD5.ltrans2.ltrans.o
 .progmem.data._ZZ24lcdui_print_percent_donevE3__c_2
                0x0000000000005a4c        0x5 C:\Users\SHIVAM~1\AppData\Local\Temp\ccmb3aD5.ltrans2.ltrans.o
 .progmem.data._ZZ16lcdui_print_timevE3__c_1
                0x0000000000005a51        0xa C:\Users\SHIVAM~1\AppData\Local\Temp\ccmb3aD5.ltrans2.ltrans.o
 .progmem.data._ZZ22lcd_menu_extruder_infovE3__c
                0x0000000000005a5b       0x1b C:\Users\SHIVAM~1\AppData\Local\Temp\ccmb3aD5.ltrans2.ltrans.o
 .progmem.data._ZZL30lcd_menu_fails_stats_mmu_printvE3__c
                0x0000000000005a76       0x1f C:\Users\SHIVAM~1\AppData\Local\Temp\ccmb3aD5.ltrans2.ltrans.o
 .progmem.data._ZZL30lcd_menu_fails_stats_mmu_totalvE3__c
                0x0000000000005a95       0x2d C:\Users\SHIVAM~1\AppData\Local\Temp\ccmb3aD5.ltrans2.ltrans.o
 .progmem.data._ZL12failStatsFmt
                0x0000000000005ac2       0x35 C:\Users\SHIVAM~1\AppData\Local\Temp\ccmb3aD5.ltrans2.ltrans.o
 .progmem.data._ZZL26lcd_menu_temperatures_linePKciE3__c
                0x0000000000005af7        0xa C:\Users\SHIVAM~1\AppData\Local\Temp\ccmb3aD5.ltrans2.ltrans.o
 .progmem.data._ZZL17lcd_menu_voltagesvE3__c_0
                0x0000000000005b01       0x14 C:\Users\SHIVAM~1\AppData\Local\Temp\ccmb3aD5.ltrans2.ltrans.o
 .progmem.data._ZZL17lcd_menu_voltagesvE3__c
                0x0000000000005b15       0x24 C:\Users\SHIVAM~1\AppData\Local\Temp\ccmb3aD5.ltrans2.ltrans.o
 .progmem.data._ZZL20lcd_menu_belt_statusvE3__c
                0x0000000000005b39        0xf C:\Users\SHIVAM~1\AppData\Local\Temp\ccmb3aD5.ltrans2.ltrans.o
 .progmem.data._ZZ10ip4_to_strPcPhE3__c
                0x0000000000005b48        0xc C:\Users\SHIVAM~1\AppData\Local\Temp\ccmb3aD5.ltrans2.ltrans.o
 .progmem.data._ZZL16lcd_support_menuvE3__c__16_
                0x0000000000005b54        0x2 C:\Users\SHIVAM~1\AppData\Local\Temp\ccmb3aD5.ltrans2.ltrans.o
 .progmem.data._ZZL16lcd_support_menuvE3__c__15_
                0x0000000000005b56        0x2 C:\Users\SHIVAM~1\AppData\Local\Temp\ccmb3aD5.ltrans2.ltrans.o
 .progmem.data._ZZL16lcd_support_menuvE3__c__14_
                0x0000000000005b58       0x12 C:\Users\SHIVAM~1\AppData\Local\Temp\ccmb3aD5.ltrans2.ltrans.o
 .progmem.data._ZZL16lcd_support_menuvE3__c__13_
                0x0000000000005b6a        0xf C:\Users\SHIVAM~1\AppData\Local\Temp\ccmb3aD5.ltrans2.ltrans.o
 .progmem.data._ZZL16lcd_support_menuvE3__c__12_
                0x0000000000005b79        0x9 C:\Users\SHIVAM~1\AppData\Local\Temp\ccmb3aD5.ltrans2.ltrans.o
 .progmem.data._ZZL16lcd_support_menuvE3__c__11_
                0x0000000000005b82        0x5 C:\Users\SHIVAM~1\AppData\Local\Temp\ccmb3aD5.ltrans2.ltrans.o
 .progmem.data._ZZL16lcd_support_menuvE3__c__10_
                0x0000000000005b87       0x10 C:\Users\SHIVAM~1\AppData\Local\Temp\ccmb3aD5.ltrans2.ltrans.o
 .progmem.data._ZZL16lcd_support_menuvE3__c_9
                0x0000000000005b97        0xb C:\Users\SHIVAM~1\AppData\Local\Temp\ccmb3aD5.ltrans2.ltrans.o
 .progmem.data._ZZL16lcd_support_menuvE3__c_8
                0x0000000000005ba2        0xf C:\Users\SHIVAM~1\AppData\Local\Temp\ccmb3aD5.ltrans2.ltrans.o
 .progmem.data._ZZL16lcd_support_menuvE3__c_7
                0x0000000000005bb1        0xa C:\Users\SHIVAM~1\AppData\Local\Temp\ccmb3aD5.ltrans2.ltrans.o
 .progmem.data._ZZL16lcd_support_menuvE3__c_6
                0x0000000000005bbb        0xc C:\Users\SHIVAM~1\AppData\Local\Temp\ccmb3aD5.ltrans2.ltrans.o
 .progmem.data._ZZL16lcd_support_menuvE3__c_2
                0x0000000000005bc7       0x10 C:\Users\SHIVAM~1\AppData\Local\Temp\ccmb3aD5.ltrans2.ltrans.o
 .progmem.data._ZZL16lcd_support_menuvE3__c_1
                0x0000000000005bd7       0x15 C:\Users\SHIVAM~1\AppData\Local\Temp\ccmb3aD5.ltrans2.ltrans.o
 .progmem.data._ZZL16lcd_support_menuvE3__c_0
                0x0000000000005bec        0xd C:\Users\SHIVAM~1\AppData\Local\Temp\ccmb3aD5.ltrans2.ltrans.o
 .progmem.data._ZZL16lcd_support_menuvE3__c
                0x0000000000005bf9        0xa C:\Users\SHIVAM~1\AppData\Local\Temp\ccmb3aD5.ltrans2.ltrans.o
 .progmem.data._ZZ13mFilamentItemjjE3__c
                0x0000000000005c03        0x2 C:\Users\SHIVAM~1\AppData\Local\Temp\ccmb3aD5.ltrans2.ltrans.o
 .progmem.data._ZZ24lcd_generic_preheat_menuvE3__c__20_
                0x0000000000005c05        0xf C:\Users\SHIVAM~1\AppData\Local\Temp\ccmb3aD5.ltrans2.ltrans.o
 .progmem.data._ZZ24lcd_generic_preheat_menuvE3__c__19_
                0x0000000000005c14        0xc C:\Users\SHIVAM~1\AppData\Local\Temp\ccmb3aD5.ltrans2.ltrans.o
 .progmem.data._ZZ24lcd_generic_preheat_menuvE3__c__18_
                0x0000000000005c20       0x10 C:\Users\SHIVAM~1\AppData\Local\Temp\ccmb3aD5.ltrans2.ltrans.o
 .progmem.data._ZZ24lcd_generic_preheat_menuvE3__c__17_
                0x0000000000005c30        0xc C:\Users\SHIVAM~1\AppData\Local\Temp\ccmb3aD5.ltrans2.ltrans.o
 .progmem.data._ZZ24lcd_generic_preheat_menuvE3__c__16_
                0x0000000000005c3c       0x10 C:\Users\SHIVAM~1\AppData\Local\Temp\ccmb3aD5.ltrans2.ltrans.o
 .progmem.data._ZZ24lcd_generic_preheat_menuvE3__c__15_
                0x0000000000005c4c        0xc C:\Users\SHIVAM~1\AppData\Local\Temp\ccmb3aD5.ltrans2.ltrans.o
 .progmem.data._ZZ24lcd_generic_preheat_menuvE3__c__14_
                0x0000000000005c58       0x10 C:\Users\SHIVAM~1\AppData\Local\Temp\ccmb3aD5.ltrans2.ltrans.o
 .progmem.data._ZZ24lcd_generic_preheat_menuvE3__c__13_
                0x0000000000005c68        0xc C:\Users\SHIVAM~1\AppData\Local\Temp\ccmb3aD5.ltrans2.ltrans.o
 .progmem.data._ZZ24lcd_generic_preheat_menuvE3__c__12_
                0x0000000000005c74        0xf C:\Users\SHIVAM~1\AppData\Local\Temp\ccmb3aD5.ltrans2.ltrans.o
 .progmem.data._ZZ24lcd_generic_preheat_menuvE3__c__11_
                0x0000000000005c83        0xc C:\Users\SHIVAM~1\AppData\Local\Temp\ccmb3aD5.ltrans2.ltrans.o
 .progmem.data._ZZ24lcd_generic_preheat_menuvE3__c__10_
                0x0000000000005c8f        0xf C:\Users\SHIVAM~1\AppData\Local\Temp\ccmb3aD5.ltrans2.ltrans.o
 .progmem.data._ZZ24lcd_generic_preheat_menuvE3__c_9
                0x0000000000005c9e        0xc C:\Users\SHIVAM~1\AppData\Local\Temp\ccmb3aD5.ltrans2.ltrans.o
 .progmem.data._ZZ24lcd_generic_preheat_menuvE3__c_8
                0x0000000000005caa       0x10 C:\Users\SHIVAM~1\AppData\Local\Temp\ccmb3aD5.ltrans2.ltrans.o
 .progmem.data._ZZ24lcd_generic_preheat_menuvE3__c_7
                0x0000000000005cba        0xc C:\Users\SHIVAM~1\AppData\Local\Temp\ccmb3aD5.ltrans2.ltrans.o
 .progmem.data._ZZ24lcd_generic_preheat_menuvE3__c_6
                0x0000000000005cc6       0x10 C:\Users\SHIVAM~1\AppData\Local\Temp\ccmb3aD5.ltrans2.ltrans.o
 .progmem.data._ZZ24lcd_generic_preheat_menuvE3__c_5
                0x0000000000005cd6        0xc C:\Users\SHIVAM~1\AppData\Local\Temp\ccmb3aD5.ltrans2.ltrans.o
 .progmem.data._ZZ24lcd_generic_preheat_menuvE3__c_4
                0x0000000000005ce2        0xf C:\Users\SHIVAM~1\AppData\Local\Temp\ccmb3aD5.ltrans2.ltrans.o
 .progmem.data._ZZ24lcd_generic_preheat_menuvE3__c_3
                0x0000000000005cf1        0xc C:\Users\SHIVAM~1\AppData\Local\Temp\ccmb3aD5.ltrans2.ltrans.o
 .progmem.data._ZZ24lcd_generic_preheat_menuvE3__c_2
                0x0000000000005cfd        0xf C:\Users\SHIVAM~1\AppData\Local\Temp\ccmb3aD5.ltrans2.ltrans.o
 .progmem.data._ZZ24lcd_generic_preheat_menuvE3__c_1
                0x0000000000005d0c        0xc C:\Users\SHIVAM~1\AppData\Local\Temp\ccmb3aD5.ltrans2.ltrans.o
 .progmem.data._ZZ24lcd_generic_preheat_menuvE3__c_0
                0x0000000000005d18       0x10 C:\Users\SHIVAM~1\AppData\Local\Temp\ccmb3aD5.ltrans2.ltrans.o
 .progmem.data._ZZ24lcd_generic_preheat_menuvE3__c
                0x0000000000005d28       0x11 C:\Users\SHIVAM~1\AppData\Local\Temp\ccmb3aD5.ltrans2.ltrans.o
 .progmem.data.menu_fmt_float31
                0x0000000000005d39        0xf C:\Users\SHIVAM~1\AppData\Local\Temp\ccmb3aD5.ltrans2.ltrans.o
 .progmem.data._ZZ10lcd_move_evE3__c
                0x0000000000005d48        0xa C:\Users\SHIVAM~1\AppData\Local\Temp\ccmb3aD5.ltrans2.ltrans.o
 .progmem.data._ZZL19lcd_menu_xyz_offsetvE3__c
                0x0000000000005d52        0xb C:\Users\SHIVAM~1\AppData\Local\Temp\ccmb3aD5.ltrans2.ltrans.o
 .progmem.data._ZZL10lcd_move_xvE3__c
                0x0000000000005d5d        0x3 C:\Users\SHIVAM~1\AppData\Local\Temp\ccmb3aD5.ltrans2.ltrans.o
 .progmem.data._ZZL10lcd_move_yvE3__c
                0x0000000000005d60        0x3 C:\Users\SHIVAM~1\AppData\Local\Temp\ccmb3aD5.ltrans2.ltrans.o
 .progmem.data._ZZL10lcd_move_zvE3__c
                0x0000000000005d63        0x3 C:\Users\SHIVAM~1\AppData\Local\Temp\ccmb3aD5.ltrans2.ltrans.o
 .progmem.data.menu_fmt_float13
                0x0000000000005d66       0x11 C:\Users\SHIVAM~1\AppData\Local\Temp\ccmb3aD5.ltrans2.ltrans.o
 .progmem.data._ZZ12pid_extrudervE3__c
                0x0000000000005d77        0x4 C:\Users\SHIVAM~1\AppData\Local\Temp\ccmb3aD5.ltrans2.ltrans.o
 .progmem.data._ZZ24lcd_temp_cal_show_resultbE3__c_0
                0x0000000000005d7b       0x3b C:\Users\SHIVAM~1\AppData\Local\Temp\ccmb3aD5.ltrans2.ltrans.o
 .progmem.data._ZZ24lcd_temp_cal_show_resultbE3__c
                0x0000000000005db6       0x39 C:\Users\SHIVAM~1\AppData\Local\Temp\ccmb3aD5.ltrans2.ltrans.o
 .progmem.data._ZZ20lcd_mesh_bedlevelingvE3__c
                0x0000000000005def        0x4 C:\Users\SHIVAM~1\AppData\Local\Temp\ccmb3aD5.ltrans2.ltrans.o
 .progmem.data._ZZ20lcd_mesh_calibrationvE3__c
                0x0000000000005df3        0x4 C:\Users\SHIVAM~1\AppData\Local\Temp\ccmb3aD5.ltrans2.ltrans.o
 .progmem.data._ZZ22lcd_mesh_calibration_zvE3__c
                0x0000000000005df7        0x6 C:\Users\SHIVAM~1\AppData\Local\Temp\ccmb3aD5.ltrans2.ltrans.o
 .progmem.data._ZZ19lcd_calibrate_pindavE3__c
                0x0000000000005dfd        0x4 C:\Users\SHIVAM~1\AppData\Local\Temp\ccmb3aD5.ltrans2.ltrans.o
 .progmem.data._ZZL15lcd_wizard_loadvE3__c
                0x0000000000005e01        0x8 C:\Users\SHIVAM~1\AppData\Local\Temp\ccmb3aD5.ltrans2.ltrans.o
 .progmem.data._ZZ10lcd_wizard8WizStateE3__c
                0x0000000000005e09       0x12 C:\Users\SHIVAM~1\AppData\Local\Temp\ccmb3aD5.ltrans2.ltrans.o
 .progmem1      0x0000000000005e1b      0x4c0 C:\Users\SHIVAM~1\AppData\Local\Temp\ccmb3aD5.ltrans3.ltrans.o
                0x0000000000005ed2                MSG_UNLOADING_FILAMENT
                0x0000000000005f25                MSG_FINISHING_MOVEMENTS
                0x0000000000005fca                _ZN4MMU2L23MSG_TITLE_UNKNOWN_ERRORE.lto_priv.539
                0x0000000000005fd8                _ZN4MMU2L25MSG_TITLE_FILAMENT_CHANGEE.lto_priv.538
                0x0000000000005fe8                _ZN4MMU2L26MSG_TITLE_FILAMENT_EJECTEDE.lto_priv.537
                0x0000000000005ff9                _ZN4MMU2L25MSG_TITLE_UNLOAD_MANUALLYE.lto_priv.536
                0x0000000000006009                _ZN4MMU2L26MSG_TITLE_FW_RUNTIME_ERRORE.lto_priv.535
                0x000000000000601a                _ZN4MMU2L26MSG_TITLE_FW_UPDATE_NEEDEDE.lto_priv.534
                0x000000000000602f                _ZN4MMU2L20MSG_TITLE_QUEUE_FULLE.lto_priv.533
                0x000000000000603a                _ZN4MMU2L22MSG_TITLE_INVALID_TOOLE.lto_priv.532
                0x0000000000006047                _ZN4MMU2L33MSG_TITLE_FILAMENT_ALREADY_LOADEDE.lto_priv.531
                0x000000000000605b                _ZN4MMU2L29MSG_TITLE_COMMUNICATION_ERRORE.lto_priv.530
                0x000000000000606f                _ZN4MMU2L28MSG_TITLE_MMU_NOT_RESPONDINGE.lto_priv.529
                0x0000000000006082                _ZN4MMU2L23MSG_TITLE_MMU_MCU_ERRORE.lto_priv.528
                0x0000000000006090                _ZN4MMU2L25MSG_TITLE_SELFTEST_FAILEDE.lto_priv.527
                0x00000000000060a4                _ZN4MMU2L28MSG_TITLE_TMC_DRIVER_SHORTEDE.lto_priv.526
                0x00000000000060b7                _ZN4MMU2L32MSG_TITLE_TMC_UNDERVOLTAGE_ERRORE.lto_priv.525
                0x00000000000060cc                _ZN4MMU2L26MSG_TITLE_TMC_DRIVER_RESETE.lto_priv.524
                0x00000000000060dd                _ZN4MMU2L26MSG_TITLE_TMC_DRIVER_ERRORE.lto_priv.523
                0x00000000000060ee                _ZN4MMU2L28MSG_TITLE_TMC_OVERHEAT_ERRORE.lto_priv.522
                0x0000000000006101                _ZN4MMU2L33MSG_TITLE_TMC_WARNING_TMC_TOO_HOTE.lto_priv.521
                0x0000000000006115                _ZN4MMU2L27MSG_TITLE_IDLER_CANNOT_MOVEE.lto_priv.520
                0x0000000000006127                _ZN4MMU2L27MSG_TITLE_IDLER_CANNOT_HOMEE.lto_priv.519
                0x0000000000006139                _ZN4MMU2L30MSG_TITLE_SELECTOR_CANNOT_MOVEE.lto_priv.518
                0x000000000000614e                _ZN4MMU2L30MSG_TITLE_SELECTOR_CANNOT_HOMEE.lto_priv.517
                0x0000000000006163                _ZN4MMU2L33MSG_TITLE_LOAD_TO_EXTRUDER_FAILEDE.lto_priv.516
                0x0000000000006178                _ZN4MMU2L23MSG_TITLE_INSPECT_FINDAE.lto_priv.515
                0x0000000000006186                _ZN4MMU2L27MSG_TITLE_FSENSOR_TOO_EARLYE.lto_priv.514
                0x0000000000006198                _ZN4MMU2L28MSG_TITLE_PULLEY_CANNOT_MOVEE.lto_priv.513
                0x00000000000061ab                _ZN4MMU2L32MSG_TITLE_FSENSOR_FILAMENT_STUCKE.lto_priv.512
                0x00000000000061be                _ZN4MMU2L31MSG_TITLE_FSENSOR_DIDNT_TRIGGERE.lto_priv.511
                0x00000000000061d3                _ZN4MMU2L30MSG_TITLE_FINDA_FILAMENT_STUCKE.lto_priv.510
                0x00000000000061e6                _ZN4MMU2L29MSG_TITLE_FINDA_DIDNT_TRIGGERE.lto_priv.509
                0x00000000000061fa                MSG_CUT_FILAMENT
                0x0000000000006207                MSG_EJECT_FROM_MMU
                0x0000000000006216                MSG_LOADING_FILAMENT
                0x00000000000062d4                MSG_OFF
                0x00000000000062d8                MSG_ON
 .progmem.data._ZZ14xyzcal_spiral2iiiiiijaPjE3__c
                0x00000000000062db       0x38 C:\Users\SHIVAM~1\AppData\Local\Temp\ccmb3aD5.ltrans3.ltrans.o
 .progmem.data._ZL4endl.lto_priv.389
                0x0000000000006313        0x2 C:\Users\SHIVAM~1\AppData\Local\Temp\ccmb3aD5.ltrans3.ltrans.o
                0x0000000000006313                _ZL4endl.lto_priv.389
 .progmem.data._ZZ29xyzcal_scan_pixels_32x32_ZhopiiiijPhE3__c_1
                0x0000000000006315        0xf C:\Users\SHIVAM~1\AppData\Local\Temp\ccmb3aD5.ltrans3.ltrans.o
 .progmem.data._ZZ29xyzcal_scan_pixels_32x32_ZhopiiiijPhE3__c_0
                0x0000000000006324        0x4 C:\Users\SHIVAM~1\AppData\Local\Temp\ccmb3aD5.ltrans3.ltrans.o
 .progmem.data._ZZ29xyzcal_scan_pixels_32x32_ZhopiiiijPhE3__c
                0x0000000000006328       0x11 C:\Users\SHIVAM~1\AppData\Local\Temp\ccmb3aD5.ltrans3.ltrans.o
 .progmem.data._ZZ34xyzcal_find_pattern_12x12_in_32x32PhPjS_S_E3__c
                0x0000000000006339       0x24 C:\Users\SHIVAM~1\AppData\Local\Temp\ccmb3aD5.ltrans3.ltrans.o
 .progmem.data._ZZ14dynamic_circlePhRfS0_S0_hE3__c
                0x000000000000635d       0x1c C:\Users\SHIVAM~1\AppData\Local\Temp\ccmb3aD5.ltrans3.ltrans.o
 .progmem.data._ZZ17tmc2130_goto_stephhhjjE3__c
                0x0000000000006379       0x20 C:\Users\SHIVAM~1\AppData\Local\Temp\ccmb3aD5.ltrans3.ltrans.o
 .progmem2      0x0000000000006399       0x8a C:\Users\SHIVAM~1\AppData\Local\Temp\ccmb3aD5.ltrans3.ltrans.o
                0x0000000000006399                MSG_WELCOME
                0x00000000000063ae                MSG_M600
                0x0000000000006418                MSG_M24
                0x000000000000641c                MSG_M23
 .progmem.data._ZL16ramming_sequence.lto_priv.394
                0x0000000000006423       0x90 C:\Users\SHIVAM~1\AppData\Local\Temp\ccmb3aD5.ltrans3.ltrans.o
                0x0000000000006423                _ZL16ramming_sequence.lto_priv.394
 .progmem.data._ZZN4MMU213ProtocolLogic18ResetRetryAttemptsEvE3__c.lto_priv.392
                0x00000000000064b3       0x13 C:\Users\SHIVAM~1\AppData\Local\Temp\ccmb3aD5.ltrans3.ltrans.o
                0x00000000000064b3                _ZZN4MMU213ProtocolLogic18ResetRetryAttemptsEvE3__c.lto_priv.392
 .progmem.data._ZZN4MMU24MMU215manage_responseEbbE3__c_1
                0x00000000000064c6       0x16 C:\Users\SHIVAM~1\AppData\Local\Temp\ccmb3aD5.ltrans3.ltrans.o
 .progmem.data._ZZN4MMU24MMU215manage_responseEbbE3__c_0
                0x00000000000064dc       0x10 C:\Users\SHIVAM~1\AppData\Local\Temp\ccmb3aD5.ltrans3.ltrans.o
 .progmem.data._ZZN4MMU24MMU215manage_responseEbbE3__c
                0x00000000000064ec       0x18 C:\Users\SHIVAM~1\AppData\Local\Temp\ccmb3aD5.ltrans3.ltrans.o
 .progmem.data._ZZN4MMU24MMU211SaveAndParkEbE3__c
                0x0000000000006504       0x13 C:\Users\SHIVAM~1\AppData\Local\Temp\ccmb3aD5.ltrans3.ltrans.o
 .progmem.data._ZZN4MMU24MMU214SaveHotendTempEbE3__c
                0x0000000000006517       0x18 C:\Users\SHIVAM~1\AppData\Local\Temp\ccmb3aD5.ltrans3.ltrans.o
 .progmem.data._ZZN4MMU24MMU212ResumeUnparkEvE3__c
                0x000000000000652f        0xd C:\Users\SHIVAM~1\AppData\Local\Temp\ccmb3aD5.ltrans3.ltrans.o
 .progmem.data._ZZN4MMU24MMU214SetCurrentToolEhE3__c
                0x000000000000653c        0xa C:\Users\SHIVAM~1\AppData\Local\Temp\ccmb3aD5.ltrans3.ltrans.o
 .progmem.data._ZL9mmu2Magic.lto_priv.373
                0x0000000000006546        0x6 C:\Users\SHIVAM~1\AppData\Local\Temp\ccmb3aD5.ltrans3.ltrans.o
 .progmem.data._ZL15ofWritingToFile
                0x000000000000654c       0x12 C:\Users\SHIVAM~1\AppData\Local\Temp\ccmb3aD5.ltrans3.ltrans.o
 .progmem.data._ZZN10CardReader13openFileWriteEPKcE3__c
                0x000000000000655e       0x14 C:\Users\SHIVAM~1\AppData\Local\Temp\ccmb3aD5.ltrans3.ltrans.o
 .progmem.data._ZN4MMU2L13progressTextsE
                0x0000000000006572       0x3a C:\Users\SHIVAM~1\AppData\Local\Temp\ccmb3aD5.ltrans3.ltrans.o
 .progmem.data._ZZN4MMU24MMU216CheckFINDARunoutEvE3__c_0
                0x00000000000065ac        0xa C:\Users\SHIVAM~1\AppData\Local\Temp\ccmb3aD5.ltrans3.ltrans.o
 .progmem.data._ZZN4MMU24MMU216CheckFINDARunoutEvE3__c
                0x00000000000065b6       0x17 C:\Users\SHIVAM~1\AppData\Local\Temp\ccmb3aD5.ltrans3.ltrans.o
 .progmem.data._ZZN4MMU213ProtocolLogic26HandleCommunicationTimeoutEvE3__c
                0x00000000000065cd       0x16 C:\Users\SHIVAM~1\AppData\Local\Temp\ccmb3aD5.ltrans3.ltrans.o
 .progmem.data._ZZN4MMU213ProtocolLogic19HandleProtocolErrorEvE3__c
                0x00000000000065e3        0xf C:\Users\SHIVAM~1\AppData\Local\Temp\ccmb3aD5.ltrans3.ltrans.o
 .progmem.data._ZN4MMU2L21supportedMmuFWVersionE
                0x00000000000065f2        0x3 C:\Users\SHIVAM~1\AppData\Local\Temp\ccmb3aD5.ltrans3.ltrans.o
 .progmem.data._ZZN4MMU213ProtocolLogic4StepEvE3__c_1
                0x00000000000065f5       0x11 C:\Users\SHIVAM~1\AppData\Local\Temp\ccmb3aD5.ltrans3.ltrans.o
 .progmem.data._ZZN4MMU213ProtocolLogic4StepEvE3__c_0
                0x0000000000006606        0xe C:\Users\SHIVAM~1\AppData\Local\Temp\ccmb3aD5.ltrans3.ltrans.o
 .progmem.data._ZZN4MMU213ProtocolLogic4StepEvE3__c
                0x0000000000006614       0x11 C:\Users\SHIVAM~1\AppData\Local\Temp\ccmb3aD5.ltrans3.ltrans.o
 .progmem.data._ZZN4MMU24MMU29LogicStepEbE3__c
                0x0000000000006625       0x12 C:\Users\SHIVAM~1\AppData\Local\Temp\ccmb3aD5.ltrans3.ltrans.o
 .progmem.data._ZZN4MMU24MMU215RetryIfPossibleE9ErrorCodeE3__c